IMAGE=C:\Users\marsm\Downloads\mcl\mcl-sdk\hardware\dfr1154-autonomous-node\build\out\mcl-auto-node-staging.ino.bin
IMAGE_SHA256=F4F1C89BB837E9CAE0696A441138C45BD6FE8D13872AB15C833E8857D02CE8FD
IMAGE_BYTES=1274400
PORT=COM3
TARGET=0x20000 (application partition only)
esptool v5.2.0
Serial port COM3:
Connecting...
Connected to ESP32-S3 on COM3:
Chip type:          ESP32-S3 (QFN56) (revision v0.2)
Features:           Wi-Fi, BT 5 (LE), Dual Core + LP Core, 240MHz, Embedded PSRAM 8MB (AP_3v3)
Crystal frequency:  40MHz
USB mode:           USB-Serial/JTAG
MAC:                e8:f6:0a:86:7b:d8

Uploading stub flasher...
Running stub flasher...
Stub flasher running.
Changing baud rate to 921600...
Changed.

Configuring flash size...
Flash will be erased from 0x00020000 to 0x00157fff...
Compressed 1274400 bytes to 834755...

Writing at 0x00020000 [                              ]   0.0% 0/834755 bytes... 

Writing at 0x0002b758 [                              ]   2.0% 16384/834755 bytes... 

Writing at 0x00038081 [>                             ]   3.9% 32768/834755 bytes... 

Writing at 0x00041003 [>                             ]   5.9% 49152/834755 bytes... 

Writing at 0x00049635 [=>                            ]   7.9% 65536/834755 bytes... 

Writing at 0x000535f1 [=>                            ]   9.8% 81920/834755 bytes... 

Writing at 0x0005930d [==>                           ]  11.8% 98304/834755 bytes... 

Writing at 0x0005e779 [===>                          ]  13.7% 114688/834755 bytes... 

Writing at 0x000648b7 [===>                          ]  15.7% 131072/834755 bytes... 

Writing at 0x0006ac34 [====>                         ]  17.7% 147456/834755 bytes... 

Writing at 0x00070b65 [====>                         ]  19.6% 163840/834755 bytes... 

Writing at 0x00076764 [=====>                        ]  21.6% 180224/834755 bytes... 

Writing at 0x0007bfb9 [======>                       ]  23.6% 196608/834755 bytes... 

Writing at 0x00081800 [======>                       ]  25.5% 212992/834755 bytes... 

Writing at 0x000868f8 [=======>                      ]  27.5% 229376/834755 bytes... 

Writing at 0x0008bdb4 [=======>                      ]  29.4% 245760/834755 bytes... 

Writing at 0x000912b4 [========>                     ]  31.4% 262144/834755 bytes... 

Writing at 0x00096aae [=========>                    ]  33.4% 278528/834755 bytes... 

Writing at 0x0009c250 [=========>                    ]  35.3% 294912/834755 bytes... 

Writing at 0x000a18f8 [==========>                   ]  37.3% 311296/834755 bytes... 

Writing at 0x000a6c66 [==========>                   ]  39.3% 327680/834755 bytes... 

Writing at 0x000ac26b [===========>                  ]  41.2% 344064/834755 bytes... 

Writing at 0x000b20bc [===========>                  ]  43.2% 360448/834755 bytes... 

Writing at 0x000b800e [============>                 ]  45.1% 376832/834755 bytes... 

Writing at 0x000bd88b [=============>                ]  47.1% 393216/834755 bytes... 

Writing at 0x000c315a [=============>                ]  49.1% 409600/834755 bytes... 

Writing at 0x000c8f9f [==============>               ]  51.0% 425984/834755 bytes... 

Writing at 0x000ce93f [==============>               ]  53.0% 442368/834755 bytes... 

Writing at 0x000d4410 [===============>              ]  55.0% 458752/834755 bytes... 

Writing at 0x000da1be [================>             ]  56.9% 475136/834755 bytes... 

Writing at 0x000df75a [================>             ]  58.9% 491520/834755 bytes... 

Writing at 0x000e4bd7 [=================>            ]  60.8% 507904/834755 bytes... 

Writing at 0x000ea246 [=================>            ]  62.8% 524288/834755 bytes... 

Writing at 0x000ef461 [==================>           ]  64.8% 540672/834755 bytes... 

Writing at 0x000f47f8 [===================>          ]  66.7% 557056/834755 bytes... 

Writing at 0x000fa006 [===================>          ]  68.7% 573440/834755 bytes... 

Writing at 0x000ff5ec [====================>         ]  70.7% 589824/834755 bytes... 

Writing at 0x00104b75 [====================>         ]  72.6% 606208/834755 bytes... 

Writing at 0x00109f9c [=====================>        ]  74.6% 622592/834755 bytes... 

Writing at 0x0010f5ff [=====================>        ]  76.5% 638976/834755 bytes... 

Writing at 0x001154b9 [======================>       ]  78.5% 655360/834755 bytes... 

Writing at 0x0011aebf [=======================>      ]  80.5% 671744/834755 bytes... 

Writing at 0x001206cd [=======================>      ]  82.4% 688128/834755 bytes... 

Writing at 0x0012704f [========================>     ]  84.4% 704512/834755 bytes... 

Writing at 0x0012f5bb [========================>     ]  86.4% 720896/834755 bytes... 

Writing at 0x001346ee [=========================>    ]  88.3% 737280/834755 bytes... 

Writing at 0x00139e4c [==========================>   ]  90.3% 753664/834755 bytes... 

Writing at 0x001405b1 [==========================>   ]  92.2% 770048/834755 bytes... 

Writing at 0x001458c3 [===========================>  ]  94.2% 786432/834755 bytes... 

Writing at 0x0014b6a9 [===========================>  ]  96.2% 802816/834755 bytes... 

Writing at 0x001512fe [============================> ]  98.1% 819200/834755 bytes... 

Writing at 0x00157220 [==============================] 100.0% 834755/834755 bytes... 
Wrote 1274400 bytes (834755 compressed) at 0x00020000 in 11.6 seconds (880.1 kbit/s).
Verifying written data...
Hash of data verified.

Hard resetting via RTS pin...

Application partition written. Bootloader and partition table untouched.
Restore the factory application with RESTORE_DFR1154_APP.cmd when the campaign ends.
