esptool v5.2.0
Serial port COM3:
Connecting...
Connected to ESP32-S3 on COM3:
Chip type:          ESP32-S3 (QFN56) (revision v0.2)
Features:           Wi-Fi, BT 5 (LE), Dual Core + LP Core, 240MHz, Embedded PSRAM 8MB (AP_3v3)
Crystal frequency:  40MHz
USB mode:           USB-Serial/JTAG
MAC:                e8:f6:0a:86:7b:d8

Uploading stub flasher...
Running stub flasher...
Stub flasher running.
Changing baud rate to 921600...
Changed.

Configuring flash size...

Reading from 0x00021000 [                              ]   0.3% 4096/1274352 bytes... 

Reading from 0x00022000 [                              ]   0.6% 8192/1274352 bytes... 

Reading from 0x00023000 [                              ]   1.0% 12288/1274352 bytes... 

Reading from 0x00024000 [                              ]   1.3% 16384/1274352 bytes... 

Reading from 0x00025000 [                              ]   1.6% 20480/1274352 bytes... 

Reading from 0x00026000 [                              ]   1.9% 24576/1274352 bytes... 

Reading from 0x00027000 [                              ]   2.2% 28672/1274352 bytes... 

Reading from 0x00028000 [                              ]   2.6% 32768/1274352 bytes... 

Reading from 0x00029000 [                              ]   2.9% 36864/1274352 bytes... 

Reading from 0x0002a000 [                              ]   3.2% 40960/1274352 bytes... 

Reading from 0x0002b000 [>                             ]   3.5% 45056/1274352 bytes... 

Reading from 0x0002c000 [>                             ]   3.9% 49152/1274352 bytes... 

Reading from 0x0002d000 [>                             ]   4.2% 53248/1274352 bytes... 

Reading from 0x0002e000 [>                             ]   4.5% 57344/1274352 bytes... 

Reading from 0x0002f000 [>                             ]   4.8% 61440/1274352 bytes... 

Reading from 0x00030000 [>                             ]   5.1% 65536/1274352 bytes... 

Reading from 0x00031000 [>                             ]   5.5% 69632/1274352 bytes... 

Reading from 0x00032000 [>                             ]   5.8% 73728/1274352 bytes... 

Reading from 0x00033000 [>                             ]   6.1% 77824/1274352 bytes... 

Reading from 0x00034000 [>                             ]   6.4% 81920/1274352 bytes... 

Reading from 0x00035000 [=>                            ]   6.7% 86016/1274352 bytes... 

Reading from 0x00036000 [=>                            ]   7.1% 90112/1274352 bytes... 

Reading from 0x00037000 [=>                            ]   7.4% 94208/1274352 bytes... 

Reading from 0x00038000 [=>                            ]   7.7% 98304/1274352 bytes... 

Reading from 0x00039000 [=>                            ]   8.0% 102400/1274352 bytes... 

Reading from 0x0003a000 [=>                            ]   8.4% 106496/1274352 bytes... 

Reading from 0x0003b000 [=>                            ]   8.7% 110592/1274352 bytes... 

Reading from 0x0003c000 [=>                            ]   9.0% 114688/1274352 bytes... 

Reading from 0x0003d000 [=>                            ]   9.3% 118784/1274352 bytes... 

Reading from 0x0003e000 [=>                            ]   9.6% 122880/1274352 bytes... 

Reading from 0x0003f000 [=>                            ]  10.0% 126976/1274352 bytes... 

Reading from 0x00040000 [==>                           ]  10.3% 131072/1274352 bytes... 

Reading from 0x00041000 [==>                           ]  10.6% 135168/1274352 bytes... 

Reading from 0x00042000 [==>                           ]  10.9% 139264/1274352 bytes... 

Reading from 0x00043000 [==>                           ]  11.2% 143360/1274352 bytes... 

Reading from 0x00044000 [==>                           ]  11.6% 147456/1274352 bytes... 

Reading from 0x00045000 [==>                           ]  11.9% 151552/1274352 bytes... 

Reading from 0x00046000 [==>                           ]  12.2% 155648/1274352 bytes... 

Reading from 0x00047000 [==>                           ]  12.5% 159744/1274352 bytes... 

Reading from 0x00048000 [==>                           ]  12.9% 163840/1274352 bytes... 

Reading from 0x00049000 [==>                           ]  13.2% 167936/1274352 bytes... 

Reading from 0x0004a000 [===>                          ]  13.5% 172032/1274352 bytes... 

Reading from 0x0004b000 [===>                          ]  13.8% 176128/1274352 bytes... 

Reading from 0x0004c000 [===>                          ]  14.1% 180224/1274352 bytes... 

Reading from 0x0004d000 [===>                          ]  14.5% 184320/1274352 bytes... 

Reading from 0x0004e000 [===>                          ]  14.8% 188416/1274352 bytes... 

Reading from 0x0004f000 [===>                          ]  15.1% 192512/1274352 bytes... 

Reading from 0x00050000 [===>                          ]  15.4% 196608/1274352 bytes... 

Reading from 0x00051000 [===>                          ]  15.7% 200704/1274352 bytes... 

Reading from 0x00052000 [===>                          ]  16.1% 204800/1274352 bytes... 

Reading from 0x00053000 [===>                          ]  16.4% 208896/1274352 bytes... 

Reading from 0x00054000 [====>                         ]  16.7% 212992/1274352 bytes... 

Reading from 0x00055000 [====>                         ]  17.0% 217088/1274352 bytes... 

Reading from 0x00056000 [====>                         ]  17.4% 221184/1274352 bytes... 

Reading from 0x00057000 [====>                         ]  17.7% 225280/1274352 bytes... 

Reading from 0x00058000 [====>                         ]  18.0% 229376/1274352 bytes... 

Reading from 0x00059000 [====>                         ]  18.3% 233472/1274352 bytes... 

Reading from 0x0005a000 [====>                         ]  18.6% 237568/1274352 bytes... 

Reading from 0x0005b000 [====>                         ]  19.0% 241664/1274352 bytes... 

Reading from 0x0005c000 [====>                         ]  19.3% 245760/1274352 bytes... 

Reading from 0x0005d000 [====>                         ]  19.6% 249856/1274352 bytes... 

Reading from 0x0005e000 [====>                         ]  19.9% 253952/1274352 bytes... 

Reading from 0x0005f000 [=====>                        ]  20.2% 258048/1274352 bytes... 

Reading from 0x00060000 [=====>                        ]  20.6% 262144/1274352 bytes... 

Reading from 0x00061000 [=====>                        ]  20.9% 266240/1274352 bytes... 

Reading from 0x00062000 [=====>                        ]  21.2% 270336/1274352 bytes... 

Reading from 0x00063000 [=====>                        ]  21.5% 274432/1274352 bytes... 

Reading from 0x00064000 [=====>                        ]  21.9% 278528/1274352 bytes... 

Reading from 0x00065000 [=====>                        ]  22.2% 282624/1274352 bytes... 

Reading from 0x00066000 [=====>                        ]  22.5% 286720/1274352 bytes... 

Reading from 0x00067000 [=====>                        ]  22.8% 290816/1274352 bytes... 

Reading from 0x00068000 [=====>                        ]  23.1% 294912/1274352 bytes... 

Reading from 0x00069000 [======>                       ]  23.5% 299008/1274352 bytes... 

Reading from 0x0006a000 [======>                       ]  23.8% 303104/1274352 bytes... 

Reading from 0x0006b000 [======>                       ]  24.1% 307200/1274352 bytes... 

Reading from 0x0006c000 [======>                       ]  24.4% 311296/1274352 bytes... 

Reading from 0x0006d000 [======>                       ]  24.7% 315392/1274352 bytes... 

Reading from 0x0006e000 [======>                       ]  25.1% 319488/1274352 bytes... 

Reading from 0x0006f000 [======>                       ]  25.4% 323584/1274352 bytes... 

Reading from 0x00070000 [======>                       ]  25.7% 327680/1274352 bytes... 

Reading from 0x00071000 [======>                       ]  26.0% 331776/1274352 bytes... 

Reading from 0x00072000 [======>                       ]  26.4% 335872/1274352 bytes... 

Reading from 0x00073000 [=======>                      ]  26.7% 339968/1274352 bytes... 

Reading from 0x00074000 [=======>                      ]  27.0% 344064/1274352 bytes... 

Reading from 0x00075000 [=======>                      ]  27.3% 348160/1274352 bytes... 

Reading from 0x00076000 [=======>                      ]  27.6% 352256/1274352 bytes... 

Reading from 0x00077000 [=======>                      ]  28.0% 356352/1274352 bytes... 

Reading from 0x00078000 [=======>                      ]  28.3% 360448/1274352 bytes... 

Reading from 0x00079000 [=======>                      ]  28.6% 364544/1274352 bytes... 

Reading from 0x0007a000 [=======>                      ]  28.9% 368640/1274352 bytes... 

Reading from 0x0007b000 [=======>                      ]  29.2% 372736/1274352 bytes... 

Reading from 0x0007c000 [=======>                      ]  29.6% 376832/1274352 bytes... 

Reading from 0x0007d000 [=======>                      ]  29.9% 380928/1274352 bytes... 

Reading from 0x0007e000 [========>                     ]  30.2% 385024/1274352 bytes... 

Reading from 0x0007f000 [========>                     ]  30.5% 389120/1274352 bytes... 

Reading from 0x00080000 [========>                     ]  30.9% 393216/1274352 bytes... 

Reading from 0x00081000 [========>                     ]  31.2% 397312/1274352 bytes... 

Reading from 0x00082000 [========>                     ]  31.5% 401408/1274352 bytes... 

Reading from 0x00083000 [========>                     ]  31.8% 405504/1274352 bytes... 

Reading from 0x00084000 [========>                     ]  32.1% 409600/1274352 bytes... 

Reading from 0x00085000 [========>                     ]  32.5% 413696/1274352 bytes... 

Reading from 0x00086000 [========>                     ]  32.8% 417792/1274352 bytes... 

Reading from 0x00087000 [========>                     ]  33.1% 421888/1274352 bytes... 

Reading from 0x00088000 [=========>                    ]  33.4% 425984/1274352 bytes... 

Reading from 0x00089000 [=========>                    ]  33.7% 430080/1274352 bytes... 

Reading from 0x0008a000 [=========>                    ]  34.1% 434176/1274352 bytes... 

Reading from 0x0008b000 [=========>                    ]  34.4% 438272/1274352 bytes... 

Reading from 0x0008c000 [=========>                    ]  34.7% 442368/1274352 bytes... 

Reading from 0x0008d000 [=========>                    ]  35.0% 446464/1274352 bytes... 

Reading from 0x0008e000 [=========>                    ]  35.4% 450560/1274352 bytes... 

Reading from 0x0008f000 [=========>                    ]  35.7% 454656/1274352 bytes... 

Reading from 0x00090000 [=========>                    ]  36.0% 458752/1274352 bytes... 

Reading from 0x00091000 [=========>                    ]  36.3% 462848/1274352 bytes... 

Reading from 0x00092000 [=========>                    ]  36.6% 466944/1274352 bytes... 

Reading from 0x00093000 [==========>                   ]  37.0% 471040/1274352 bytes... 

Reading from 0x00094000 [==========>                   ]  37.3% 475136/1274352 bytes... 

Reading from 0x00095000 [==========>                   ]  37.6% 479232/1274352 bytes... 

Reading from 0x00096000 [==========>                   ]  37.9% 483328/1274352 bytes... 

Reading from 0x00097000 [==========>                   ]  38.2% 487424/1274352 bytes... 

Reading from 0x00098000 [==========>                   ]  38.6% 491520/1274352 bytes... 

Reading from 0x00099000 [==========>                   ]  38.9% 495616/1274352 bytes... 

Reading from 0x0009a000 [==========>                   ]  39.2% 499712/1274352 bytes... 

Reading from 0x0009b000 [==========>                   ]  39.5% 503808/1274352 bytes... 

Reading from 0x0009c000 [==========>                   ]  39.9% 507904/1274352 bytes... 

Reading from 0x0009d000 [===========>                  ]  40.2% 512000/1274352 bytes... 

Reading from 0x0009e000 [===========>                  ]  40.5% 516096/1274352 bytes... 

Reading from 0x0009f000 [===========>                  ]  40.8% 520192/1274352 bytes... 

Reading from 0x000a0000 [===========>                  ]  41.1% 524288/1274352 bytes... 

Reading from 0x000a1000 [===========>                  ]  41.5% 528384/1274352 bytes... 

Reading from 0x000a2000 [===========>                  ]  41.8% 532480/1274352 bytes... 

Reading from 0x000a3000 [===========>                  ]  42.1% 536576/1274352 bytes... 

Reading from 0x000a4000 [===========>                  ]  42.4% 540672/1274352 bytes... 

Reading from 0x000a5000 [===========>                  ]  42.7% 544768/1274352 bytes... 

Reading from 0x000a6000 [===========>                  ]  43.1% 548864/1274352 bytes... 

Reading from 0x000a7000 [============>                 ]  43.4% 552960/1274352 bytes... 

Reading from 0x000a8000 [============>                 ]  43.7% 557056/1274352 bytes... 

Reading from 0x000a9000 [============>                 ]  44.0% 561152/1274352 bytes... 

Reading from 0x000aa000 [============>                 ]  44.4% 565248/1274352 bytes... 

Reading from 0x000ab000 [============>                 ]  44.7% 569344/1274352 bytes... 

Reading from 0x000ac000 [============>                 ]  45.0% 573440/1274352 bytes... 

Hard resetting via RTS pin...
esptool : 
At line:2 char:1
+ esptool --chip esp32s3 --port COM3 --baud 921600 read-flash 0x20000 1 ...
+ ~~~~~~~~~~~~~~~~~~~~~~~~~~~~~~~~~~~~~~~~~~~~~~~~~~~~~~~~~~~~~~~~~~~~~
    + CategoryInfo          : NotSpecified: (:String) [], RemoteException
    + FullyQualifiedErrorId : NativeCommandError
 
A fatal error occurred: Corrupt data, expected 0x1000 bytes but received 0x9ec bytes.
