esptool v5.2.0
Serial port COM3:
Connecting...
Connected to ESP32-S3 on COM3:
Chip type:          ESP32-S3 (QFN56) (revision v0.2)
Features:           Wi-Fi, BT 5 (LE), Dual Core + LP Core, 240MHz, Embedded PSRAM 8MB (AP_3v3)
Crystal frequency:  40MHz
USB mode:           USB-Serial/JTAG
MAC:                e8:f6:0a:86:7b:d8

Uploading stub flasher...
Running stub flasher...
Stub flasher running.
Changing baud rate to 460800...
Changed.

Configuring flash size...

Reading from 0x00021000 [                              ]   0.3% 4096/1277952 bytes... 

Reading from 0x00022000 [                              ]   0.6% 8192/1277952 bytes... 

Reading from 0x00023000 [                              ]   1.0% 12288/1277952 bytes... 

Reading from 0x00024000 [                              ]   1.3% 16384/1277952 bytes... 

Reading from 0x00025000 [                              ]   1.6% 20480/1277952 bytes... 

Reading from 0x00026000 [                              ]   1.9% 24576/1277952 bytes... 

Reading from 0x00027000 [                              ]   2.2% 28672/1277952 bytes... 

Reading from 0x00028000 [                              ]   2.6% 32768/1277952 bytes... 

Reading from 0x00029000 [                              ]   2.9% 36864/1277952 bytes... 

Reading from 0x0002a000 [                              ]   3.2% 40960/1277952 bytes... 

Reading from 0x0002b000 [>                             ]   3.5% 45056/1277952 bytes... 

Reading from 0x0002c000 [>                             ]   3.8% 49152/1277952 bytes... 

Reading from 0x0002d000 [>                             ]   4.2% 53248/1277952 bytes... 

Reading from 0x0002e000 [>                             ]   4.5% 57344/1277952 bytes... 

Reading from 0x0002f000 [>                             ]   4.8% 61440/1277952 bytes... 

Reading from 0x00030000 [>                             ]   5.1% 65536/1277952 bytes... 

Reading from 0x00031000 [>                             ]   5.4% 69632/1277952 bytes... 

Reading from 0x00032000 [>                             ]   5.8% 73728/1277952 bytes... 

Reading from 0x00033000 [>                             ]   6.1% 77824/1277952 bytes... 

Reading from 0x00034000 [>                             ]   6.4% 81920/1277952 bytes... 

Reading from 0x00035000 [=>                            ]   6.7% 86016/1277952 bytes... 

Reading from 0x00036000 [=>                            ]   7.1% 90112/1277952 bytes... 

Reading from 0x00037000 [=>                            ]   7.4% 94208/1277952 bytes... 

Reading from 0x00038000 [=>                            ]   7.7% 98304/1277952 bytes... 

Reading from 0x00039000 [=>                            ]   8.0% 102400/1277952 bytes... 

Reading from 0x0003a000 [=>                            ]   8.3% 106496/1277952 bytes... 

Reading from 0x0003b000 [=>                            ]   8.7% 110592/1277952 bytes... 

Reading from 0x0003c000 [=>                            ]   9.0% 114688/1277952 bytes... 

Reading from 0x0003d000 [=>                            ]   9.3% 118784/1277952 bytes... 

Reading from 0x0003e000 [=>                            ]   9.6% 122880/1277952 bytes... 

Reading from 0x0003f000 [=>                            ]   9.9% 126976/1277952 bytes... 

Reading from 0x00040000 [==>                           ]  10.3% 131072/1277952 bytes... 

Reading from 0x00041000 [==>                           ]  10.6% 135168/1277952 bytes... 

Reading from 0x00042000 [==>                           ]  10.9% 139264/1277952 bytes... 

Reading from 0x00043000 [==>                           ]  11.2% 143360/1277952 bytes... 

Reading from 0x00044000 [==>                           ]  11.5% 147456/1277952 bytes... 

Reading from 0x00045000 [==>                           ]  11.9% 151552/1277952 bytes... 

Reading from 0x00046000 [==>                           ]  12.2% 155648/1277952 bytes... 

Reading from 0x00047000 [==>                           ]  12.5% 159744/1277952 bytes... 

Reading from 0x00048000 [==>                           ]  12.8% 163840/1277952 bytes... 

Reading from 0x00049000 [==>                           ]  13.1% 167936/1277952 bytes... 

Reading from 0x0004a000 [===>                          ]  13.5% 172032/1277952 bytes... 

Reading from 0x0004b000 [===>                          ]  13.8% 176128/1277952 bytes... 

Reading from 0x0004c000 [===>                          ]  14.1% 180224/1277952 bytes... 

Reading from 0x0004d000 [===>                          ]  14.4% 184320/1277952 bytes... 

Reading from 0x0004e000 [===>                          ]  14.7% 188416/1277952 bytes... 

Reading from 0x0004f000 [===>                          ]  15.1% 192512/1277952 bytes... 

Reading from 0x00050000 [===>                          ]  15.4% 196608/1277952 bytes... 

Reading from 0x00051000 [===>                          ]  15.7% 200704/1277952 bytes... 

Reading from 0x00052000 [===>                          ]  16.0% 204800/1277952 bytes... 

Reading from 0x00053000 [===>                          ]  16.3% 208896/1277952 bytes... 

Reading from 0x00054000 [====>                         ]  16.7% 212992/1277952 bytes... 

Reading from 0x00055000 [====>                         ]  17.0% 217088/1277952 bytes... 

Reading from 0x00056000 [====>                         ]  17.3% 221184/1277952 bytes... 

Reading from 0x00057000 [====>                         ]  17.6% 225280/1277952 bytes... 

Reading from 0x00058000 [====>                         ]  17.9% 229376/1277952 bytes... 

Reading from 0x00059000 [====>                         ]  18.3% 233472/1277952 bytes... 

Reading from 0x0005a000 [====>                         ]  18.6% 237568/1277952 bytes... 

Reading from 0x0005b000 [====>                         ]  18.9% 241664/1277952 bytes... 

Reading from 0x0005c000 [====>                         ]  19.2% 245760/1277952 bytes... 

Reading from 0x0005d000 [====>                         ]  19.6% 249856/1277952 bytes... 

Reading from 0x0005e000 [====>                         ]  19.9% 253952/1277952 bytes... 

Reading from 0x0005f000 [=====>                        ]  20.2% 258048/1277952 bytes... 

Reading from 0x00060000 [=====>                        ]  20.5% 262144/1277952 bytes... 

Reading from 0x00061000 [=====>                        ]  20.8% 266240/1277952 bytes... 

Reading from 0x00062000 [=====>                        ]  21.2% 270336/1277952 bytes... 

Reading from 0x00063000 [=====>                        ]  21.5% 274432/1277952 bytes... 

Reading from 0x00064000 [=====>                        ]  21.8% 278528/1277952 bytes... 

Reading from 0x00065000 [=====>                        ]  22.1% 282624/1277952 bytes... 

Reading from 0x00066000 [=====>                        ]  22.4% 286720/1277952 bytes... 

Reading from 0x00067000 [=====>                        ]  22.8% 290816/1277952 bytes... 

Reading from 0x00068000 [=====>                        ]  23.1% 294912/1277952 bytes... 

Reading from 0x00069000 [======>                       ]  23.4% 299008/1277952 bytes... 

Reading from 0x0006a000 [======>                       ]  23.7% 303104/1277952 bytes... 

Reading from 0x0006b000 [======>                       ]  24.0% 307200/1277952 bytes... 

Reading from 0x0006c000 [======>                       ]  24.4% 311296/1277952 bytes... 

Reading from 0x0006d000 [======>                       ]  24.7% 315392/1277952 bytes... 

Reading from 0x0006e000 [======>                       ]  25.0% 319488/1277952 bytes... 

Reading from 0x0006f000 [======>                       ]  25.3% 323584/1277952 bytes... 

Reading from 0x00070000 [======>                       ]  25.6% 327680/1277952 bytes... 

Reading from 0x00071000 [======>                       ]  26.0% 331776/1277952 bytes... 

Reading from 0x00072000 [======>                       ]  26.3% 335872/1277952 bytes... 

Reading from 0x00073000 [======>                       ]  26.6% 339968/1277952 bytes... 

Reading from 0x00074000 [=======>                      ]  26.9% 344064/1277952 bytes... 

Reading from 0x00075000 [=======>                      ]  27.2% 348160/1277952 bytes... 

Reading from 0x00076000 [=======>                      ]  27.6% 352256/1277952 bytes... 

Reading from 0x00077000 [=======>                      ]  27.9% 356352/1277952 bytes... 

Reading from 0x00078000 [=======>                      ]  28.2% 360448/1277952 bytes... 

Reading from 0x00079000 [=======>                      ]  28.5% 364544/1277952 bytes... 

Reading from 0x0007a000 [=======>                      ]  28.8% 368640/1277952 bytes... 

Reading from 0x0007b000 [=======>                      ]  29.2% 372736/1277952 bytes... 

Reading from 0x0007c000 [=======>                      ]  29.5% 376832/1277952 bytes... 

Reading from 0x0007d000 [=======>                      ]  29.8% 380928/1277952 bytes... 

Reading from 0x0007e000 [========>                     ]  30.1% 385024/1277952 bytes... 

Reading from 0x0007f000 [========>                     ]  30.4% 389120/1277952 bytes... 

Reading from 0x00080000 [========>                     ]  30.8% 393216/1277952 bytes... 

Reading from 0x00081000 [========>                     ]  31.1% 397312/1277952 bytes... 

Reading from 0x00082000 [========>                     ]  31.4% 401408/1277952 bytes... 

Reading from 0x00083000 [========>                     ]  31.7% 405504/1277952 bytes... 

Reading from 0x00084000 [========>                     ]  32.1% 409600/1277952 bytes... 

Reading from 0x00085000 [========>                     ]  32.4% 413696/1277952 bytes... 

Reading from 0x00086000 [========>                     ]  32.7% 417792/1277952 bytes... 

Reading from 0x00087000 [========>                     ]  33.0% 421888/1277952 bytes... 

Reading from 0x00088000 [=========>                    ]  33.3% 425984/1277952 bytes... 

Reading from 0x00089000 [=========>                    ]  33.7% 430080/1277952 bytes... 

Reading from 0x0008a000 [=========>                    ]  34.0% 434176/1277952 bytes... 

Reading from 0x0008b000 [=========>                    ]  34.3% 438272/1277952 bytes... 

Reading from 0x0008c000 [=========>                    ]  34.6% 442368/1277952 bytes... 

Reading from 0x0008d000 [=========>                    ]  34.9% 446464/1277952 bytes... 

Reading from 0x0008e000 [=========>                    ]  35.3% 450560/1277952 bytes... 

Reading from 0x0008f000 [=========>                    ]  35.6% 454656/1277952 bytes... 

Reading from 0x00090000 [=========>                    ]  35.9% 458752/1277952 bytes... 

Reading from 0x00091000 [=========>                    ]  36.2% 462848/1277952 bytes... 

Reading from 0x00092000 [=========>                    ]  36.5% 466944/1277952 bytes... 

Reading from 0x00093000 [==========>                   ]  36.9% 471040/1277952 bytes... 

Reading from 0x00094000 [==========>                   ]  37.2% 475136/1277952 bytes... 

Reading from 0x00095000 [==========>                   ]  37.5% 479232/1277952 bytes... 

Reading from 0x00096000 [==========>                   ]  37.8% 483328/1277952 bytes... 

Reading from 0x00097000 [==========>                   ]  38.1% 487424/1277952 bytes... 

Reading from 0x00098000 [==========>                   ]  38.5% 491520/1277952 bytes... 

Reading from 0x00099000 [==========>                   ]  38.8% 495616/1277952 bytes... 

Reading from 0x0009a000 [==========>                   ]  39.1% 499712/1277952 bytes... 

Reading from 0x0009b000 [==========>                   ]  39.4% 503808/1277952 bytes... 

Reading from 0x0009c000 [==========>                   ]  39.7% 507904/1277952 bytes... 

Reading from 0x0009d000 [===========>                  ]  40.1% 512000/1277952 bytes... 

Reading from 0x0009e000 [===========>                  ]  40.4% 516096/1277952 bytes... 

Reading from 0x0009f000 [===========>                  ]  40.7% 520192/1277952 bytes... 

Reading from 0x000a0000 [===========>                  ]  41.0% 524288/1277952 bytes... 

Reading from 0x000a1000 [===========>                  ]  41.3% 528384/1277952 bytes... 

Reading from 0x000a2000 [===========>                  ]  41.7% 532480/1277952 bytes... 

Reading from 0x000a3000 [===========>                  ]  42.0% 536576/1277952 bytes... 

Reading from 0x000a4000 [===========>                  ]  42.3% 540672/1277952 bytes... 

Reading from 0x000a5000 [===========>                  ]  42.6% 544768/1277952 bytes... 

Reading from 0x000a6000 [===========>                  ]  42.9% 548864/1277952 bytes... 

Reading from 0x000a7000 [===========>                  ]  43.3% 552960/1277952 bytes... 

Reading from 0x000a8000 [============>                 ]  43.6% 557056/1277952 bytes... 

Reading from 0x000a9000 [============>                 ]  43.9% 561152/1277952 bytes... 

Reading from 0x000aa000 [============>                 ]  44.2% 565248/1277952 bytes... 

Reading from 0x000ab000 [============>                 ]  44.6% 569344/1277952 bytes... 

Reading from 0x000ac000 [============>                 ]  44.9% 573440/1277952 bytes... 

Reading from 0x000ad000 [============>                 ]  45.2% 577536/1277952 bytes... 

Reading from 0x000ae000 [============>                 ]  45.5% 581632/1277952 bytes... 

Reading from 0x000af000 [============>                 ]  45.8% 585728/1277952 bytes... 

Reading from 0x000b0000 [============>                 ]  46.2% 589824/1277952 bytes... 

Reading from 0x000b1000 [============>                 ]  46.5% 593920/1277952 bytes... 

Reading from 0x000b2000 [=============>                ]  46.8% 598016/1277952 bytes... 

Reading from 0x000b3000 [=============>                ]  47.1% 602112/1277952 bytes... 

Reading from 0x000b4000 [=============>                ]  47.4% 606208/1277952 bytes... 

Reading from 0x000b5000 [=============>                ]  47.8% 610304/1277952 bytes... 

Reading from 0x000b6000 [=============>                ]  48.1% 614400/1277952 bytes... 

Reading from 0x000b7000 [=============>                ]  48.4% 618496/1277952 bytes... 

Reading from 0x000b8000 [=============>                ]  48.7% 622592/1277952 bytes... 

Reading from 0x000b9000 [=============>                ]  49.0% 626688/1277952 bytes... 

Reading from 0x000ba000 [=============>                ]  49.4% 630784/1277952 bytes... 

Reading from 0x000bb000 [=============>                ]  49.7% 634880/1277952 bytes... 

Reading from 0x000bc000 [==============>               ]  50.0% 638976/1277952 bytes... 

Reading from 0x000bd000 [==============>               ]  50.3% 643072/1277952 bytes... 

Reading from 0x000be000 [==============>               ]  50.6% 647168/1277952 bytes... 

Reading from 0x000bf000 [==============>               ]  51.0% 651264/1277952 bytes... 

Reading from 0x000c0000 [==============>               ]  51.3% 655360/1277952 bytes... 

Reading from 0x000c1000 [==============>               ]  51.6% 659456/1277952 bytes... 

Reading from 0x000c2000 [==============>               ]  51.9% 663552/1277952 bytes... 

Reading from 0x000c3000 [==============>               ]  52.2% 667648/1277952 bytes... 

Reading from 0x000c4000 [==============>               ]  52.6% 671744/1277952 bytes... 

Reading from 0x000c5000 [==============>               ]  52.9% 675840/1277952 bytes... 

Reading from 0x000c6000 [==============>               ]  53.2% 679936/1277952 bytes... 

Reading from 0x000c7000 [===============>              ]  53.5% 684032/1277952 bytes... 

Reading from 0x000c8000 [===============>              ]  53.8% 688128/1277952 bytes... 

Reading from 0x000c9000 [===============>              ]  54.2% 692224/1277952 bytes... 

Reading from 0x000ca000 [===============>              ]  54.5% 696320/1277952 bytes... 

Reading from 0x000cb000 [===============>              ]  54.8% 700416/1277952 bytes... 

Reading from 0x000cc000 [===============>              ]  55.1% 704512/1277952 bytes... 

Reading from 0x000cd000 [===============>              ]  55.4% 708608/1277952 bytes... 

Reading from 0x000ce000 [===============>              ]  55.8% 712704/1277952 bytes... 

Reading from 0x000cf000 [===============>              ]  56.1% 716800/1277952 bytes... 

Reading from 0x000d0000 [===============>              ]  56.4% 720896/1277952 bytes... 

Reading from 0x000d1000 [================>             ]  56.7% 724992/1277952 bytes... 

Reading from 0x000d2000 [================>             ]  57.1% 729088/1277952 bytes... 

Reading from 0x000d3000 [================>             ]  57.4% 733184/1277952 bytes... 

Reading from 0x000d4000 [================>             ]  57.7% 737280/1277952 bytes... 

Reading from 0x000d5000 [================>             ]  58.0% 741376/1277952 bytes... 

Reading from 0x000d6000 [================>             ]  58.3% 745472/1277952 bytes... 

Reading from 0x000d7000 [================>             ]  58.7% 749568/1277952 bytes... 

Reading from 0x000d8000 [================>             ]  59.0% 753664/1277952 bytes... 

Reading from 0x000d9000 [================>             ]  59.3% 757760/1277952 bytes... 

Reading from 0x000da000 [================>             ]  59.6% 761856/1277952 bytes... 

Hard resetting via RTS pin...
esptool : 
At line:2 char:66
+ ... 0) * 4096); esptool --chip esp32s3 --port COM3 --baud 460800 read-fla ...
+                 ~~~~~~~~~~~~~~~~~~~~~~~~~~~~~~~~~~~~~~~~~~~~~~~~~~~~~~~~~
    + CategoryInfo          : NotSpecified: (:String) [], RemoteException
    + FullyQualifiedErrorId : NativeCommandError
 
A fatal error occurred: Packet content transfer stopped 
