--------- beginning of main
09-09 04:32:30.105 31111 31111 I MCLBENCH: MCL bench up
09-09 04:32:30.106 31111 31111 I MCLBENCH: native: wire_major=1 link_major=1 scratch=76912 modem_max_payload=64
09-09 04:32:30.106 31111 31111 I MCLBENCH: source_ref=9A61AB90 provenance=LOCAL
09-09 04:32:30.106 31111 31111 I MCLBENCH: commands: adb shell am broadcast -a org.mcl.bench.CMD --es cmd "..."
09-09 04:32:30.106 31111 31111 I MCLBENCH:   emit <PRESENCE|OFFER|ACCEPT> [gain_pct]
09-09 04:32:30.106 31111 31111 I MCLBENCH:   ladder <lo> <hi> [reps]
09-09 04:32:30.106 31111 31111 I MCLBENCH:   band <lo> <hi>    listen <ms>    stop
09-09 04:32:30.106 31111 31111 I MCLBENCH:   ble on|off    adv <tokenhex>    scan <tokenhex>    blesend <hex>
09-09 04:32:30.106 31111 31111 I MCLBENCH:   machine start <initiator|responder> | admit | refuse | stop
09-09 04:32:33.054 31111 31111 I MCLBENCH: > ble on
09-09 04:32:33.061 31111 31146 I MCLBENCH: BLE ready advertiser=true scanner=true multi_adv=true
09-09 04:32:33.785 31111 31111 I MCLBENCH: > adv A5C30F17
09-09 04:32:33.785 31111 31146 I MCLBENCH: VALUE endpoint_token=A5C30F17 provenance=CONFIGURED (this run is NOT zero-prior)
09-09 04:32:33.797 31111 31146 I MCLBENCH: BLE GATT server up, MCL-RX write / MCL-TX notify
09-09 04:32:33.808 31111 31146 I MCLBENCH: BLE advertising token=A5C30F17 beacon=00000000A5C30F17
09-09 04:32:33.865 31111 31111 I MCLBENCH: BLE advertising started, tx_power=3
09-09 04:32:47.790 31111 31129 I MCLBENCH: BLE central connected: D8:80:83:CA:BA:2A
09-09 04:32:49.916 31111 31321 I MCLBENCH: BLE ATT descriptor uuid=00002902-0000-1000-8000-00805f9b34fb offset=0 prepared=false response=true bytes=0100
09-09 04:32:49.958 31111 31321 I MCLBENCH: BLE ATT write uuid=6d636c00-0002-4d43-4c00-6d636c626c65 offset=0 prepared=false response=false bytes=800102030405060708090A0B0C0D0E0F10111213
09-09 04:32:49.985 31111 31125 I MCLBENCH: BLE ATT write uuid=6d636c00-0002-4d43-4c00-6d636c626c65 offset=0 prepared=false response=false bytes=011415161718191A1B1C1D1E1F20212223242526
09-09 04:32:50.026 31111 31129 I MCLBENCH: BLE ATT write uuid=6d636c00-0002-4d43-4c00-6d636c626c65 offset=0 prepared=false response=false bytes=422728
09-09 04:32:50.026 31111 31129 I MCLBENCH: BLE frame in, 40 bytes
09-09 04:32:50.027 31111 31129 I MCLBENCH: BLE frame in 40 bytes: 0102030405060708090A0B0C0D0E0F101112131415161718191A1B1C1D1E1F202122232425262728
09-09 04:32:50.095 31111 31146 I MCLBENCH: BLE echo sent
09-09 04:32:53.108 31111 31125 I MCLBENCH: BLE ATT descriptor uuid=00002902-0000-1000-8000-00805f9b34fb offset=0 prepared=false response=true bytes=0000
09-09 04:32:56.307 31111 31321 I MCLBENCH: BLE central disconnected
09-09 04:33:09.001 31111 31126 I MCLBENCH: BLE central connected: E8:F6:0A:86:7B:D9
09-09 04:33:09.800 31111 31126 I MCLBENCH: BLE ATT descriptor uuid=00002902-0000-1000-8000-00805f9b34fb offset=0 prepared=false response=true bytes=0100
09-09 04:33:48.485 31111 31126 I MCLBENCH: BLE central disconnected
