--------- beginning of main
09-09 04:29:14.398 30082 30082 I MCLBENCH: MCL bench up
09-09 04:29:14.399 30082 30082 I MCLBENCH: native: wire_major=1 link_major=1 scratch=76912 modem_max_payload=64
09-09 04:29:14.400 30082 30082 I MCLBENCH: source_ref=D5A0F21B provenance=LOCAL
09-09 04:29:14.400 30082 30082 I MCLBENCH: commands: adb shell am broadcast -a org.mcl.bench.CMD --es cmd "..."
09-09 04:29:14.400 30082 30082 I MCLBENCH:   emit <PRESENCE|OFFER|ACCEPT> [gain_pct]
09-09 04:29:14.400 30082 30082 I MCLBENCH:   ladder <lo> <hi> [reps]
09-09 04:29:14.400 30082 30082 I MCLBENCH:   band <lo> <hi>    listen <ms>    stop
09-09 04:29:14.400 30082 30082 I MCLBENCH:   ble on|off    adv <tokenhex>    scan <tokenhex>    blesend <hex>
09-09 04:29:14.400 30082 30082 I MCLBENCH:   machine start <initiator|responder> | admit | refuse | stop
09-09 04:29:17.246 30082 30082 I MCLBENCH: > ble on
09-09 04:29:17.256 30082 30124 I MCLBENCH: BLE ready advertiser=true scanner=true multi_adv=true
09-09 04:29:17.998 30082 30082 I MCLBENCH: > adv A5C30F17
09-09 04:29:17.999 30082 30124 I MCLBENCH: VALUE endpoint_token=A5C30F17 provenance=CONFIGURED (this run is NOT zero-prior)
09-09 04:29:18.044 30082 30124 I MCLBENCH: BLE GATT server up, MCL-RX write / MCL-TX notify
09-09 04:29:18.059 30082 30124 I MCLBENCH: BLE advertising token=A5C30F17 beacon=00000000A5C30F17
09-09 04:29:18.115 30082 30082 I MCLBENCH: BLE advertising started, tx_power=3
09-09 04:29:39.277 30082 30100 I MCLBENCH: BLE central connected: D8:80:83:CA:BA:2A
09-09 04:29:41.183 30082 30104 I MCLBENCH: BLE frame in, 40 bytes
09-09 04:29:41.189 30082 30104 I MCLBENCH: BLE frame in 40 bytes: 0102030405060708090A0B0C0D0E0F101112131415161718191A1B1C1D1E1F202122232425262728
09-09 04:29:41.262 30082 30124 I MCLBENCH: BLE echo sent
09-09 04:29:47.430 30082 30753 I MCLBENCH: BLE central disconnected
