--------- beginning of main
09-09 15:53:33.289 13517 13517 I MCLBENCH: MCL bench up
09-09 15:53:33.290 13517 13517 I MCLBENCH: native: wire_major=1 link_major=1 scratch=76912 modem_max_payload=64
09-09 15:53:33.290 13517 13517 I MCLBENCH: source_ref=143C56C9 provenance=LOCAL
09-09 15:53:33.290 13517 13517 I MCLBENCH: commands: adb shell am broadcast -a org.mcl.bench.CMD --es cmd "..."
09-09 15:53:33.290 13517 13517 I MCLBENCH:   emit <PRESENCE|OFFER|ACCEPT> [gain_pct]
09-09 15:53:33.290 13517 13517 I MCLBENCH:   ladder <lo> <hi> [reps]
09-09 15:53:33.290 13517 13517 I MCLBENCH:   band <lo> <hi>    listen <ms>    stop
09-09 15:53:33.290 13517 13517 I MCLBENCH:   ble on|off    adv <tokenhex>    scan <tokenhex>    blesend <hex>
09-09 15:53:33.290 13517 13517 I MCLBENCH:   machine start <initiator|responder> | admit | refuse | stop
09-09 15:53:36.257 13517 13517 I MCLBENCH: > ble off
09-09 15:53:38.633 13517 13517 I MCLBENCH: > machine start responder
09-09 15:53:38.679 13517 13541 I MCLBENCH: AUDIO capture open, source=VOICE_RECOGNITION rate=48000
09-09 15:53:38.683 13517 13541 I MCLBENCH: MACHINE started source_ref is local; poll_ms=10
09-09 15:53:39.266 13517 13541 I MCLBENCH: AUDIO play START requested=57600 duration_ms=1200 peak=32767 rms=15828 gain=1.0 state=1 buffer_frames=57600
09-09 15:53:39.286 13517 13541 I MCLBENCH: AUDIO track PLAYING play_state=3 session=13873
09-09 15:53:40.658 13517 13541 I MCLBENCH: AUDIO played 57600 samples head=57600 underruns=1 gain=1.0
09-09 15:53:48.917 13517 13541 I MCLBENCH: AUDIO play START requested=65280 duration_ms=1360 peak=32767 rms=16858 gain=1.0 state=1 buffer_frames=65280
09-09 15:53:48.942 13517 13541 I MCLBENCH: AUDIO track PLAYING play_state=3 session=13881
09-09 15:53:50.474 13517 13541 I MCLBENCH: AUDIO played 65280 samples head=65280 underruns=1 gain=1.0
09-09 15:53:50.486 13517 13541 I MCLBENCH: BLE ready advertiser=true scanner=true multi_adv=true
09-09 15:53:50.487 13517 13541 I MCLBENCH: BLE scan stopped, matches=0 uuid_only=0
09-09 15:53:50.508 13517 13541 I MCLBENCH: BLE scanning for token=ADBDA9DC beacon=00000000ADBDA9DC
09-09 15:53:50.508 13517 13541 I MCLBENCH: MACHINE BLE-ACTIVATE scan initiated=true
09-09 15:53:55.165 13517 13541 I MCLBENCH: AUDIO play START requested=65280 duration_ms=1360 peak=32767 rms=16858 gain=1.0 state=1 buffer_frames=65280
09-09 15:53:55.183 13517 13541 I MCLBENCH: AUDIO track PLAYING play_state=3 session=13889
09-09 15:53:56.718 13517 13541 I MCLBENCH: AUDIO played 65280 samples head=65280 underruns=1 gain=1.0
09-09 15:54:26.724 13517 13541 I MCLBENCH: BLE advertising stopped
09-09 15:54:26.735 13517 13541 I MCLBENCH: BLE scan stopped, matches=0 uuid_only=0
09-09 15:54:26.735 13517 13541 I MCLBENCH: MACHINE candidate closed transport=3
09-09 15:54:27.285 13517 13541 I MCLBENCH: AUDIO play START requested=57600 duration_ms=1200 peak=32767 rms=15828 gain=1.0 state=1 buffer_frames=57600
09-09 15:54:27.303 13517 13541 I MCLBENCH: AUDIO track PLAYING play_state=3 session=13897
09-09 15:54:28.669 13517 13541 I MCLBENCH: AUDIO played 57600 samples head=57600 underruns=1 gain=1.0
09-09 15:54:33.051 13517 13541 I MCLBENCH: AUDIO play START requested=65280 duration_ms=1360 peak=32767 rms=16858 gain=1.0 state=1 buffer_frames=65280
09-09 15:54:33.069 13517 13541 I MCLBENCH: AUDIO track PLAYING play_state=3 session=13905
09-09 15:54:34.597 13517 13541 I MCLBENCH: AUDIO played 65280 samples head=65280 underruns=1 gain=1.0
09-09 15:54:34.598 13517 13541 I MCLBENCH: BLE ready advertiser=true scanner=true multi_adv=true
09-09 15:54:34.598 13517 13541 I MCLBENCH: BLE scan stopped, matches=0 uuid_only=0
09-09 15:54:34.606 13517 13541 I MCLBENCH: BLE scanning for token=4D7EB80A beacon=000000004D7EB80A
09-09 15:54:34.606 13517 13541 I MCLBENCH: MACHINE BLE-ACTIVATE scan initiated=true
09-09 15:54:40.490 13517 13541 I MCLBENCH: AUDIO play START requested=65280 duration_ms=1360 peak=32767 rms=16858 gain=1.0 state=1 buffer_frames=65280
09-09 15:54:40.514 13517 13541 I MCLBENCH: AUDIO track PLAYING play_state=3 session=13913
09-09 15:54:42.042 13517 13541 I MCLBENCH: AUDIO played 65280 samples head=65280 underruns=1 gain=1.0
09-09 15:55:12.043 13517 13541 I MCLBENCH: BLE advertising stopped
09-09 15:55:12.052 13517 13541 I MCLBENCH: BLE scan stopped, matches=0 uuid_only=0
09-09 15:55:12.052 13517 13541 I MCLBENCH: MACHINE candidate closed transport=3
09-09 15:55:12.588 13517 13541 I MCLBENCH: AUDIO play START requested=57600 duration_ms=1200 peak=32767 rms=15828 gain=1.0 state=1 buffer_frames=57600
09-09 15:55:12.609 13517 13541 I MCLBENCH: AUDIO track PLAYING play_state=3 session=13921
09-09 15:55:13.987 13517 13541 I MCLBENCH: AUDIO played 57600 samples head=57600 underruns=1 gain=1.0
09-09 15:55:22.284 13517 13541 I MCLBENCH: AUDIO play START requested=57600 duration_ms=1200 peak=32767 rms=15828 gain=1.0 state=1 buffer_frames=57600
09-09 15:55:22.304 13517 13541 I MCLBENCH: AUDIO track PLAYING play_state=3 session=13929
09-09 15:55:23.676 13517 13541 I MCLBENCH: AUDIO played 57600 samples head=57600 underruns=1 gain=1.0
09-09 15:55:29.988 13517 13541 I MCLBENCH: AUDIO play START requested=57600 duration_ms=1200 peak=32767 rms=15828 gain=1.0 state=1 buffer_frames=57600
09-09 15:55:30.008 13517 13541 I MCLBENCH: AUDIO track PLAYING play_state=3 session=13937
09-09 15:55:31.379 13517 13541 I MCLBENCH: AUDIO played 57600 samples head=57600 underruns=1 gain=1.0
09-09 15:55:40.438 13517 13541 I MCLBENCH: AUDIO play START requested=57600 duration_ms=1200 peak=32767 rms=15828 gain=1.0 state=1 buffer_frames=57600
09-09 15:55:40.466 13517 13541 I MCLBENCH: AUDIO track PLAYING play_state=3 session=13945
09-09 15:55:41.838 13517 13541 I MCLBENCH: AUDIO played 57600 samples head=57600 underruns=1 gain=1.0
09-09 15:55:50.890 13517 13541 I MCLBENCH: AUDIO play START requested=57600 duration_ms=1200 peak=32767 rms=15828 gain=1.0 state=1 buffer_frames=57600
09-09 15:55:50.912 13517 13541 I MCLBENCH: AUDIO track PLAYING play_state=3 session=13953
09-09 15:55:52.276 13517 13541 I MCLBENCH: AUDIO played 57600 samples head=57600 underruns=1 gain=1.0
09-09 15:55:59.597 13517 13541 I MCLBENCH: AUDIO play START requested=57600 duration_ms=1200 peak=32767 rms=15828 gain=1.0 state=1 buffer_frames=57600
09-09 15:55:59.611 13517 13541 I MCLBENCH: AUDIO track PLAYING play_state=3 session=13961
09-09 15:56:00.995 13517 13541 I MCLBENCH: AUDIO played 57600 samples head=57600 underruns=1 gain=1.0
09-09 15:56:08.039 13517 13541 I MCLBENCH: AUDIO play START requested=57600 duration_ms=1200 peak=32767 rms=15828 gain=1.0 state=1 buffer_frames=57600
09-09 15:56:08.059 13517 13541 I MCLBENCH: AUDIO track PLAYING play_state=3 session=13969
09-09 15:56:09.410 13517 13541 I MCLBENCH: AUDIO played 57600 samples head=57600 underruns=1 gain=1.0
