IMAGE=C:\Users\marsm\Downloads\mcl\mcl-sdk\hardware\dfr1154-autonomous-node\build\out\mcl-auto-node-staging.ino.bin
IMAGE_SHA256=DBB883E87AAAC39ABEDC81530185E43592B0AEE445B41F223888734FCBC466CE
IMAGE_BYTES=1275552
PORT=COM3
TARGET=0x20000 (application partition only)
esptool v5.2.0
Serial port COM3:
Connecting...
Connected to ESP32-S3 on COM3:
Chip type:          ESP32-S3 (QFN56) (revision v0.2)
Features:           Wi-Fi, BT 5 (LE), Dual Core + LP Core, 240MHz, Embedded PSRAM 8MB (AP_3v3)
Crystal frequency:  40MHz
USB mode:           USB-Serial/JTAG
MAC:                e8:f6:0a:86:7b:d8

Uploading stub flasher...
Running stub flasher...
Stub flasher running.
Changing baud rate to 921600...
Changed.

Configuring flash size...
Flash will be erased from 0x00020000 to 0x00157fff...
Compressed 1275552 bytes to 835411...

Writing at 0x00020000 [                              ]   0.0% 0/835411 bytes... 

Writing at 0x0002b6cf [                              ]   2.0% 16384/835411 bytes... 

Writing at 0x000380aa [>                             ]   3.9% 32768/835411 bytes... 

Writing at 0x00041097 [>                             ]   5.9% 49152/835411 bytes... 

Writing at 0x00049572 [=>                            ]   7.8% 65536/835411 bytes... 

Writing at 0x000534e8 [=>                            ]   9.8% 81920/835411 bytes... 

Writing at 0x000592f8 [==>                           ]  11.8% 98304/835411 bytes... 

Writing at 0x0005e6d6 [===>                          ]  13.7% 114688/835411 bytes... 

Writing at 0x000647d7 [===>                          ]  15.7% 131072/835411 bytes... 

Writing at 0x0006aacc [====>                         ]  17.7% 147456/835411 bytes... 

Writing at 0x00070b00 [====>                         ]  19.6% 163840/835411 bytes... 

Writing at 0x000766e0 [=====>                        ]  21.6% 180224/835411 bytes... 

Writing at 0x0007bfca [======>                       ]  23.5% 196608/835411 bytes... 

Writing at 0x0008181c [======>                       ]  25.5% 212992/835411 bytes... 

Writing at 0x00086924 [=======>                      ]  27.5% 229376/835411 bytes... 

Writing at 0x0008bdeb [=======>                      ]  29.4% 245760/835411 bytes... 

Writing at 0x00091259 [========>                     ]  31.4% 262144/835411 bytes... 

Writing at 0x00096aae [=========>                    ]  33.3% 278528/835411 bytes... 

Writing at 0x0009c26d [=========>                    ]  35.3% 294912/835411 bytes... 

Writing at 0x000a190f [==========>                   ]  37.3% 311296/835411 bytes... 

Writing at 0x000a6c8a [==========>                   ]  39.2% 327680/835411 bytes... 

Writing at 0x000ac0f9 [===========>                  ]  41.2% 344064/835411 bytes... 

Writing at 0x000b2002 [===========>                  ]  43.1% 360448/835411 bytes... 

Writing at 0x000b7f67 [============>                 ]  45.1% 376832/835411 bytes... 

Writing at 0x000bd835 [=============>                ]  47.1% 393216/835411 bytes... 

Writing at 0x000c3158 [=============>                ]  49.0% 409600/835411 bytes... 

Writing at 0x000c8fed [==============>               ]  51.0% 425984/835411 bytes... 

Writing at 0x000ce9a5 [==============>               ]  53.0% 442368/835411 bytes... 

Writing at 0x000d43e9 [===============>              ]  54.9% 458752/835411 bytes... 

Writing at 0x000da155 [================>             ]  56.9% 475136/835411 bytes... 

Writing at 0x000df773 [================>             ]  58.8% 491520/835411 bytes... 

Writing at 0x000e4bf8 [=================>            ]  60.8% 507904/835411 bytes... 

Writing at 0x000ea2c6 [=================>            ]  62.8% 524288/835411 bytes... 

Writing at 0x000ef4b2 [==================>           ]  64.7% 540672/835411 bytes... 

Writing at 0x000f485a [===================>          ]  66.7% 557056/835411 bytes... 

Writing at 0x000fa087 [===================>          ]  68.6% 573440/835411 bytes... 

Writing at 0x000ff62d [====================>         ]  70.6% 589824/835411 bytes... 

Writing at 0x00104c11 [====================>         ]  72.6% 606208/835411 bytes... 

Writing at 0x00109fef [=====================>        ]  74.5% 622592/835411 bytes... 

Writing at 0x0010f659 [=====================>        ]  76.5% 638976/835411 bytes... 

Writing at 0x001154e0 [======================>       ]  78.4% 655360/835411 bytes... 

Writing at 0x0011af9d [=======================>      ]  80.4% 671744/835411 bytes... 

Writing at 0x00120773 [=======================>      ]  82.4% 688128/835411 bytes... 

Writing at 0x00126f6a [========================>     ]  84.3% 704512/835411 bytes... 

Writing at 0x0012f647 [========================>     ]  86.3% 720896/835411 bytes... 

Writing at 0x0013479c [=========================>    ]  88.3% 737280/835411 bytes... 

Writing at 0x00139e56 [==========================>   ]  90.2% 753664/835411 bytes... 

Writing at 0x001406a1 [==========================>   ]  92.2% 770048/835411 bytes... 

Writing at 0x001459c0 [===========================>  ]  94.1% 786432/835411 bytes... 

Writing at 0x0014b72f [===========================>  ]  96.1% 802816/835411 bytes... 

Writing at 0x001513ae [============================> ]  98.1% 819200/835411 bytes... 

Writing at 0x001576a0 [==============================] 100.0% 835411/835411 bytes... 
Wrote 1275552 bytes (835411 compressed) at 0x00020000 in 11.6 seconds (883.1 kbit/s).
Verifying written data...
Hash of data verified.

Hard resetting via RTS pin...

Application partition written. Bootloader and partition table untouched.
Restore the factory application with RESTORE_DFR1154_APP.cmd when the campaign ends.
