--------- beginning of main
09-09 21:05:23.896 11369 11369 I MCLBENCH: MCL bench up
09-09 21:05:23.899 11369 11369 I MCLBENCH: native: wire_major=1 link_major=1 scratch=76912 modem_max_payload=64
09-09 21:05:23.899 11369 11369 I MCLBENCH: source_ref=2F8ED255 provenance=LOCAL
09-09 21:05:23.899 11369 11369 I MCLBENCH: commands: adb shell am broadcast -a org.mcl.bench.CMD --es cmd "..."
09-09 21:05:23.899 11369 11369 I MCLBENCH:   emit <PRESENCE|OFFER|ACCEPT> [gain_pct]
09-09 21:05:23.899 11369 11369 I MCLBENCH:   ladder <lo> <hi> [reps]
09-09 21:05:23.899 11369 11369 I MCLBENCH:   band <lo> <hi>    listen <ms>    stop
09-09 21:05:23.899 11369 11369 I MCLBENCH:   ble on|off    adv <tokenhex>    scan <tokenhex>    blesend <hex>
09-09 21:05:23.899 11369 11369 I MCLBENCH:   machine start <initiator|responder> | admit | refuse | stop
09-09 21:05:27.375 11369 11369 I MCLBENCH: > machine start initiator
09-09 21:05:27.440 11369 11395 I MCLBENCH: AUDIO capture open, source=VOICE_RECOGNITION rate=48000
09-09 21:05:27.441 11369 11395 I MCLBENCH: MACHINE started source_ref is local; poll_ms=10
09-09 21:05:27.604 11369 11395 I MCLBENCH: AUDIO play START requested=57600 duration_ms=1200 peak=32767 rms=15828 gain=1.0 state=1 buffer_frames=57600
09-09 21:05:27.623 11369 11395 I MCLBENCH: AUDIO track PLAYING play_state=3 session=16457
09-09 21:05:28.997 11369 11395 I MCLBENCH: AUDIO played 57600 samples head=57600 underruns=1 gain=1.0
09-09 21:05:36.365 11369 11395 I MCLBENCH: AUDIO play START requested=57600 duration_ms=1200 peak=32767 rms=15828 gain=1.0 state=1 buffer_frames=57600
09-09 21:05:36.386 11369 11395 I MCLBENCH: AUDIO track PLAYING play_state=3 session=16465
09-09 21:05:37.755 11369 11395 I MCLBENCH: AUDIO played 57600 samples head=57600 underruns=1 gain=1.0
09-09 21:05:44.819 11369 11395 I MCLBENCH: AUDIO play START requested=57600 duration_ms=1200 peak=32767 rms=15828 gain=1.0 state=1 buffer_frames=57600
09-09 21:05:44.837 11369 11395 I MCLBENCH: AUDIO track PLAYING play_state=3 session=16473
09-09 21:05:46.206 11369 11395 I MCLBENCH: AUDIO played 57600 samples head=57600 underruns=1 gain=1.0
09-09 21:05:53.257 11369 11395 I MCLBENCH: AUDIO play START requested=57600 duration_ms=1200 peak=32767 rms=15828 gain=1.0 state=1 buffer_frames=57600
09-09 21:05:53.271 11369 11395 I MCLBENCH: AUDIO track PLAYING play_state=3 session=16481
09-09 21:05:54.637 11369 11395 I MCLBENCH: AUDIO played 57600 samples head=57600 underruns=1 gain=1.0
09-09 21:06:03.705 11369 11395 I MCLBENCH: AUDIO play START requested=57600 duration_ms=1200 peak=32767 rms=15828 gain=1.0 state=1 buffer_frames=57600
09-09 21:06:03.724 11369 11395 I MCLBENCH: AUDIO track PLAYING play_state=3 session=16489
09-09 21:06:05.102 11369 11395 I MCLBENCH: AUDIO played 57600 samples head=57600 underruns=1 gain=1.0
09-09 21:06:09.587 11369 11395 I MCLBENCH: AUDIO play START requested=65280 duration_ms=1360 peak=32767 rms=16858 gain=1.0 state=1 buffer_frames=65280
09-09 21:06:09.612 11369 11395 I MCLBENCH: AUDIO track PLAYING play_state=3 session=16497
09-09 21:06:11.139 11369 11395 I MCLBENCH: AUDIO played 65280 samples head=65280 underruns=1 gain=1.0
09-09 21:06:11.150 11369 11395 I MCLBENCH: BLE ready advertiser=true scanner=true multi_adv=true
09-09 21:06:11.151 11369 11395 I MCLBENCH: BLE scan stopped, matches=0 uuid_only=0
09-09 21:06:11.179 11369 11395 I MCLBENCH: BLE scanning for token=59BFCC03 beacon=0000000059BFCC03
09-09 21:06:11.179 11369 11395 I MCLBENCH: MACHINE BLE-ACTIVATE scan initiated=true
09-09 21:06:11.610 11369 11369 I MCLBENCH: BLE scan MATCH addr=E8:F6:0A:86:7B:D9 rssi=-18 raw=1921656C626C636D004C434D0100006C636D0000000059BFCC03000000000000000000000000000000000000000000000000000000000000000000000000
09-09 21:06:11.616 11369 11369 I MCLBENCH: BLE scan stopped, matches=1 uuid_only=0
09-09 21:06:11.630 11369 11369 I MCLBENCH: BLE connecting to E8:F6:0A:86:7B:D9
09-09 21:06:11.997 11369 11383 I MCLBENCH: BLE connected as central, discovering
09-09 21:06:12.707 11369 11671 I MCLBENCH: BLE candidate subscription status=0 ready=true
09-09 21:06:12.711 11369 11671 I MCLBENCH: BLE frame in, 34 bytes
09-09 21:06:12.711 11369 11395 I MCLBENCH: MACHINE event=2 transport=3 profile=1 peer_ref=AFC28462 session_ref=7AFC48AB status=0 ACTION=machine admit|refuse
HOST policy admit only after POLICY_REQUIRED; adb_rc=0
09-09 21:06:12.712 11369 11395 I MCLBENCH: MACHINE candidate ready status=3
09-09 21:06:12.722 11369 11395 I MCLBENCH: BLE advertising stopped
09-09 21:06:12.722 11369 11395 I MCLBENCH: BLE scan stopped, matches=1 uuid_only=0
09-09 21:06:12.726 11369 11395 I MCLBENCH: MACHINE candidate closed transport=3
09-09 21:06:13.329 11369 11369 I MCLBENCH: > machine admit
09-09 21:06:13.330 11369 11395 I MCLBENCH: BLE send refused: candidate is not subscribed
09-09 21:06:13.330 11369 11395 I MCLBENCH: MACHINE policy admit status=0
09-09 21:06:45.888 11369 11395 I MCLBENCH: AUDIO play START requested=57600 duration_ms=1200 peak=32767 rms=15828 gain=1.0 state=1 buffer_frames=57600
09-09 21:06:45.905 11369 11395 I MCLBENCH: AUDIO track PLAYING play_state=3 session=16505
09-09 21:06:47.276 11369 11395 I MCLBENCH: AUDIO played 57600 samples head=57600 underruns=1 gain=1.0
09-09 21:06:56.586 11369 11395 I MCLBENCH: AUDIO play START requested=57600 duration_ms=1200 peak=32767 rms=15828 gain=1.0 state=1 buffer_frames=57600
09-09 21:06:56.601 11369 11395 I MCLBENCH: AUDIO track PLAYING play_state=3 session=16513
09-09 21:06:57.973 11369 11395 I MCLBENCH: AUDIO played 57600 samples head=57600 underruns=1 gain=1.0
09-09 21:07:06.044 11369 11395 I MCLBENCH: AUDIO play START requested=57600 duration_ms=1200 peak=32767 rms=15828 gain=1.0 state=1 buffer_frames=57600
09-09 21:07:06.065 11369 11395 I MCLBENCH: AUDIO track PLAYING play_state=3 session=16521
09-09 21:07:07.436 11369 11395 I MCLBENCH: AUDIO played 57600 samples head=57600 underruns=1 gain=1.0
09-09 21:07:16.004 11369 11395 I MCLBENCH: AUDIO track PLAYING play_state=3 session=16529
09-09 21:07:17.379 11369 11395 I MCLBENCH: AUDIO played 57600 samples head=57600 underruns=1 gain=1.0
09-09 21:07:26.441 11369 11395 I MCLBENCH: AUDIO play START requested=57600 duration_ms=1200 peak=32767 rms=15828 gain=1.0 state=1 buffer_frames=57600
09-09 21:07:26.462 11369 11395 I MCLBENCH: AUDIO track PLAYING play_state=3 session=16537
09-09 21:07:27.791 11369 11395 I MCLBENCH: AUDIO played 57600 samples head=57600 underruns=1 gain=1.0
