--------- beginning of main
09-09 21:08:51.276 12249 12249 I MCLBENCH: MCL bench up
09-09 21:08:51.277 12249 12249 I MCLBENCH: native: wire_major=1 link_major=1 scratch=76912 modem_max_payload=64
09-09 21:08:51.277 12249 12249 I MCLBENCH: source_ref=194D6314 provenance=LOCAL
09-09 21:08:51.277 12249 12249 I MCLBENCH: commands: adb shell am broadcast -a org.mcl.bench.CMD --es cmd "..."
09-09 21:08:51.277 12249 12249 I MCLBENCH:   emit <PRESENCE|OFFER|ACCEPT> [gain_pct]
09-09 21:08:51.277 12249 12249 I MCLBENCH:   ladder <lo> <hi> [reps]
09-09 21:08:51.277 12249 12249 I MCLBENCH:   band <lo> <hi>    listen <ms>    stop
09-09 21:08:51.277 12249 12249 I MCLBENCH:   ble on|off    adv <tokenhex>    scan <tokenhex>    blesend <hex>
09-09 21:08:51.277 12249 12249 I MCLBENCH:   machine start <initiator|responder> | admit | refuse | stop
09-09 21:08:54.177 12249 12249 I MCLBENCH: > machine start responder
09-09 21:08:54.226 12249 12288 I MCLBENCH: AUDIO capture open, source=VOICE_RECOGNITION rate=48000
09-09 21:08:54.228 12249 12288 I MCLBENCH: MACHINE started source_ref is local; poll_ms=10
09-09 21:08:54.791 12249 12288 I MCLBENCH: AUDIO play START requested=57600 duration_ms=1200 peak=32767 rms=15828 gain=1.0 state=1 buffer_frames=57600
09-09 21:08:54.807 12249 12288 I MCLBENCH: AUDIO track PLAYING play_state=3 session=16553
09-09 21:08:56.186 12249 12288 I MCLBENCH: AUDIO played 57600 samples head=57600 underruns=1 gain=1.0
09-09 21:09:03.308 12249 12288 I MCLBENCH: AUDIO play START requested=57600 duration_ms=1200 peak=32767 rms=15828 gain=1.0 state=1 buffer_frames=57600
09-09 21:09:03.329 12249 12288 I MCLBENCH: AUDIO track PLAYING play_state=3 session=16561
09-09 21:09:04.704 12249 12288 I MCLBENCH: AUDIO played 57600 samples head=57600 underruns=1 gain=1.0
09-09 21:09:11.895 12249 12288 I MCLBENCH: MACHINE event=1 transport=1 profile=0 peer_ref=9608274E session_ref=00000000 status=0
09-09 21:09:14.708 12249 12288 I MCLBENCH: AUDIO play START requested=66560 duration_ms=1386 peak=32767 rms=17002 gain=1.0 state=1 buffer_frames=66560
09-09 21:09:14.724 12249 12288 I MCLBENCH: AUDIO track PLAYING play_state=3 session=16569
09-09 21:09:16.301 12249 12288 I MCLBENCH: AUDIO played 66560 samples head=66560 underruns=1 gain=1.0
09-09 21:09:19.962 12249 12288 I MCLBENCH: BLE ready advertiser=true scanner=true multi_adv=true
09-09 21:09:19.990 12249 12288 I MCLBENCH: BLE GATT server up, MCL-RX write / MCL-TX notify
09-09 21:09:20.000 12249 12288 I MCLBENCH: BLE advertising token=1BAEFDEA beacon=000000001BAEFDEA
09-09 21:09:20.000 12249 12288 I MCLBENCH: MACHINE BLE-ACTIVATE advertise initiated=true
09-09 21:09:20.036 12249 12249 I MCLBENCH: BLE advertising started, tx_power=3
09-09 21:09:21.210 12249 12266 I MCLBENCH: BLE central connected: E8:F6:0A:86:7B:D9
09-09 21:09:21.960 12249 12266 I MCLBENCH: BLE ATT descriptor uuid=00002902-0000-1000-8000-00805f9b34fb offset=0 prepared=false response=true bytes=0100
09-09 21:09:21.966 12249 12266 I MCLBENCH: BLE candidate ready as peripheral after notification subscription
09-09 21:09:22.018 12249 12288 I MCLBENCH: MACHINE candidate ready status=0
09-09 21:09:22.112 12249 12261 I MCLBENCH: BLE ATT write uuid=6d636c00-0002-4d43-4c00-6d636c626c65 offset=0 prepared=false response=false bytes=8008129608274EE54DB40700120002EACE0480E5
09-09 21:09:22.114 12249 12261 I MCLBENCH: BLE ATT write uuid=6d636c00-0002-4d43-4c00-6d636c626c65 offset=0 prepared=false response=false bytes=414DB4075F8BDD84DD98F0F4D4D791B8
09-09 21:09:22.115 12249 12261 I MCLBENCH: BLE frame in, 34 bytes
09-09 21:09:22.126 12249 12288 I MCLBENCH: MACHINE event=2 transport=3 profile=1 peer_ref=9608274E session_ref=E54DB407 status=0 ACTION=machine admit|refuse
HOST policy admit only after POLICY_REQUIRED; adb_rc=0
09-09 21:09:22.350 12249 12249 I MCLBENCH: > machine admit
09-09 21:09:22.396 12249 12288 I MCLBENCH: MACHINE policy admit status=0
09-09 21:09:22.512 12249 12266 I MCLBENCH: BLE ATT write uuid=6d636c00-0002-4d43-4c00-6d636c626c65 offset=0 prepared=false response=false bytes=8008129608274EE54DB407000A0004EACE0480E5
09-09 21:09:22.513 12249 12266 I MCLBENCH: BLE ATT write uuid=6d636c00-0002-4d43-4c00-6d636c626c65 offset=0 prepared=false response=false bytes=414DB407E1B721EA
09-09 21:09:22.513 12249 12266 I MCLBENCH: BLE frame in, 26 bytes
09-09 21:09:22.514 12249 12288 I MCLBENCH: MACHINE event=3 transport=3 profile=1 peer_ref=9608274E session_ref=E54DB407 status=0
09-09 21:10:19.544 12249 12266 I MCLBENCH: BLE central disconnected
