--------- beginning of main
09-09 04:35:40.569 31472 31472 I MCLBENCH: MCL bench up
09-09 04:35:40.570 31472 31472 I MCLBENCH: native: wire_major=1 link_major=1 scratch=76912 modem_max_payload=64
09-09 04:35:40.570 31472 31472 I MCLBENCH: source_ref=9D29C279 provenance=LOCAL
09-09 04:35:40.570 31472 31472 I MCLBENCH: commands: adb shell am broadcast -a org.mcl.bench.CMD --es cmd "..."
09-09 04:35:40.570 31472 31472 I MCLBENCH:   emit <PRESENCE|OFFER|ACCEPT> [gain_pct]
09-09 04:35:40.570 31472 31472 I MCLBENCH:   ladder <lo> <hi> [reps]
09-09 04:35:40.570 31472 31472 I MCLBENCH:   band <lo> <hi>    listen <ms>    stop
09-09 04:35:40.570 31472 31472 I MCLBENCH:   ble on|off    adv <tokenhex>    scan <tokenhex>    blesend <hex>
09-09 04:35:40.570 31472 31472 I MCLBENCH:   machine start <initiator|responder> | admit | refuse | stop
09-09 04:35:43.501 31472 31472 I MCLBENCH: > ble on
09-09 04:35:43.506 31472 31500 I MCLBENCH: BLE ready advertiser=true scanner=true multi_adv=true
09-09 04:35:44.249 31472 31472 I MCLBENCH: > adv A5C30F17
09-09 04:35:44.250 31472 31500 I MCLBENCH: VALUE endpoint_token=A5C30F17 provenance=CONFIGURED (this run is NOT zero-prior)
09-09 04:35:44.260 31472 31500 I MCLBENCH: BLE GATT server up, MCL-RX write / MCL-TX notify
09-09 04:35:44.270 31472 31500 I MCLBENCH: BLE advertising token=A5C30F17 beacon=00000000A5C30F17
09-09 04:35:44.313 31472 31472 I MCLBENCH: BLE advertising started, tx_power=3
09-09 04:36:01.076 31472 31489 I MCLBENCH: BLE central connected: E8:F6:0A:86:7B:D9
09-09 04:36:01.923 31472 31486 I MCLBENCH: BLE ATT descriptor uuid=00002902-0000-1000-8000-00805f9b34fb offset=0 prepared=false response=true bytes=0100
09-09 04:36:34.579 31472 31472 I MCLBENCH: > blesend DEADBEEF
09-09 04:36:34.682 31472 31513 I MCLBENCH: BLE central disconnected
