--------- beginning of main
09-09 05:30:53.921 19884 19884 I MCLBENCH: MCL bench up
09-09 05:30:53.922 19884 19884 I MCLBENCH: native: wire_major=1 link_major=1 scratch=76912 modem_max_payload=64
09-09 05:30:53.922 19884 19884 I MCLBENCH: source_ref=36B3DB6F provenance=LOCAL
09-09 05:30:53.922 19884 19884 I MCLBENCH: commands: adb shell am broadcast -a org.mcl.bench.CMD --es cmd "..."
09-09 05:30:53.922 19884 19884 I MCLBENCH:   emit <PRESENCE|OFFER|ACCEPT> [gain_pct]
09-09 05:30:53.922 19884 19884 I MCLBENCH:   ladder <lo> <hi> [reps]
09-09 05:30:53.922 19884 19884 I MCLBENCH:   band <lo> <hi>    listen <ms>    stop
09-09 05:30:53.922 19884 19884 I MCLBENCH:   ble on|off    adv <tokenhex>    scan <tokenhex>    blesend <hex>
09-09 05:30:53.922 19884 19884 I MCLBENCH:   machine start <initiator|responder> | admit | refuse | stop
09-09 05:30:56.810 19884 19884 I MCLBENCH: > ble off
09-09 05:30:59.276 19884 19884 I MCLBENCH: > machine start responder
09-09 05:30:59.331 19884 19920 I MCLBENCH: AUDIO capture open, source=VOICE_RECOGNITION rate=48000
09-09 05:30:59.332 19884 19920 I MCLBENCH: MACHINE started source_ref is local; poll_ms=10
09-09 05:31:01.919 19884 19920 I MCLBENCH: AUDIO play START requested=57600 duration_ms=1200 peak=32767 rms=15828 gain=1.0 state=1 buffer_frames=57600
09-09 05:31:02.003 19884 19920 I MCLBENCH: AUDIO track PLAYING play_state=3 session=12305
09-09 05:31:03.371 19884 19920 I MCLBENCH: AUDIO played 57600 samples head=57600 underruns=1 gain=1.0
09-09 05:31:09.726 19884 19920 I MCLBENCH: AUDIO play START requested=57600 duration_ms=1200 peak=32767 rms=15828 gain=1.0 state=1 buffer_frames=57600
09-09 05:31:09.811 19884 19920 I MCLBENCH: AUDIO track PLAYING play_state=3 session=12313
09-09 05:31:11.174 19884 19920 I MCLBENCH: AUDIO played 57600 samples head=57600 underruns=1 gain=1.0
09-09 05:31:15.395 19884 19920 I MCLBENCH: AUDIO play START requested=65280 duration_ms=1360 peak=32767 rms=16858 gain=1.0 state=1 buffer_frames=65280
09-09 05:31:15.474 19884 19920 I MCLBENCH: AUDIO track PLAYING play_state=3 session=12321
09-09 05:31:17.004 19884 19920 I MCLBENCH: AUDIO played 65280 samples head=65280 underruns=1 gain=1.0
09-09 05:31:17.013 19884 19920 I MCLBENCH: BLE ready advertiser=true scanner=true multi_adv=true
09-09 05:31:17.025 19884 19920 I MCLBENCH: BLE scanning for token=0D610B37 beacon=000000000D610B37
09-09 05:31:17.026 19884 19920 I MCLBENCH: MACHINE BLE-ACTIVATE scan initiated=true
09-09 05:31:17.463 19884 19884 I MCLBENCH: BLE scan MATCH addr=E8:F6:0A:86:7B:D9 rssi=-39 raw=1921656C626C636D004C434D0100006C636D000000000D610B37000000000000000000000000000000000000000000000000000000000000000000000000
09-09 05:31:17.469 19884 19884 I MCLBENCH: BLE scan stopped, matches=1 uuid_only=0
09-09 05:31:17.478 19884 19884 I MCLBENCH: BLE connecting to E8:F6:0A:86:7B:D9
09-09 05:31:18.354 19884 19905 I MCLBENCH: BLE central link down, status=62
09-09 05:31:45.346 19884 19920 I MCLBENCH: BLE advertising stopped
09-09 05:31:45.347 19884 19920 I MCLBENCH: BLE scan stopped, matches=1 uuid_only=0
09-09 05:31:45.358 19884 19920 I MCLBENCH: MACHINE candidate closed transport=3
09-09 05:31:45.904 19884 19920 I MCLBENCH: AUDIO play START requested=57600 duration_ms=1200 peak=32767 rms=15828 gain=1.0 state=1 buffer_frames=57600
09-09 05:31:45.987 19884 19920 I MCLBENCH: AUDIO track PLAYING play_state=3 session=12329
09-09 05:31:47.363 19884 19920 I MCLBENCH: AUDIO played 57600 samples head=57600 underruns=1 gain=1.0
09-09 05:31:54.659 19884 19920 I MCLBENCH: AUDIO play START requested=57600 duration_ms=1200 peak=32767 rms=15828 gain=1.0 state=1 buffer_frames=57600
09-09 05:31:54.742 19884 19920 I MCLBENCH: AUDIO track PLAYING play_state=3 session=12337
09-09 05:31:56.116 19884 19920 I MCLBENCH: AUDIO played 57600 samples head=57600 underruns=1 gain=1.0
09-09 05:32:02.698 19884 19920 I MCLBENCH: MACHINE event=1 transport=1 profile=0 peer_ref=B7C3BFD8 session_ref=00000000 status=0
09-09 05:32:03.013 19884 19920 I MCLBENCH: AUDIO play START requested=66560 duration_ms=1386 peak=32767 rms=17002 gain=1.0 state=1 buffer_frames=66560
09-09 05:32:03.092 19884 19920 I MCLBENCH: AUDIO track PLAYING play_state=3 session=12345
09-09 05:32:04.661 19884 19920 I MCLBENCH: AUDIO played 66560 samples head=66560 underruns=1 gain=1.0
09-09 05:32:09.010 19884 19920 I MCLBENCH: AUDIO play START requested=66560 duration_ms=1386 peak=32767 rms=17002 gain=1.0 state=1 buffer_frames=66560
09-09 05:32:09.091 19884 19920 I MCLBENCH: AUDIO track PLAYING play_state=3 session=12353
09-09 05:32:10.650 19884 19920 I MCLBENCH: AUDIO played 66560 samples head=66560 underruns=1 gain=1.0
09-09 05:32:15.045 19884 19920 I MCLBENCH: AUDIO play START requested=66560 duration_ms=1386 peak=32767 rms=17002 gain=1.0 state=1 buffer_frames=66560
09-09 05:32:15.125 19884 19920 I MCLBENCH: AUDIO track PLAYING play_state=3 session=12361
09-09 05:32:16.699 19884 19920 I MCLBENCH: AUDIO played 66560 samples head=66560 underruns=1 gain=1.0
09-09 05:32:21.065 19884 19920 I MCLBENCH: AUDIO play START requested=66560 duration_ms=1386 peak=32767 rms=17002 gain=1.0 state=1 buffer_frames=66560
09-09 05:32:21.148 19884 19920 I MCLBENCH: AUDIO track PLAYING play_state=3 session=12369
09-09 05:32:22.717 19884 19920 I MCLBENCH: AUDIO played 66560 samples head=66560 underruns=1 gain=1.0
09-09 05:32:27.060 19884 19920 I MCLBENCH: AUDIO play START requested=66560 duration_ms=1386 peak=32767 rms=17002 gain=1.0 state=1 buffer_frames=66560
09-09 05:32:27.143 19884 19920 I MCLBENCH: AUDIO track PLAYING play_state=3 session=12377
09-09 05:32:28.696 19884 19920 I MCLBENCH: AUDIO played 66560 samples head=66560 underruns=1 gain=1.0
09-09 05:32:33.103 19884 19920 I MCLBENCH: AUDIO play START requested=66560 duration_ms=1386 peak=32767 rms=17002 gain=1.0 state=1 buffer_frames=66560
09-09 05:32:33.190 19884 19920 I MCLBENCH: AUDIO track PLAYING play_state=3 session=12385
09-09 05:32:34.758 19884 19920 I MCLBENCH: AUDIO played 66560 samples head=66560 underruns=1 gain=1.0
