--------- beginning of main
09-09 05:20:56.436 17825 17825 I MCLBENCH: MCL bench up
09-09 05:20:56.437 17825 17825 I MCLBENCH: native: wire_major=1 link_major=1 scratch=76912 modem_max_payload=64
09-09 05:20:56.437 17825 17825 I MCLBENCH: source_ref=BCB2E585 provenance=LOCAL
09-09 05:20:56.437 17825 17825 I MCLBENCH: commands: adb shell am broadcast -a org.mcl.bench.CMD --es cmd "..."
09-09 05:20:56.437 17825 17825 I MCLBENCH:   emit <PRESENCE|OFFER|ACCEPT> [gain_pct]
09-09 05:20:56.437 17825 17825 I MCLBENCH:   ladder <lo> <hi> [reps]
09-09 05:20:56.437 17825 17825 I MCLBENCH:   band <lo> <hi>    listen <ms>    stop
09-09 05:20:56.437 17825 17825 I MCLBENCH:   ble on|off    adv <tokenhex>    scan <tokenhex>    blesend <hex>
09-09 05:20:56.437 17825 17825 I MCLBENCH:   machine start <initiator|responder> | admit | refuse | stop
09-09 05:20:59.372 17825 17825 I MCLBENCH: > machine start responder
09-09 05:20:59.421 17825 17862 I MCLBENCH: AUDIO capture open, source=VOICE_RECOGNITION rate=48000
09-09 05:20:59.423 17825 17862 I MCLBENCH: MACHINE started source_ref is local; poll_ms=10
09-09 05:21:02.492 17825 17862 I MCLBENCH: AUDIO play START requested=57600 duration_ms=1200 peak=32767 rms=15828 gain=1.0 state=1 buffer_frames=57600
09-09 05:21:02.578 17825 17862 I MCLBENCH: AUDIO track PLAYING play_state=3 session=12177
09-09 05:21:03.941 17825 17862 I MCLBENCH: AUDIO played 57600 samples head=57600 underruns=1 gain=1.0
09-09 05:21:11.022 17825 17862 I MCLBENCH: AUDIO play START requested=57600 duration_ms=1200 peak=32767 rms=15828 gain=1.0 state=1 buffer_frames=57600
09-09 05:21:11.112 17825 17862 I MCLBENCH: AUDIO track PLAYING play_state=3 session=12185
09-09 05:21:12.470 17825 17862 I MCLBENCH: AUDIO played 57600 samples head=57600 underruns=1 gain=1.0
09-09 05:21:16.128 17825 17862 I MCLBENCH: AUDIO play START requested=65280 duration_ms=1360 peak=32767 rms=16858 gain=1.0 state=1 buffer_frames=65280
09-09 05:21:16.210 17825 17862 I MCLBENCH: AUDIO track PLAYING play_state=3 session=12193
09-09 05:21:17.743 17825 17862 I MCLBENCH: AUDIO played 65280 samples head=65280 underruns=1 gain=1.0
09-09 05:21:17.754 17825 17862 I MCLBENCH: BLE ready advertiser=true scanner=true multi_adv=true
09-09 05:21:17.796 17825 17862 I MCLBENCH: BLE scanning for token=777F9405 beacon=00000000777F9405
09-09 05:21:17.796 17825 17862 I MCLBENCH: MACHINE BLE-ACTIVATE scan initiated=true
09-09 05:21:18.210 17825 17825 I MCLBENCH: BLE scan MATCH addr=E8:F6:0A:86:7B:D9 rssi=-40 raw=1921656C626C636D004C434D0100006C636D00000000777F9405000000000000000000000000000000000000000000000000000000000000000000000000
09-09 05:21:18.216 17825 17825 I MCLBENCH: BLE scan stopped, matches=1 uuid_only=0
09-09 05:21:18.232 17825 17825 I MCLBENCH: BLE connecting to E8:F6:0A:86:7B:D9
09-09 05:21:18.771 17825 17848 I MCLBENCH: BLE connected as central, discovering
09-09 05:21:19.444 17825 17847 I MCLBENCH: BLE candidate subscription status=0 ready=true
09-09 05:21:19.450 17825 17847 I MCLBENCH: BLE frame in, 34 bytes
09-09 05:21:19.451 17825 17862 I MCLBENCH: MACHINE candidate ready status=0
09-09 05:21:19.452 17825 17862 I MCLBENCH: MACHINE event=2 transport=3 profile=1 peer_ref=3019BDEF session_ref=88BE376B status=0 ACTION=machine admit|refuse
HOST policy admit only after POLICY_REQUIRED; adb_rc=0
09-09 05:21:20.302 17825 17825 I MCLBENCH: > machine admit
09-09 05:21:20.348 17825 17862 I MCLBENCH: MACHINE policy admit status=0
09-09 05:21:20.381 17825 17847 I MCLBENCH: BLE frame in, 26 bytes
09-09 05:21:20.428 17825 17862 I MCLBENCH: MACHINE event=3 transport=3 profile=1 peer_ref=3019BDEF session_ref=88BE376B status=0
09-09 05:22:34.775 17825 17847 I MCLBENCH: BLE central link down, status=19
