--------- beginning of main
09-09 05:35:51.332 20518 20518 I MCLBENCH: MCL bench up
09-09 05:35:51.332 20518 20518 I MCLBENCH: native: wire_major=1 link_major=1 scratch=76912 modem_max_payload=64
09-09 05:35:51.333 20518 20518 I MCLBENCH: source_ref=4FD63FBE provenance=LOCAL
09-09 05:35:51.333 20518 20518 I MCLBENCH: commands: adb shell am broadcast -a org.mcl.bench.CMD --es cmd "..."
09-09 05:35:51.333 20518 20518 I MCLBENCH:   emit <PRESENCE|OFFER|ACCEPT> [gain_pct]
09-09 05:35:51.333 20518 20518 I MCLBENCH:   ladder <lo> <hi> [reps]
09-09 05:35:51.333 20518 20518 I MCLBENCH:   band <lo> <hi>    listen <ms>    stop
09-09 05:35:51.333 20518 20518 I MCLBENCH:   ble on|off    adv <tokenhex>    scan <tokenhex>    blesend <hex>
09-09 05:35:51.333 20518 20518 I MCLBENCH:   machine start <initiator|responder> | admit | refuse | stop
09-09 05:35:54.249 20518 20518 I MCLBENCH: > machine start initiator
09-09 05:35:54.283 20518 20551 I MCLBENCH: AUDIO capture open, source=VOICE_RECOGNITION rate=48000
09-09 05:35:54.284 20518 20551 I MCLBENCH: MACHINE started source_ref is local; poll_ms=10
09-09 05:35:56.164 20518 20551 I MCLBENCH: AUDIO play START requested=57600 duration_ms=1200 peak=32767 rms=15828 gain=1.0 state=1 buffer_frames=57600
09-09 05:35:56.261 20518 20551 I MCLBENCH: AUDIO track PLAYING play_state=3 session=12401
09-09 05:35:57.630 20518 20551 I MCLBENCH: AUDIO played 57600 samples head=57600 underruns=1 gain=1.0
09-09 05:36:04.748 20518 20551 I MCLBENCH: MACHINE event=1 transport=1 profile=0 peer_ref=F7EB4F10 session_ref=00000000 status=0
09-09 05:36:05.583 20518 20551 I MCLBENCH: AUDIO play START requested=66560 duration_ms=1386 peak=32767 rms=17002 gain=1.0 state=1 buffer_frames=66560
09-09 05:36:05.670 20518 20551 I MCLBENCH: AUDIO track PLAYING play_state=3 session=12409
09-09 05:36:07.255 20518 20551 I MCLBENCH: AUDIO played 66560 samples head=66560 underruns=1 gain=1.0
09-09 05:36:10.180 20518 20551 I MCLBENCH: BLE ready advertiser=true scanner=true multi_adv=true
09-09 05:36:10.190 20518 20551 I MCLBENCH: BLE GATT server up, MCL-RX write / MCL-TX notify
09-09 05:36:10.196 20518 20551 I MCLBENCH: BLE advertising token=EC14E455 beacon=00000000EC14E455
09-09 05:36:10.196 20518 20551 I MCLBENCH: MACHINE BLE-ACTIVATE advertise initiated=true
09-09 05:36:10.246 20518 20518 I MCLBENCH: BLE advertising started, tx_power=3
09-09 05:36:11.564 20518 20537 I MCLBENCH: BLE central connected: E8:F6:0A:86:7B:D9
09-09 05:36:12.316 20518 20537 I MCLBENCH: BLE ATT descriptor uuid=00002902-0000-1000-8000-00805f9b34fb offset=0 prepared=false response=true bytes=0100
09-09 05:36:12.319 20518 20537 I MCLBENCH: BLE candidate ready as peripheral after notification subscription
09-09 05:36:12.375 20518 20551 I MCLBENCH: MACHINE candidate ready status=0
09-09 05:36:12.413 20518 20537 I MCLBENCH: BLE ATT write uuid=6d636c00-0002-4d43-4c00-6d636c626c65 offset=0 prepared=false response=false bytes=800812F7EB4F1067545F2A0012000284F4B93867
09-09 05:36:12.416 20518 20537 I MCLBENCH: BLE ATT write uuid=6d636c00-0002-4d43-4c00-6d636c626c65 offset=0 prepared=false response=false bytes=41545F2ABD0BF96F2A4E1785A02FB2CC
09-09 05:36:12.416 20518 20537 I MCLBENCH: BLE frame in, 34 bytes
09-09 05:36:12.427 20518 20551 I MCLBENCH: MACHINE event=2 transport=3 profile=1 peer_ref=F7EB4F10 session_ref=67545F2A status=0 ACTION=machine admit|refuse
HOST policy admit only after POLICY_REQUIRED; adb_rc=0
09-09 05:36:13.295 20518 20518 I MCLBENCH: > machine admit
09-09 05:36:13.342 20518 20551 I MCLBENCH: MACHINE policy admit status=0
09-09 05:36:13.418 20518 20537 I MCLBENCH: BLE ATT write uuid=6d636c00-0002-4d43-4c00-6d636c626c65 offset=0 prepared=false response=false bytes=800812F7EB4F1067545F2A000A000484F4B93867
09-09 05:36:13.420 20518 20537 I MCLBENCH: BLE ATT write uuid=6d636c00-0002-4d43-4c00-6d636c626c65 offset=0 prepared=false response=false bytes=41545F2ABC5CE7DB
09-09 05:36:13.420 20518 20537 I MCLBENCH: BLE frame in, 26 bytes
09-09 05:36:13.421 20518 20551 I MCLBENCH: MACHINE event=3 transport=3 profile=1 peer_ref=F7EB4F10 session_ref=67545F2A status=0
09-09 05:38:59.843 20518 20537 I MCLBENCH: BLE central disconnected
