MCLAUTO CONFIG ok scenario=2 dur=90000 band=0/0 gain=100 cand=3 admit=1
MCLAUTO ARMED restarting into the run
MCLAUTO armed scenario=2, restarting into the run
ESP-ROM:esp32s3-20210327
Build:Mar 27 2021
rst:0xc (RTC_SW_CPU_RST),boot:0x9 (SPI_FAST_FLASH_BOOT)
Saved PC:0x4037ff72
SPIWP:0xee
mode:DIO, clock div:1
load:0x3fce2820,len:0x16d0
load:0x403c8700,len:0x4
load:0x403c8704,len:0xec8
load:0x403cb700,len:0x3160
entry 0x403c8950
I (26) boot: ESP-IDF ccd00fb1 2nd stage bootloader
I (26) boot: compile time Aug 26 2026 15:18:58
I (26) boot: Multicore bootloader
I (27) boot: chip revision: v0.2
I (29) boot: efuse block revision: v1.4
I (33) qio_mode: Enabling QIO for flash chip WinBond
I (38) boot.esp32s3: Boot SPI Speed : 80MHz
I (41) boot.esp32s3: SPI Mode       : QIO
I (45) boot.esp32s3: SPI Flash Size : 16MB
I (49) boot: Enabling RNG early entropy source...
I (54) boot: Partition Table:
I (56) boot: ## Label            Usage          Type ST Offset   Length
I (62) boot:  0 nvs              WiFi data        01 02 00009000 00006000
I (69) boot:  1 phy_init         RF data          01 01 0000f000 00001000
I (75) boot:  2 factory          factory app      00 00 00020000 00400000
I (82) boot:  3 stt_model        Unknown data     01 40 00420000 00310000
I (89) boot:  4 tts_model        Unknown data     01 41 00730000 00240000
I (95) boot:  5 orlm_model       Unknown data     01 42 00970000 00600000
I (102) boot: End of partition table
I (105) esp_image: segment 0: paddr=00020020 vaddr=3c0f0020 size=2bf30h (180016) map
I (139) esp_image: segment 1: paddr=0004bf58 vaddr=3fc9d400 size=040c0h ( 16576) load
I (143) esp_image: segment 2: paddr=00050020 vaddr=42000020 size=ec8fch (968956) map
I (288) esp_image: segment 3: paddr=0013c924 vaddr=3fca14c0 size=01b80h (  7040) load
I (289) esp_image: segment 4: paddr=0013e4ac vaddr=40374000 size=19310h (103184) load
I (311) esp_image: segment 5: paddr=001577c4 vaddr=50000234 size=00020h (    32) load
I (321) boot: Loaded app from partition at offset 0x20000
I (321) boot: Disabling RNG early entropy source...
E (340) esp_core_dump_flash: No core dump partition found!
E (340) esp_core_dump_flash: No core dump partition found!
MCLAUTO ADDRESS_SELFTEST PASS type=0 original=c1:23:45:67:89:ab old=ab:89:67:45:23:c1
MCLAUTO ADDRESS_SELFTEST PASS type=1 original=c1:23:45:67:89:ab old=ab:89:67:45:23:c1
MCLAUTO BEACON_SELFTEST PASS exact/truncated/overlong/wrong-token
MCLAUTO READY wire_major=1 link_major=1 arena=171632 window=47360 scratch=76912 min_window=47360 free_heap=85996 psram=8101604/8388608 source_ref=3852135521
MCLAUTO armed run resumed after restart, wifi never started
MCLAUTO listener prepare rc=0 ms=299
MCLAUTO phase QUIESCE free_heap=85996
MCLAUTO phase RENDEZVOUS free_heap=85996
MCLAUTO machine started deployment=MCL-REFERENCE-DEPLOYMENT-1 candidate_transport=3
MCLAUTO run start scenario=2 duration=90000 quiesce=1 free_heap=85996
MCLAUTO emitted 10 bytes, 57600 samples
MCLAUTO listener prepare rc=0 ms=300
MCLAUTO CONTACT 17 bytes
MCLAUTO emitted 16 bytes, 65280 samples
MCLAUTO listener prepare rc=0 ms=300
MCLAUTO phase ACTIVATE free_heap=85996
MCLAUTO acceptor: peer token AC089A2B learned from the air
MCLAUTO BLE up free_heap=14280 largest=7668
MCLAUTO BLE scanning for token=AC089A2B
MCLAUTO CONTACT 17 bytes
MCLAUTO emitted 16 bytes, 65280 samples
MCLAUTO listener prepare rc=0 ms=300
MCLAUTO BLE found 73:c1:2a:23:dc:3c type=1 adv_len=29
MCLAUTO phase POLICY free_heap=9300
MCLAUTO policy: peer_ref=1167A277 transport=3 -> admit
MCLAUTO BLE before_create heap=13504 largest=7668 dma=5744/5620
MCLAUTO BLE after_create heap=12748 largest=7668 dma=4988/4852
MCLAUTO BLE before_connect heap=12748 largest=7668 dma=4988/4852
MCLAUTO BLE after_connect heap=12704 largest=7668 dma=4944/4852
MCLAUTO BLE cleanup heap=9348 largest=7668 dma=1588/1332
MCLAUTO BLE result connect=1 ready=1 gap=0 ms=1225
MCLAUTO BLE resource clients=1 cleanup=1 stack_free=1980
MCLAUTO BLE cancel_rc=-1 terminate_rc=-1 gap=-1 means unobserved
MCLAUTO candidate closed on transport 3
MCLAUTO candidate closed on transport 3
MCLAUTO BLE down free_heap=85748
MCLAUTO emitted 10 bytes, 57600 samples
MCLAUTO listener prepare rc=0 ms=300
MCLAUTO emitted 10 bytes, 57600 samples
MCLAUTO listener prepare rc=0 ms=300
MCLAUTO emitted 10 bytes, 57600 samples
MCLAUTO listener prepare rc=0 ms=300
MCLAUTO emitted 10 bytes, 57600 samples
MCLAUTO listener prepare rc=0 ms=300
MCLAUTO emitted 10 bytes, 57600 samples
MCLAUTO listener prepare rc=0 ms=300
MCLAUTO emitted 10 bytes, 57600 samples
MCLAUTO listener prepare rc=0 ms=300
MCLAUTO run end state=DONE heard=0 recovered=2 emitted=9 unscanned=44800
MCLAUTO run end cap_blocks=3524 cap_samples=3608576 peak=2425 mean=1108
MCLAUTO run end pushed=92160 searched=0 unscanned=44800 queue=0/0
MCLAUTO run end read_ms=71427/24 poll_ms=0/0 polls=0
MCLAUTO run end objects=0 ble_tx=0 ble_rx=1 ble_frag_rej=0
MCLAUTO run end scan_seen=2 match=1 uuid=0 slices=0 heap=85748/34804
MCLAUTO wifi up ssid=mcl-auto-node ip=192.168.4.1
MCLAUTO wifi restored; result available
MCLAUTO phase REPORT free_heap=31076
MCLAUTO RESULT state=DONE phase=REPORT zero_prior=true heard=0 recovered=2 emitted=9 objects=0 ble_tx=0 ble_rx=1 scan_match=1 scan_uuid_only=0 log_dropped=0 ble_lost=0 machine=SOLICITING
MCLAUTO VALUE own_source_ref=3852135521 provenance=LOCAL
MCLAUTO VALUE peer_endpoint_token=2886244907 provenance=FROM_AIR
MCLAUTO VALUE peer_ble_address=590004595 provenance=FROM_BEARER
MCLAUTO SCANRAW len=29 hex=0201021921656C626C636D004C434D0100006C636D00000000AC089A2B
