IMAGE=C:\Users\marsm\Downloads\mcl\mcl-sdk\hardware\dfr1154-autonomous-node\build\out\mcl-auto-node-staging.ino.bin
IMAGE_SHA256=0DF1D23A7F710840EB1DD5A85D122C4D1A9DA2E89A15D24E57A540C296E5702C
IMAGE_BYTES=1275952
PORT=COM3
TARGET=0x20000 (application partition only)
esptool v5.2.0
Serial port COM3:
Connecting...
Connected to ESP32-S3 on COM3:
Chip type:          ESP32-S3 (QFN56) (revision v0.2)
Features:           Wi-Fi, BT 5 (LE), Dual Core + LP Core, 240MHz, Embedded PSRAM 8MB (AP_3v3)
Crystal frequency:  40MHz
USB mode:           USB-Serial/JTAG
MAC:                e8:f6:0a:86:7b:d8

Uploading stub flasher...
Running stub flasher...
Stub flasher running.
Changing baud rate to 921600...
Changed.

Configuring flash size...
Flash will be erased from 0x00020000 to 0x00157fff...
Compressed 1275952 bytes to 835644...

Writing at 0x00020000 [                              ]   0.0% 0/835644 bytes... 

Writing at 0x0002b6ba [                              ]   2.0% 16384/835644 bytes... 

Writing at 0x000380c0 [>                             ]   3.9% 32768/835644 bytes... 

Writing at 0x00040fb5 [>                             ]   5.9% 49152/835644 bytes... 

Writing at 0x00049575 [=>                            ]   7.8% 65536/835644 bytes... 

Writing at 0x000534f5 [=>                            ]   9.8% 81920/835644 bytes... 

Writing at 0x0005934b [==>                           ]  11.8% 98304/835644 bytes... 

Writing at 0x0005e74d [===>                          ]  13.7% 114688/835644 bytes... 

Writing at 0x000647e9 [===>                          ]  15.7% 131072/835644 bytes... 

Writing at 0x0006a9fe [====>                         ]  17.6% 147456/835644 bytes... 

Writing at 0x00070b48 [====>                         ]  19.6% 163840/835644 bytes... 

Writing at 0x000766dd [=====>                        ]  21.6% 180224/835644 bytes... 

Writing at 0x0007c024 [======>                       ]  23.5% 196608/835644 bytes... 

Writing at 0x00081868 [======>                       ]  25.5% 212992/835644 bytes... 

Writing at 0x0008693f [=======>                      ]  27.4% 229376/835644 bytes... 

Writing at 0x0008be27 [=======>                      ]  29.4% 245760/835644 bytes... 

Writing at 0x00091284 [========>                     ]  31.4% 262144/835644 bytes... 

Writing at 0x00096ae3 [========>                     ]  33.3% 278528/835644 bytes... 

Writing at 0x0009c27e [=========>                    ]  35.3% 294912/835644 bytes... 

Writing at 0x000a18f3 [==========>                   ]  37.3% 311296/835644 bytes... 

Writing at 0x000a6ca3 [==========>                   ]  39.2% 327680/835644 bytes... 

Writing at 0x000ac0d4 [===========>                  ]  41.2% 344064/835644 bytes... 

Writing at 0x000b1fb5 [===========>                  ]  43.1% 360448/835644 bytes... 

Writing at 0x000b7f42 [============>                 ]  45.1% 376832/835644 bytes... 

Writing at 0x000bd7fb [=============>                ]  47.1% 393216/835644 bytes... 

Writing at 0x000c3143 [=============>                ]  49.0% 409600/835644 bytes... 

Writing at 0x000c900d [==============>               ]  51.0% 425984/835644 bytes... 

Writing at 0x000ce9a6 [==============>               ]  52.9% 442368/835644 bytes... 

Writing at 0x000d43f8 [===============>              ]  54.9% 458752/835644 bytes... 

Writing at 0x000da10f [================>             ]  56.9% 475136/835644 bytes... 

Writing at 0x000df79d [================>             ]  58.8% 491520/835644 bytes... 

Writing at 0x000e4ba2 [=================>            ]  60.8% 507904/835644 bytes... 

Writing at 0x000ea2e2 [=================>            ]  62.7% 524288/835644 bytes... 

Writing at 0x000ef4bf [==================>           ]  64.7% 540672/835644 bytes... 

Writing at 0x000f4819 [==================>           ]  66.7% 557056/835644 bytes... 

Writing at 0x000fa0a6 [===================>          ]  68.6% 573440/835644 bytes... 

Writing at 0x000ff655 [====================>         ]  70.6% 589824/835644 bytes... 

Writing at 0x00104c39 [====================>         ]  72.5% 606208/835644 bytes... 

Writing at 0x00109fff [=====================>        ]  74.5% 622592/835644 bytes... 

Writing at 0x0010f679 [=====================>        ]  76.5% 638976/835644 bytes... 

Writing at 0x0011550b [======================>       ]  78.4% 655360/835644 bytes... 

Writing at 0x0011afd0 [=======================>      ]  80.4% 671744/835644 bytes... 

Writing at 0x00120790 [=======================>      ]  82.3% 688128/835644 bytes... 

Writing at 0x00126f83 [========================>     ]  84.3% 704512/835644 bytes... 

Writing at 0x0012f646 [========================>     ]  86.3% 720896/835644 bytes... 

Writing at 0x001347e9 [=========================>    ]  88.2% 737280/835644 bytes... 

Writing at 0x00139e5a [==========================>   ]  90.2% 753664/835644 bytes... 

Writing at 0x001406c4 [==========================>   ]  92.2% 770048/835644 bytes... 

Writing at 0x00145a1a [===========================>  ]  94.1% 786432/835644 bytes... 

Writing at 0x0014b779 [===========================>  ]  96.1% 802816/835644 bytes... 

Writing at 0x00151418 [============================> ]  98.0% 819200/835644 bytes... 

Writing at 0x001577cc [============================> ] 100.0% 835584/835644 bytes... 

Writing at 0x00157830 [==============================] 100.0% 835644/835644 bytes... 
Wrote 1275952 bytes (835644 compressed) at 0x00020000 in 11.5 seconds (887.6 kbit/s).
Verifying written data...
Hash of data verified.

Hard resetting via RTS pin...

Application partition written. Bootloader and partition table untouched.
Restore the factory application with RESTORE_DFR1154_APP.cmd when the campaign ends.
