IMAGE=C:\Users\marsm\Downloads\mcl\mcl-sdk\hardware\dfr1154-autonomous-node\build\out\mcl-auto-node-staging.ino.bin
IMAGE_SHA256=DAB066C56C096E90DF087067A6DA0586F65752B7925DB55EFBB7F8275DED1E45
IMAGE_BYTES=1275920
PORT=COM3
TARGET=0x20000 (application partition only)
esptool v5.2.0
Serial port COM3:
Connecting...
Connected to ESP32-S3 on COM3:
Chip type:          ESP32-S3 (QFN56) (revision v0.2)
Features:           Wi-Fi, BT 5 (LE), Dual Core + LP Core, 240MHz, Embedded PSRAM 8MB (AP_3v3)
Crystal frequency:  40MHz
USB mode:           USB-Serial/JTAG
MAC:                e8:f6:0a:86:7b:d8

Uploading stub flasher...
Running stub flasher...
Stub flasher running.
Changing baud rate to 921600...
Changed.

Configuring flash size...
Flash will be erased from 0x00020000 to 0x00157fff...
Compressed 1275920 bytes to 835639...

Writing at 0x00020000 [                              ]   0.0% 0/835639 bytes... 

Writing at 0x0002b6b4 [                              ]   2.0% 16384/835639 bytes... 

Writing at 0x000380b9 [>                             ]   3.9% 32768/835639 bytes... 

Writing at 0x00040fc6 [>                             ]   5.9% 49152/835639 bytes... 

Writing at 0x00049583 [=>                            ]   7.8% 65536/835639 bytes... 

Writing at 0x000535aa [=>                            ]   9.8% 81920/835639 bytes... 

Writing at 0x00059336 [==>                           ]  11.8% 98304/835639 bytes... 

Writing at 0x0005e71b [===>                          ]  13.7% 114688/835639 bytes... 

Writing at 0x000647a8 [===>                          ]  15.7% 131072/835639 bytes... 

Writing at 0x0006a9af [====>                         ]  17.6% 147456/835639 bytes... 

Writing at 0x00070b03 [====>                         ]  19.6% 163840/835639 bytes... 

Writing at 0x00076682 [=====>                        ]  21.6% 180224/835639 bytes... 

Writing at 0x0007bfe7 [======>                       ]  23.5% 196608/835639 bytes... 

Writing at 0x00081820 [======>                       ]  25.5% 212992/835639 bytes... 

Writing at 0x000868ff [=======>                      ]  27.4% 229376/835639 bytes... 

Writing at 0x0008bdeb [=======>                      ]  29.4% 245760/835639 bytes... 

Writing at 0x00091255 [========>                     ]  31.4% 262144/835639 bytes... 

Writing at 0x00096ab0 [========>                     ]  33.3% 278528/835639 bytes... 

Writing at 0x0009c242 [=========>                    ]  35.3% 294912/835639 bytes... 

Writing at 0x000a18d9 [==========>                   ]  37.3% 311296/835639 bytes... 

Writing at 0x000a6c85 [==========>                   ]  39.2% 327680/835639 bytes... 

Writing at 0x000ac0b7 [===========>                  ]  41.2% 344064/835639 bytes... 

Writing at 0x000b1f94 [===========>                  ]  43.1% 360448/835639 bytes... 

Writing at 0x000b7f28 [============>                 ]  45.1% 376832/835639 bytes... 

Writing at 0x000bd7e9 [=============>                ]  47.1% 393216/835639 bytes... 

Writing at 0x000c312c [=============>                ]  49.0% 409600/835639 bytes... 

Writing at 0x000c8ffa [==============>               ]  51.0% 425984/835639 bytes... 

Writing at 0x000ce98a [==============>               ]  52.9% 442368/835639 bytes... 

Writing at 0x000d43dd [===============>              ]  54.9% 458752/835639 bytes... 

Writing at 0x000da10c [================>             ]  56.9% 475136/835639 bytes... 

Writing at 0x000df783 [================>             ]  58.8% 491520/835639 bytes... 

Writing at 0x000e4b86 [=================>            ]  60.8% 507904/835639 bytes... 

Writing at 0x000ea2ca [=================>            ]  62.7% 524288/835639 bytes... 

Writing at 0x000ef4ab [==================>           ]  64.7% 540672/835639 bytes... 

Writing at 0x000f480b [==================>           ]  66.7% 557056/835639 bytes... 

Writing at 0x000fa08f [===================>          ]  68.6% 573440/835639 bytes... 

Writing at 0x000ff642 [====================>         ]  70.6% 589824/835639 bytes... 

Writing at 0x00104c23 [====================>         ]  72.5% 606208/835639 bytes... 

Writing at 0x00109ff1 [=====================>        ]  74.5% 622592/835639 bytes... 

Writing at 0x0010f664 [=====================>        ]  76.5% 638976/835639 bytes... 

Writing at 0x001154ff [======================>       ]  78.4% 655360/835639 bytes... 

Writing at 0x0011afbc [=======================>      ]  80.4% 671744/835639 bytes... 

Writing at 0x0012077c [=======================>      ]  82.3% 688128/835639 bytes... 

Writing at 0x00126f70 [========================>     ]  84.3% 704512/835639 bytes... 

Writing at 0x0012f62e [========================>     ]  86.3% 720896/835639 bytes... 

Writing at 0x001347d1 [=========================>    ]  88.2% 737280/835639 bytes... 

Writing at 0x00139e45 [==========================>   ]  90.2% 753664/835639 bytes... 

Writing at 0x001406a4 [==========================>   ]  92.2% 770048/835639 bytes... 

Writing at 0x001459fe [===========================>  ]  94.1% 786432/835639 bytes... 

Writing at 0x0014b769 [===========================>  ]  96.1% 802816/835639 bytes... 

Writing at 0x001513f8 [============================> ]  98.0% 819200/835639 bytes... 

Writing at 0x001577b1 [============================> ] 100.0% 835584/835639 bytes... 

Writing at 0x00157810 [==============================] 100.0% 835639/835639 bytes... 
Wrote 1275920 bytes (835639 compressed) at 0x00020000 in 11.5 seconds (887.4 kbit/s).
Verifying written data...
Hash of data verified.

Hard resetting via RTS pin...

Application partition written. Bootloader and partition table untouched.
Restore the factory application with RESTORE_DFR1154_APP.cmd when the campaign ends.
