IMAGE=C:\Users\marsm\Downloads\mcl\mcl-sdk\hardware\dfr1154-autonomous-node\build\out\mcl-auto-node-staging.ino.bin
IMAGE_SHA256=A8D4D8F03A976A6BEACE28E6E0486D59032107A40763B86E6BC99FEC6DDDF825
IMAGE_BYTES=1275872
PORT=COM3
TARGET=0x20000 (application partition only)
esptool v5.2.0
Serial port COM3:
Connecting...
Connected to ESP32-S3 on COM3:
Chip type:          ESP32-S3 (QFN56) (revision v0.2)
Features:           Wi-Fi, BT 5 (LE), Dual Core + LP Core, 240MHz, Embedded PSRAM 8MB (AP_3v3)
Crystal frequency:  40MHz
USB mode:           USB-Serial/JTAG
MAC:                e8:f6:0a:86:7b:d8

Uploading stub flasher...
Running stub flasher...
Stub flasher running.
Changing baud rate to 921600...
Changed.

Configuring flash size...
Flash will be erased from 0x00020000 to 0x00157fff...
Compressed 1275872 bytes to 835562...

Writing at 0x00020000 [                              ]   0.0% 0/835562 bytes... 

Writing at 0x0002b6cc [                              ]   2.0% 16384/835562 bytes... 

Writing at 0x000380dd [>                             ]   3.9% 32768/835562 bytes... 

Writing at 0x00040fdb [>                             ]   5.9% 49152/835562 bytes... 

Writing at 0x000495b5 [=>                            ]   7.8% 65536/835562 bytes... 

Writing at 0x000535c7 [=>                            ]   9.8% 81920/835562 bytes... 

Writing at 0x00059354 [==>                           ]  11.8% 98304/835562 bytes... 

Writing at 0x0005e730 [===>                          ]  13.7% 114688/835562 bytes... 

Writing at 0x000647e1 [===>                          ]  15.7% 131072/835562 bytes... 

Writing at 0x0006a9f4 [====>                         ]  17.6% 147456/835562 bytes... 

Writing at 0x00070b46 [====>                         ]  19.6% 163840/835562 bytes... 

Writing at 0x000766fb [=====>                        ]  21.6% 180224/835562 bytes... 

Writing at 0x0007c037 [======>                       ]  23.5% 196608/835562 bytes... 

Writing at 0x00081884 [======>                       ]  25.5% 212992/835562 bytes... 

Writing at 0x00086958 [=======>                      ]  27.5% 229376/835562 bytes... 

Writing at 0x0008be46 [=======>                      ]  29.4% 245760/835562 bytes... 

Writing at 0x000912b1 [========>                     ]  31.4% 262144/835562 bytes... 

Writing at 0x00096b04 [=========>                    ]  33.3% 278528/835562 bytes... 

Writing at 0x0009c294 [=========>                    ]  35.3% 294912/835562 bytes... 

Writing at 0x000a1945 [==========>                   ]  37.3% 311296/835562 bytes... 

Writing at 0x000a6cd7 [==========>                   ]  39.2% 327680/835562 bytes... 

Writing at 0x000ac123 [===========>                  ]  41.2% 344064/835562 bytes... 

Writing at 0x000b203c [===========>                  ]  43.1% 360448/835562 bytes... 

Writing at 0x000b7f8b [============>                 ]  45.1% 376832/835562 bytes... 

Writing at 0x000bd848 [=============>                ]  47.1% 393216/835562 bytes... 

Writing at 0x000c318a [=============>                ]  49.0% 409600/835562 bytes... 

Writing at 0x000c9037 [==============>               ]  51.0% 425984/835562 bytes... 

Writing at 0x000ce9e9 [==============>               ]  52.9% 442368/835562 bytes... 

Writing at 0x000d442a [===============>              ]  54.9% 458752/835562 bytes... 

Writing at 0x000da1b1 [================>             ]  56.9% 475136/835562 bytes... 

Writing at 0x000df7c9 [================>             ]  58.8% 491520/835562 bytes... 

Writing at 0x000e4bfa [=================>            ]  60.8% 507904/835562 bytes... 

Writing at 0x000ea310 [=================>            ]  62.7% 524288/835562 bytes... 

Writing at 0x000ef4ed [==================>           ]  64.7% 540672/835562 bytes... 

Writing at 0x000f4886 [===================>          ]  66.7% 557056/835562 bytes... 

Writing at 0x000fa0c0 [===================>          ]  68.6% 573440/835562 bytes... 

Writing at 0x000ff693 [====================>         ]  70.6% 589824/835562 bytes... 

Writing at 0x00104c6a [====================>         ]  72.6% 606208/835562 bytes... 

Writing at 0x0010a039 [=====================>        ]  74.5% 622592/835562 bytes... 

Writing at 0x0010f6a3 [=====================>        ]  76.5% 638976/835562 bytes... 

Writing at 0x00115535 [======================>       ]  78.4% 655360/835562 bytes... 

Writing at 0x0011b005 [=======================>      ]  80.4% 671744/835562 bytes... 

Writing at 0x001207b1 [=======================>      ]  82.4% 688128/835562 bytes... 

Writing at 0x00126fac [========================>     ]  84.3% 704512/835562 bytes... 

Writing at 0x0012f677 [========================>     ]  86.3% 720896/835562 bytes... 

Writing at 0x001347fd [=========================>    ]  88.2% 737280/835562 bytes... 

Writing at 0x00139e8e [==========================>   ]  90.2% 753664/835562 bytes... 

Writing at 0x001406e4 [==========================>   ]  92.2% 770048/835562 bytes... 

Writing at 0x00145a27 [===========================>  ]  94.1% 786432/835562 bytes... 

Writing at 0x0014b79e [===========================>  ]  96.1% 802816/835562 bytes... 

Writing at 0x00151430 [============================> ]  98.0% 819200/835562 bytes... 

Writing at 0x001577e0 [==============================] 100.0% 835562/835562 bytes... 
Wrote 1275872 bytes (835562 compressed) at 0x00020000 in 11.5 seconds (885.0 kbit/s).
Verifying written data...
Hash of data verified.

Hard resetting via RTS pin...

Application partition written. Bootloader and partition table untouched.
Restore the factory application with RESTORE_DFR1154_APP.cmd when the campaign ends.
