IMAGE=C:\Users\marsm\Downloads\mcl\mcl-sdk\hardware\dfr1154-autonomous-node\build\out\mcl-auto-node-staging.ino.bin
IMAGE_SHA256=3E3B01CBC807699F3A9BCE28825FEE457EF905D4E651087E40C3DA3FBCDD7884
IMAGE_BYTES=1275328
PORT=COM3
TARGET=0x20000 (application partition only)
esptool v5.2.0
Serial port COM3:
Connecting...
Connected to ESP32-S3 on COM3:
Chip type:          ESP32-S3 (QFN56) (revision v0.2)
Features:           Wi-Fi, BT 5 (LE), Dual Core + LP Core, 240MHz, Embedded PSRAM 8MB (AP_3v3)
Crystal frequency:  40MHz
USB mode:           USB-Serial/JTAG
MAC:                e8:f6:0a:86:7b:d8

Uploading stub flasher...
Running stub flasher...
Stub flasher running.
Changing baud rate to 921600...
Changed.

Configuring flash size...
Flash will be erased from 0x00020000 to 0x00157fff...
Compressed 1275328 bytes to 835251...

Writing at 0x00020000 [                              ]   0.0% 0/835251 bytes... 

Writing at 0x0002b6dc [                              ]   2.0% 16384/835251 bytes... 

Writing at 0x000380a4 [>                             ]   3.9% 32768/835251 bytes... 

Writing at 0x0004109b [>                             ]   5.9% 49152/835251 bytes... 

Writing at 0x00049606 [=>                            ]   7.8% 65536/835251 bytes... 

Writing at 0x0005353b [=>                            ]   9.8% 81920/835251 bytes... 

Writing at 0x00059368 [==>                           ]  11.8% 98304/835251 bytes... 

Writing at 0x0005e78f [===>                          ]  13.7% 114688/835251 bytes... 

Writing at 0x00064889 [===>                          ]  15.7% 131072/835251 bytes... 

Writing at 0x0006abf8 [====>                         ]  17.7% 147456/835251 bytes... 

Writing at 0x00070bd0 [====>                         ]  19.6% 163840/835251 bytes... 

Writing at 0x000767bb [=====>                        ]  21.6% 180224/835251 bytes... 

Writing at 0x0007c057 [======>                       ]  23.5% 196608/835251 bytes... 

Writing at 0x00081882 [======>                       ]  25.5% 212992/835251 bytes... 

Writing at 0x00086996 [=======>                      ]  27.5% 229376/835251 bytes... 

Writing at 0x0008be37 [=======>                      ]  29.4% 245760/835251 bytes... 

Writing at 0x00091305 [========>                     ]  31.4% 262144/835251 bytes... 

Writing at 0x00096af9 [=========>                    ]  33.3% 278528/835251 bytes... 

Writing at 0x0009c2c8 [=========>                    ]  35.3% 294912/835251 bytes... 

Writing at 0x000a1946 [==========>                   ]  37.3% 311296/835251 bytes... 

Writing at 0x000a6cd3 [==========>                   ]  39.2% 327680/835251 bytes... 

Writing at 0x000ac1a2 [===========>                  ]  41.2% 344064/835251 bytes... 

Writing at 0x000b20d3 [===========>                  ]  43.2% 360448/835251 bytes... 

Writing at 0x000b7fea [============>                 ]  45.1% 376832/835251 bytes... 

Writing at 0x000bd894 [=============>                ]  47.1% 393216/835251 bytes... 

Writing at 0x000c3198 [=============>                ]  49.0% 409600/835251 bytes... 

Writing at 0x000c9013 [==============>               ]  51.0% 425984/835251 bytes... 

Writing at 0x000ce9ec [==============>               ]  53.0% 442368/835251 bytes... 

Writing at 0x000d4452 [===============>              ]  54.9% 458752/835251 bytes... 

Writing at 0x000da20b [================>             ]  56.9% 475136/835251 bytes... 

Writing at 0x000df7b3 [================>             ]  58.8% 491520/835251 bytes... 

Writing at 0x000e4c6c [=================>            ]  60.8% 507904/835251 bytes... 

Writing at 0x000ea2c8 [=================>            ]  62.8% 524288/835251 bytes... 

Writing at 0x000ef4d0 [==================>           ]  64.7% 540672/835251 bytes... 

Writing at 0x000f486a [===================>          ]  66.7% 557056/835251 bytes... 

Writing at 0x000fa099 [===================>          ]  68.7% 573440/835251 bytes... 

Writing at 0x000ff648 [====================>         ]  70.6% 589824/835251 bytes... 

Writing at 0x00104c1f [====================>         ]  72.6% 606208/835251 bytes... 

Writing at 0x0010a000 [=====================>        ]  74.5% 622592/835251 bytes... 

Writing at 0x0010f67c [=====================>        ]  76.5% 638976/835251 bytes... 

Writing at 0x001154f3 [======================>       ]  78.5% 655360/835251 bytes... 

Writing at 0x0011afdb [=======================>      ]  80.4% 671744/835251 bytes... 

Writing at 0x00120799 [=======================>      ]  82.4% 688128/835251 bytes... 

Writing at 0x0012704b [========================>     ]  84.3% 704512/835251 bytes... 

Writing at 0x0012f64d [========================>     ]  86.3% 720896/835251 bytes... 

Writing at 0x001347bb [=========================>    ]  88.3% 737280/835251 bytes... 

Writing at 0x00139e7f [==========================>   ]  90.2% 753664/835251 bytes... 

Writing at 0x001406b0 [==========================>   ]  92.2% 770048/835251 bytes... 

Writing at 0x001459cd [===========================>  ]  94.2% 786432/835251 bytes... 

Writing at 0x0014b728 [===========================>  ]  96.1% 802816/835251 bytes... 

Writing at 0x001513a9 [============================> ]  98.1% 819200/835251 bytes... 

Writing at 0x001575c0 [==============================] 100.0% 835251/835251 bytes... 
Wrote 1275328 bytes (835251 compressed) at 0x00020000 in 11.5 seconds (883.6 kbit/s).
Verifying written data...
Hash of data verified.

Hard resetting via RTS pin...

Application partition written. Bootloader and partition table untouched.
Restore the factory application with RESTORE_DFR1154_APP.cmd when the campaign ends.
