IMAGE=C:\Users\marsm\Downloads\mcl\mcl-sdk\hardware\dfr1154-autonomous-node\build\out\mcl-auto-node-staging.ino.bin
IMAGE_SHA256=5DA28F93B3BE960FEBD863C61CD5FA0D3850F19300BB6CB6759970FC3B92C8F4
IMAGE_BYTES=1275168
PORT=COM3
TARGET=0x20000 (application partition only)
esptool v5.2.0
Serial port COM3:
Connecting...
Connected to ESP32-S3 on COM3:
Chip type:          ESP32-S3 (QFN56) (revision v0.2)
Features:           Wi-Fi, BT 5 (LE), Dual Core + LP Core, 240MHz, Embedded PSRAM 8MB (AP_3v3)
Crystal frequency:  40MHz
USB mode:           USB-Serial/JTAG
MAC:                e8:f6:0a:86:7b:d8

Uploading stub flasher...
Running stub flasher...
Stub flasher running.
Changing baud rate to 921600...
Changed.

Configuring flash size...
Flash will be erased from 0x00020000 to 0x00157fff...
Compressed 1275168 bytes to 835212...

Writing at 0x00020000 [                              ]   0.0% 0/835212 bytes... 

Writing at 0x0002b6d4 [                              ]   2.0% 16384/835212 bytes... 

Writing at 0x000380c4 [>                             ]   3.9% 32768/835212 bytes... 

Writing at 0x0004108a [>                             ]   5.9% 49152/835212 bytes... 

Writing at 0x00049624 [=>                            ]   7.8% 65536/835212 bytes... 

Writing at 0x0005351d [=>                            ]   9.8% 81920/835212 bytes... 

Writing at 0x00059352 [==>                           ]  11.8% 98304/835212 bytes... 

Writing at 0x0005e78a [===>                          ]  13.7% 114688/835212 bytes... 

Writing at 0x00064869 [===>                          ]  15.7% 131072/835212 bytes... 

Writing at 0x0006abca [====>                         ]  17.7% 147456/835212 bytes... 

Writing at 0x00070ba4 [====>                         ]  19.6% 163840/835212 bytes... 

Writing at 0x0007678b [=====>                        ]  21.6% 180224/835212 bytes... 

Writing at 0x0007c01c [======>                       ]  23.5% 196608/835212 bytes... 

Writing at 0x00081846 [======>                       ]  25.5% 212992/835212 bytes... 

Writing at 0x00086968 [=======>                      ]  27.5% 229376/835212 bytes... 

Writing at 0x0008bdf9 [=======>                      ]  29.4% 245760/835212 bytes... 

Writing at 0x000912b5 [========>                     ]  31.4% 262144/835212 bytes... 

Writing at 0x00096adc [=========>                    ]  33.3% 278528/835212 bytes... 

Writing at 0x0009c2b9 [=========>                    ]  35.3% 294912/835212 bytes... 

Writing at 0x000a1928 [==========>                   ]  37.3% 311296/835212 bytes... 

Writing at 0x000a6cb8 [==========>                   ]  39.2% 327680/835212 bytes... 

Writing at 0x000ac19c [===========>                  ]  41.2% 344064/835212 bytes... 

Writing at 0x000b20bf [===========>                  ]  43.2% 360448/835212 bytes... 

Writing at 0x000b7fc9 [============>                 ]  45.1% 376832/835212 bytes... 

Writing at 0x000bd86a [=============>                ]  47.1% 393216/835212 bytes... 

Writing at 0x000c3151 [=============>                ]  49.0% 409600/835212 bytes... 

Writing at 0x000c8fc0 [==============>               ]  51.0% 425984/835212 bytes... 

Writing at 0x000ce99b [==============>               ]  53.0% 442368/835212 bytes... 

Writing at 0x000d43fd [===============>              ]  54.9% 458752/835212 bytes... 

Writing at 0x000da1a3 [================>             ]  56.9% 475136/835212 bytes... 

Writing at 0x000df767 [================>             ]  58.8% 491520/835212 bytes... 

Writing at 0x000e4c20 [=================>            ]  60.8% 507904/835212 bytes... 

Writing at 0x000ea279 [=================>            ]  62.8% 524288/835212 bytes... 

Writing at 0x000ef493 [==================>           ]  64.7% 540672/835212 bytes... 

Writing at 0x000f4827 [===================>          ]  66.7% 557056/835212 bytes... 

Writing at 0x000fa050 [===================>          ]  68.7% 573440/835212 bytes... 

Writing at 0x000ff605 [====================>         ]  70.6% 589824/835212 bytes... 

Writing at 0x00104bea [====================>         ]  72.6% 606208/835212 bytes... 

Writing at 0x00109fc9 [=====================>        ]  74.5% 622592/835212 bytes... 

Writing at 0x0010f649 [=====================>        ]  76.5% 638976/835212 bytes... 

Writing at 0x001154f1 [======================>       ]  78.5% 655360/835212 bytes... 

Writing at 0x0011afc5 [=======================>      ]  80.4% 671744/835212 bytes... 

Writing at 0x00120774 [=======================>      ]  82.4% 688128/835212 bytes... 

Writing at 0x00127036 [========================>     ]  84.4% 704512/835212 bytes... 

Writing at 0x0012f62d [========================>     ]  86.3% 720896/835212 bytes... 

Writing at 0x0013479f [=========================>    ]  88.3% 737280/835212 bytes... 

Writing at 0x00139e6e [==========================>   ]  90.2% 753664/835212 bytes... 

Writing at 0x00140665 [==========================>   ]  92.2% 770048/835212 bytes... 

Writing at 0x00145979 [===========================>  ]  94.2% 786432/835212 bytes... 

Writing at 0x0014b6d8 [===========================>  ]  96.1% 802816/835212 bytes... 

Writing at 0x00151336 [============================> ]  98.1% 819200/835212 bytes... 

Writing at 0x00157520 [==============================] 100.0% 835212/835212 bytes... 
Wrote 1275168 bytes (835212 compressed) at 0x00020000 in 11.5 seconds (887.4 kbit/s).
Verifying written data...
Hash of data verified.

Hard resetting via RTS pin...

Application partition written. Bootloader and partition table untouched.
Restore the factory application with RESTORE_DFR1154_APP.cmd when the campaign ends.
