IMAGE=C:\Users\marsm\Downloads\mcl\mcl-sdk\hardware\dfr1154-autonomous-node\build\out\mcl-auto-node-staging.ino.bin
IMAGE_SHA256=637DCBC962DE822196AF286BA59639DB4B1DB8BB60710D2784A28C3D59AF5DD1
IMAGE_BYTES=1275936
PORT=COM3
TARGET=0x20000 (application partition only)
esptool v5.2.0
Serial port COM3:
Connecting...
Connected to ESP32-S3 on COM3:
Chip type:          ESP32-S3 (QFN56) (revision v0.2)
Features:           Wi-Fi, BT 5 (LE), Dual Core + LP Core, 240MHz, Embedded PSRAM 8MB (AP_3v3)
Crystal frequency:  40MHz
USB mode:           USB-Serial/JTAG
MAC:                e8:f6:0a:86:7b:d8

Uploading stub flasher...
Running stub flasher...
Stub flasher running.
Changing baud rate to 921600...
Changed.

Configuring flash size...
Flash will be erased from 0x00020000 to 0x00157fff...
Compressed 1275936 bytes to 835606...

Writing at 0x00020000 [                              ]   0.0% 0/835606 bytes... 

Writing at 0x0002b6a1 [                              ]   2.0% 16384/835606 bytes... 

Writing at 0x000380c5 [>                             ]   3.9% 32768/835606 bytes... 

Writing at 0x00040fc6 [>                             ]   5.9% 49152/835606 bytes... 

Writing at 0x000495b2 [=>                            ]   7.8% 65536/835606 bytes... 

Writing at 0x000535c4 [=>                            ]   9.8% 81920/835606 bytes... 

Writing at 0x00059352 [==>                           ]  11.8% 98304/835606 bytes... 

Writing at 0x0005e744 [===>                          ]  13.7% 114688/835606 bytes... 

Writing at 0x000647de [===>                          ]  15.7% 131072/835606 bytes... 

Writing at 0x0006a9ed [====>                         ]  17.6% 147456/835606 bytes... 

Writing at 0x00070b31 [====>                         ]  19.6% 163840/835606 bytes... 

Writing at 0x000766c4 [=====>                        ]  21.6% 180224/835606 bytes... 

Writing at 0x0007c00a [======>                       ]  23.5% 196608/835606 bytes... 

Writing at 0x00081849 [======>                       ]  25.5% 212992/835606 bytes... 

Writing at 0x00086925 [=======>                      ]  27.5% 229376/835606 bytes... 

Writing at 0x0008be0f [=======>                      ]  29.4% 245760/835606 bytes... 

Writing at 0x00091284 [========>                     ]  31.4% 262144/835606 bytes... 

Writing at 0x00096ae9 [========>                     ]  33.3% 278528/835606 bytes... 

Writing at 0x0009c27c [=========>                    ]  35.3% 294912/835606 bytes... 

Writing at 0x000a1916 [==========>                   ]  37.3% 311296/835606 bytes... 

Writing at 0x000a6cb8 [==========>                   ]  39.2% 327680/835606 bytes... 

Writing at 0x000ac0f3 [===========>                  ]  41.2% 344064/835606 bytes... 

Writing at 0x000b1fd7 [===========>                  ]  43.1% 360448/835606 bytes... 

Writing at 0x000b7f5a [============>                 ]  45.1% 376832/835606 bytes... 

Writing at 0x000bd822 [=============>                ]  47.1% 393216/835606 bytes... 

Writing at 0x000c3164 [=============>                ]  49.0% 409600/835606 bytes... 

Writing at 0x000c9027 [==============>               ]  51.0% 425984/835606 bytes... 

Writing at 0x000ce9c7 [==============>               ]  52.9% 442368/835606 bytes... 

Writing at 0x000d440a [===============>              ]  54.9% 458752/835606 bytes... 

Writing at 0x000da178 [================>             ]  56.9% 475136/835606 bytes... 

Writing at 0x000df7bb [================>             ]  58.8% 491520/835606 bytes... 

Writing at 0x000e4bb9 [=================>            ]  60.8% 507904/835606 bytes... 

Writing at 0x000ea307 [=================>            ]  62.7% 524288/835606 bytes... 

Writing at 0x000ef4dd [==================>           ]  64.7% 540672/835606 bytes... 

Writing at 0x000f4859 [==================>           ]  66.7% 557056/835606 bytes... 

Writing at 0x000fa0c3 [===================>          ]  68.6% 573440/835606 bytes... 

Writing at 0x000ff68e [====================>         ]  70.6% 589824/835606 bytes... 

Writing at 0x00104c5e [====================>         ]  72.5% 606208/835606 bytes... 

Writing at 0x0010a02e [=====================>        ]  74.5% 622592/835606 bytes... 

Writing at 0x0010f6a1 [=====================>        ]  76.5% 638976/835606 bytes... 

Writing at 0x00115533 [======================>       ]  78.4% 655360/835606 bytes... 

Writing at 0x0011aff1 [=======================>      ]  80.4% 671744/835606 bytes... 

Writing at 0x001207ae [=======================>      ]  82.4% 688128/835606 bytes... 

Writing at 0x00126f9e [========================>     ]  84.3% 704512/835606 bytes... 

Writing at 0x0012f672 [========================>     ]  86.3% 720896/835606 bytes... 

Writing at 0x001347fd [=========================>    ]  88.2% 737280/835606 bytes... 

Writing at 0x00139e7f [==========================>   ]  90.2% 753664/835606 bytes... 

Writing at 0x001406e6 [==========================>   ]  92.2% 770048/835606 bytes... 

Writing at 0x00145a33 [===========================>  ]  94.1% 786432/835606 bytes... 

Writing at 0x0014b7a1 [===========================>  ]  96.1% 802816/835606 bytes... 

Writing at 0x0015143d [============================> ]  98.0% 819200/835606 bytes... 

Writing at 0x00157812 [============================> ] 100.0% 835584/835606 bytes... 

Writing at 0x00157820 [==============================] 100.0% 835606/835606 bytes... 
Wrote 1275936 bytes (835606 compressed) at 0x00020000 in 11.6 seconds (878.6 kbit/s).
Verifying written data...
Hash of data verified.

Hard resetting via RTS pin...

Application partition written. Bootloader and partition table untouched.
Restore the factory application with RESTORE_DFR1154_APP.cmd when the campaign ends.
