--------- beginning of main
09-09 15:42:55.227 10580 10580 I MCLBENCH: MCL bench up
09-09 15:42:55.228 10580 10580 I MCLBENCH: native: wire_major=1 link_major=1 scratch=76912 modem_max_payload=64
09-09 15:42:55.229 10580 10580 I MCLBENCH: source_ref=0E520C46 provenance=LOCAL
09-09 15:42:55.229 10580 10580 I MCLBENCH: commands: adb shell am broadcast -a org.mcl.bench.CMD --es cmd "..."
09-09 15:42:55.229 10580 10580 I MCLBENCH:   emit <PRESENCE|OFFER|ACCEPT> [gain_pct]
09-09 15:42:55.229 10580 10580 I MCLBENCH:   ladder <lo> <hi> [reps]
09-09 15:42:55.229 10580 10580 I MCLBENCH:   band <lo> <hi>    listen <ms>    stop
09-09 15:42:55.229 10580 10580 I MCLBENCH:   ble on|off    adv <tokenhex>    scan <tokenhex>    blesend <hex>
09-09 15:42:55.229 10580 10580 I MCLBENCH:   machine start <initiator|responder> | admit | refuse | stop
09-09 15:42:58.182 10580 10580 I MCLBENCH: > ble on
09-09 15:42:58.187 10580 10614 I MCLBENCH: BLE ready advertiser=true scanner=true multi_adv=true
09-09 15:42:58.874 10580 10580 I MCLBENCH: > scan A5C30F17
09-09 15:42:58.874 10580 10614 I MCLBENCH: VALUE endpoint_token=A5C30F17 provenance=CONFIGURED (this run is NOT zero-prior)
09-09 15:42:58.886 10580 10614 I MCLBENCH: BLE scanning for token=A5C30F17 beacon=00000000A5C30F17
09-09 15:43:56.334 10580 10580 I MCLBENCH: BLE scan MATCH addr=35:DA:DD:73:15:AB rssi=-34 raw=1921656C626C636D004C434D0100006C636D00000000A5C30F17000000000000000000000000000000000000000000000000000000000000000000000000
09-09 15:43:56.339 10580 10580 I MCLBENCH: BLE scan stopped, matches=1 uuid_only=0
09-09 15:43:56.351 10580 10580 I MCLBENCH: BLE connecting to 35:DA:DD:73:15:AB
09-09 15:44:04.864 10580 10580 I MCLBENCH: > scan A5C30F17
09-09 15:44:04.865 10580 10614 I MCLBENCH: VALUE endpoint_token=A5C30F17 provenance=CONFIGURED (this run is NOT zero-prior)
09-09 15:44:04.877 10580 10614 I MCLBENCH: BLE scanning for token=A5C30F17 beacon=00000000A5C30F17
09-09 15:44:05.115 10580 10580 I MCLBENCH: BLE scan MATCH addr=35:DA:DD:73:15:AB rssi=-35 raw=1921656C626C636D004C434D0100006C636D00000000A5C30F17000000000000000000000000000000000000000000000000000000000000000000000000
09-09 15:44:05.123 10580 10580 I MCLBENCH: BLE scan stopped, matches=1 uuid_only=0
09-09 15:44:05.133 10580 10580 I MCLBENCH: BLE connecting to 35:DA:DD:73:15:AB
09-09 15:44:05.138 10580 10580 I MCLBENCH: BLE scan MATCH addr=35:DA:DD:73:15:AB rssi=-48 raw=1921656C626C636D004C434D0100006C636D00000000A5C30F17000000000000000000000000000000000000000000000000000000000000000000000000
09-09 15:44:05.138 10580 10580 I MCLBENCH: BLE scan stopped, matches=2 uuid_only=0
09-09 15:44:05.141 10580 10580 I MCLBENCH: BLE connecting to 35:DA:DD:73:15:AB
