09-09 05:31:17.025 19884 19920 I MCLBENCH: BLE scanning for token=0D610B37 beacon=000000000D610B37
09-09 05:31:17.026 19884 19920 I MCLBENCH: MACHINE BLE-ACTIVATE scan initiated=true
09-09 05:31:17.463 19884 19884 I MCLBENCH: BLE scan MATCH addr=E8:F6:0A:86:7B:D9 rssi=-39 raw=1921656C626C636D004C434D0100006C636D000000000D610B37000000000000000000000000000000000000000000000000000000000000000000000000
09-09 05:31:17.469 19884 19884 I MCLBENCH: BLE scan stopped, matches=1 uuid_only=0
09-09 05:31:17.478 19884 19884 I MCLBENCH: BLE connecting to E8:F6:0A:86:7B:D9
09-09 05:31:18.354 19884 19905 I MCLBENCH: BLE central link down, status=62
09-09 05:31:45.346 19884 19920 I MCLBENCH: BLE advertising stopped
09-09 05:31:45.347 19884 19920 I MCLBENCH: BLE scan stopped, matches=1 uuid_only=0
09-09 05:31:45.358 19884 19920 I MCLBENCH: MACHINE candidate closed transport=3
09-09 05:31:45.904 19884 19920 I MCLBENCH: AUDIO play START requested=57600 duration_ms=1200 peak=32767 rms=15828 gain=1.0 state=1 buffer_frames=57600
09-09 05:31:45.987 19884 19920 I MCLBENCH: AUDIO track PLAYING play_state=3 session=12329
09-09 05:31:47.363 19884 19920 I MCLBENCH: AUDIO played 57600 samples head=57600 underruns=1 gain=1.0
09-09 05:31:54.659 19884 19920 I MCLBENCH: AUDIO play START requested=57600 duration_ms=1200 peak=32767 rms=15828 gain=1.0 state=1 buffer_frames=57600
09-09 05:31:54.742 19884 19920 I MCLBENCH: AUDIO track PLAYING play_state=3 session=12337
09-09 05:31:56.116 19884 19920 I MCLBENCH: AUDIO played 57600 samples head=57600 underruns=1 gain=1.0
09-09 05:32:02.698 19884 19920 I MCLBENCH: MACHINE event=1 transport=1 profile=0 peer_ref=B7C3BFD8 session_ref=00000000 status=0
09-09 05:32:03.013 19884 19920 I MCLBENCH: AUDIO play START requested=66560 duration_ms=1386 peak=32767 rms=17002 gain=1.0 state=1 buffer_frames=66560
09-09 05:32:03.092 19884 19920 I MCLBENCH: AUDIO track PLAYING play_state=3 session=12345
09-09 05:32:04.661 19884 19920 I MCLBENCH: AUDIO played 66560 samples head=66560 underruns=1 gain=1.0
09-09 05:32:09.010 19884 19920 I MCLBENCH: AUDIO play START requested=66560 duration_ms=1386 peak=32767 rms=17002 gain=1.0 state=1 buffer_frames=66560
09-09 05:32:09.091 19884 19920 I MCLBENCH: AUDIO track PLAYING play_state=3 session=12353
09-09 05:32:10.650 19884 19920 I MCLBENCH: AUDIO played 66560 samples head=66560 underruns=1 gain=1.0
09-09 05:32:15.045 19884 19920 I MCLBENCH: AUDIO play START requested=66560 duration_ms=1386 peak=32767 rms=17002 gain=1.0 state=1 buffer_frames=66560
09-09 05:32:15.125 19884 19920 I MCLBENCH: AUDIO track PLAYING play_state=3 session=12361
09-09 05:32:16.699 19884 19920 I MCLBENCH: AUDIO played 66560 samples head=66560 underruns=1 gain=1.0
09-09 05:32:21.065 19884 19920 I MCLBENCH: AUDIO play START requested=66560 duration_ms=1386 peak=32767 rms=17002 gain=1.0 state=1 buffer_frames=66560
09-09 05:32:21.148 19884 19920 I MCLBENCH: AUDIO track PLAYING play_state=3 session=12369
09-09 05:32:22.717 19884 19920 I MCLBENCH: AUDIO played 66560 samples head=66560 underruns=1 gain=1.0
09-09 05:32:27.060 19884 19920 I MCLBENCH: AUDIO play START requested=66560 duration_ms=1386 peak=32767 rms=17002 gain=1.0 state=1 buffer_frames=66560
09-09 05:32:27.143 19884 19920 I MCLBENCH: AUDIO track PLAYING play_state=3 session=12377
09-09 05:32:28.696 19884 19920 I MCLBENCH: AUDIO played 66560 samples head=66560 underruns=1 gain=1.0
09-09 05:32:33.103 19884 19920 I MCLBENCH: AUDIO play START requested=66560 duration_ms=1386 peak=32767 rms=17002 gain=1.0 state=1 buffer_frames=66560
09-09 05:32:33.190 19884 19920 I MCLBENCH: AUDIO track PLAYING play_state=3 session=12385
09-09 05:32:34.758 19884 19920 I MCLBENCH: AUDIO played 66560 samples head=66560 underruns=1 gain=1.0
09-09 05:32:39.044 19884 19920 I MCLBENCH: MACHINE event=5 transport=0 profile=0 peer_ref=B7C3BFD8 session_ref=B84E7DA0 status=0
09-09 05:34:41.270 19884 19884 I MCLBENCH: > machine stop
09-09 05:34:41.314 19884 19920 I MCLBENCH: AUDIO capture closed
09-09 05:34:41.315 19884 19920 I MCLBENCH: BLE advertising stopped
09-09 05:34:41.315 19884 19920 I MCLBENCH: BLE scan stopped, matches=1 uuid_only=0
09-09 05:34:41.315 19884 19920 I MCLBENCH: MACHINE stopped
