--------- beginning of main
09-09 22:56:24.049  1069  1069 I MCLBENCH: > machine start responder
09-09 22:56:24.118  1069  1122 I MCLBENCH: AUDIO capture open, source=VOICE_RECOGNITION rate=48000
09-09 22:56:24.118  1069  1122 I MCLBENCH: MACHINE started source_ref is local; poll_ms=10
09-09 22:56:26.381  1069  1122 I MCLBENCH: AP TX_ATTEMPT hex=1002A1A78D730000013C
09-09 22:56:26.477  1069  1122 I MCLBENCH: AUDIO play START requested=57600 duration_ms=1200 peak=32767 rms=15828 gain=1.0 state=1 buffer_frames=57600
09-09 22:56:26.568  1069  1122 I MCLBENCH: AUDIO track PLAYING play_state=3 session=17177
09-09 22:56:27.945  1069  1122 I MCLBENCH: AUDIO played 57600 samples head=57600 underruns=1 gain=1.0
09-09 22:56:34.449  1069  1122 I MCLBENCH: AP TX_ATTEMPT hex=1002A1A78D730000013C
09-09 22:56:34.592  1069  1122 I MCLBENCH: AUDIO play START requested=57600 duration_ms=1200 peak=32767 rms=15828 gain=1.0 state=1 buffer_frames=57600
09-09 22:56:34.676  1069  1122 I MCLBENCH: AUDIO track PLAYING play_state=3 session=17185
09-09 22:56:36.059  1069  1122 I MCLBENCH: AUDIO played 57600 samples head=57600 underruns=1 gain=1.0
09-09 22:56:38.013  1069  1122 I MCLBENCH: AP RX hex=1802C52FA5E3B819494703010ED8C8C23C
09-09 22:56:38.768  1069  1122 I MCLBENCH: AP TX_ATTEMPT hex=180AA1A78D73B81949470301E0585224
09-09 22:56:38.804  1069  1122 I MCLBENCH: AUDIO play START requested=65280 duration_ms=1360 peak=32767 rms=16858 gain=1.0 state=1 buffer_frames=65280
09-09 22:56:38.889  1069  1122 I MCLBENCH: AUDIO track PLAYING play_state=3 session=17193
09-09 22:56:40.414  1069  1122 I MCLBENCH: AUDIO played 65280 samples head=65280 underruns=1 gain=1.0
09-09 22:56:40.424  1069  1122 I MCLBENCH: BLE ready advertiser=true scanner=true multi_adv=true
09-09 22:56:40.425  1069  1122 I MCLBENCH: BLE scan stopped, matches=0 uuid_only=0
09-09 22:56:40.453  1069  1122 I MCLBENCH: BLE scanning for token=0ED8C8C2 beacon=000000000ED8C8C2
09-09 22:56:40.453  1069  1122 I MCLBENCH: MACHINE BLE-ACTIVATE scan initiated=true
09-09 22:56:41.461  1069  1069 I MCLBENCH: BLE scan MATCH addr=E8:F6:0A:86:7B:D9 rssi=-23 raw=1921656C626C636D004C434D0100006C636D000000000ED8C8C2000000000000000000000000000000000000000000000000000000000000000000000000
09-09 22:56:41.467  1069  1069 I MCLBENCH: BLE scan stopped, matches=1 uuid_only=0
09-09 22:56:41.482  1069  1069 I MCLBENCH: BLE connecting to E8:F6:0A:86:7B:D9
09-09 22:56:41.904  1069  1097 I MCLBENCH: BLE connected as central, discovering
09-09 22:56:42.527  1069  1122 I MCLBENCH: AP RX hex=180ACDA89C75B819494703014E274164
09-09 22:56:42.644  1069  1097 I MCLBENCH: BLE candidate subscription status=0 ready=true
09-09 22:56:42.651  1069  1122 I MCLBENCH: MACHINE candidate ready status=0
09-09 22:56:43.036  1069  1097 I MCLBENCH: BLE frame in, 34 bytes
09-09 22:56:43.037  1069  1122 I MCLBENCH: MACHINE event=2 transport=3 profile=1 peer_ref=C52FA5E3 session_ref=E0585224 status=0 ACTION=machine admit|refuse
HOST policy admit only after POLICY_REQUIRED; adb_rc=0
09-09 22:56:43.774  1069  1069 I MCLBENCH: > machine admit
09-09 22:56:43.820  1069  1122 I MCLBENCH: MACHINE policy admit status=0
09-09 22:56:43.892  1069  1098 I MCLBENCH: BLE frame in, 26 bytes
09-09 22:56:43.942  1069  1122 I MCLBENCH: MACHINE event=3 transport=3 profile=1 peer_ref=C52FA5E3 session_ref=E0585224 status=0
09-09 22:56:46.713  1069  1122 I MCLBENCH: AP RX hex=1002CDA89C750000013C
09-09 22:56:57.327  1069  1122 I MCLBENCH: AP RX hex=1002CDA89C750000013C
09-09 22:57:06.950  1069  1122 I MCLBENCH: AP RX hex=1002CDA89C750000013C
09-09 22:57:15.102  1069  1122 I MCLBENCH: AP RX hex=1002CDA89C750000013C
09-09 22:57:25.275  1069  1122 I MCLBENCH: AP RX hex=1002CDA89C750000013C
09-09 22:57:36.412  1069  1122 I MCLBENCH: AP RX hex=1002CDA89C750000013C
09-09 22:57:47.548  1069  1122 I MCLBENCH: AP RX hex=1002CDA89C750000013C
09-09 22:57:57.454  1069  1122 I MCLBENCH: AP RX hex=1002CDA89C750000013C
09-09 22:58:25.010  1069  1871 I MCLBENCH: BLE central link down, status=19
