--------- beginning of main
09-10 02:10:31.037 12046 12046 I MCLBENCH: > machine start responder
09-10 02:10:31.069 12046 12088 I MCLBENCH: AUDIO capture open, source=VOICE_RECOGNITION rate=48000
09-10 02:10:31.070 12046 12088 I MCLBENCH: MACHINE started source_ref is local; poll_ms=10
09-10 02:10:31.071 12046 12088 I MCLBENCH: AP TX_ATTEMPT hex=10024CABA87A0000013C
09-10 02:10:31.144 12046 12088 I MCLBENCH: AUDIO play START requested=57600 duration_ms=1200 peak=32767 rms=15828 gain=1.0 state=1 buffer_frames=57600
09-10 02:10:31.209 12046 12088 I MCLBENCH: AUDIO track PLAYING play_state=3 session=17945
09-10 02:10:32.558 12046 12088 I MCLBENCH: AUDIO played 57600 samples head=57600 underruns=1 gain=1.0
09-10 02:10:33.426 12046 12088 I MCLBENCH: AP RX hex=10027E9A46280000013C
09-10 02:10:34.177 12046 12088 I MCLBENCH: AP RX hex=10022A5431B90000013C
09-10 02:10:40.814 12046 12088 I MCLBENCH: AP RX hex=10027E9A46280000013C
09-10 02:10:40.815 12046 12088 I MCLBENCH: MACHINE event=1 transport=1 profile=0 peer_ref=7E9A4628 session_ref=00000000 status=0
09-10 02:10:42.317 12046 12088 I MCLBENCH: AP TX_ATTEMPT hex=18024CABA87A5874C3050301D32B98AD3C
09-10 02:10:42.396 12046 12088 I MCLBENCH: AUDIO play START requested=66560 duration_ms=1386 peak=32767 rms=17002 gain=1.0 state=1 buffer_frames=66560
09-10 02:10:42.489 12046 12088 I MCLBENCH: AUDIO track PLAYING play_state=3 session=17953
09-10 02:10:44.066 12046 12088 I MCLBENCH: AUDIO played 66560 samples head=66560 underruns=1 gain=1.0
09-10 02:10:46.900 12046 12088 I MCLBENCH: AP RX hex=180A7E9A4628B6B82139030107FC0A6B
09-10 02:10:48.909 12046 12088 I MCLBENCH: AP TX_ATTEMPT hex=10024CABA87A0000013C
09-10 02:10:48.960 12046 12088 I MCLBENCH: AUDIO play START requested=57600 duration_ms=1200 peak=32767 rms=15828 gain=1.0 state=1 buffer_frames=57600
09-10 02:10:49.047 12046 12088 I MCLBENCH: AUDIO track PLAYING play_state=3 session=17961
09-10 02:10:50.420 12046 12088 I MCLBENCH: AUDIO played 57600 samples head=57600 underruns=1 gain=1.0
09-10 02:10:57.756 12046 12088 I MCLBENCH: AP RX hex=10027E9A46280000013C
09-10 02:10:57.757 12046 12088 I MCLBENCH: MACHINE event=1 transport=1 profile=0 peer_ref=7E9A4628 session_ref=00000000 status=0
09-10 02:11:00.014 12046 12088 I MCLBENCH: AP TX_ATTEMPT hex=18024CABA87A22C5B9C00301A9FB94313C
09-10 02:11:00.058 12046 12088 I MCLBENCH: AUDIO play START requested=66560 duration_ms=1386 peak=32767 rms=17002 gain=1.0 state=1 buffer_frames=66560
09-10 02:11:00.144 12046 12088 I MCLBENCH: AUDIO track PLAYING play_state=3 session=17969
09-10 02:11:01.713 12046 12088 I MCLBENCH: AUDIO played 66560 samples head=66560 underruns=1 gain=1.0
09-10 02:11:07.440 12046 12088 I MCLBENCH: AP RX hex=10027E9A46280000013C
09-10 02:11:07.733 12046 12088 I MCLBENCH: AP TX_ATTEMPT hex=18024CABA87A22C5B9C00301A9FB94313C
09-10 02:11:07.772 12046 12088 I MCLBENCH: AUDIO play START requested=66560 duration_ms=1386 peak=32767 rms=17002 gain=1.0 state=1 buffer_frames=66560
09-10 02:11:07.858 12046 12088 I MCLBENCH: AUDIO track PLAYING play_state=3 session=17977
09-10 02:11:09.428 12046 12088 I MCLBENCH: AUDIO played 66560 samples head=66560 underruns=1 gain=1.0
09-10 02:11:15.442 12046 12088 I MCLBENCH: AP TX_ATTEMPT hex=18024CABA87A22C5B9C00301A9FB94313C
09-10 02:11:15.485 12046 12088 I MCLBENCH: AUDIO play START requested=66560 duration_ms=1386 peak=32767 rms=17002 gain=1.0 state=1 buffer_frames=66560
09-10 02:11:15.568 12046 12088 I MCLBENCH: AUDIO track PLAYING play_state=3 session=17985
09-10 02:11:17.138 12046 12088 I MCLBENCH: AUDIO played 66560 samples head=66560 underruns=1 gain=1.0
09-10 02:11:20.956 12046 12088 I MCLBENCH: AP RX hex=10022A5431B90000013C
09-10 02:11:23.154 12046 12088 I MCLBENCH: AP TX_ATTEMPT hex=18024CABA87A1BFBFA39020149244FEC3C
09-10 02:11:23.206 12046 12088 I MCLBENCH: AUDIO play START requested=66560 duration_ms=1386 peak=32767 rms=17002 gain=1.0 state=1 buffer_frames=66560
09-10 02:11:23.284 12046 12088 I MCLBENCH: AUDIO track PLAYING play_state=3 session=17993
09-10 02:11:24.850 12046 12088 I MCLBENCH: AUDIO played 66560 samples head=66560 underruns=1 gain=1.0
09-10 02:11:26.959 12046 12088 I MCLBENCH: AP RX hex=10027E9A46280000013C
09-10 02:11:30.297 12046 12088 I MCLBENCH: AP RX hex=10022A5431B90000013C
09-10 02:11:30.872 12046 12088 I MCLBENCH: AP TX_ATTEMPT hex=18024CABA87A1BFBFA39020149244FEC3C
09-10 02:11:30.927 12046 12088 I MCLBENCH: AUDIO play START requested=66560 duration_ms=1386 peak=32767 rms=17002 gain=1.0 state=1 buffer_frames=66560
09-10 02:11:31.013 12046 12088 I MCLBENCH: AUDIO track PLAYING play_state=3 session=18001
09-10 02:11:32.583 12046 12088 I MCLBENCH: AUDIO played 66560 samples head=66560 underruns=1 gain=1.0
09-10 02:11:35.612 12046 12088 I MCLBENCH: AP RX hex=10027E9A46280000013C
09-10 02:11:38.603 12046 12088 I MCLBENCH: AP TX_ATTEMPT hex=18024CABA87A1BFBFA39020149244FEC3C
09-10 02:11:38.649 12046 12088 I MCLBENCH: AUDIO play START requested=66560 duration_ms=1386 peak=32767 rms=17002 gain=1.0 state=1 buffer_frames=66560
09-10 02:11:38.740 12046 12088 I MCLBENCH: AUDIO track PLAYING play_state=3 session=18009
09-10 02:11:40.309 12046 12088 I MCLBENCH: AUDIO played 66560 samples head=66560 underruns=1 gain=1.0
09-10 02:11:41.959 12046 12088 I MCLBENCH: AP RX hex=10022A5431B90000013C
09-10 02:11:44.438 12046 12088 I MCLBENCH: AP RX hex=18027E9A4628F3E63C3E03011F29C2233C
09-10 02:11:46.314 12046 12088 I MCLBENCH: MACHINE event=5 transport=0 profile=0 peer_ref=7E9A4628 session_ref=00000000 status=0
09-10 02:11:50.238 12046 12088 I MCLBENCH: AP RX hex=180A2A5431B9F3E63C3E03019E405C36
09-10 02:11:51.996 12046 12088 I MCLBENCH: AP RX hex=18027E9A4628F3E63C3E03011F29C2233C
09-10 02:11:54.539 12046 12088 I MCLBENCH: AP RX hex=180A2A5431B9F3E63C3E03019E405C36
09-10 02:12:04.653 12046 12088 I MCLBENCH: AP RX hex=180A2A5431B9F3E63C3E03019E405C36
09-10 02:12:07.145 12046 12088 I MCLBENCH: AP RX hex=18027E9A4628573212DD02016D4A8C4D3C
09-10 02:12:14.736 12046 12088 I MCLBENCH: AP RX hex=18027E9A4628573212DD02016D4A8C4D3C
09-10 02:12:22.420 12046 12088 I MCLBENCH: AP RX hex=18027E9A4628573212DD02016D4A8C4D3C
09-10 02:12:25.295 12046 12088 I MCLBENCH: AP RX hex=10022A5431B90000013C
