--------- beginning of main
09-09 23:01:32.771  1069  1069 I MCLBENCH: > machine start responder
09-09 23:01:32.800  1069  1122 I MCLBENCH: AUDIO capture open, source=VOICE_RECOGNITION rate=48000
09-09 23:01:32.800  1069  1122 I MCLBENCH: MACHINE started source_ref is local; poll_ms=10
09-09 23:01:35.112  1069  1122 I MCLBENCH: AP RX hex=1002372E607F0000013C
09-09 23:01:35.113  1069  1122 I MCLBENCH: MACHINE event=1 transport=1 profile=0 peer_ref=372E607F session_ref=00000000 status=0
09-09 23:01:37.115  1069  1122 I MCLBENCH: AP TX_ATTEMPT hex=1802A1A78D7389BBFB4A0301E545A20B3C
09-09 23:01:37.164  1069  1122 I MCLBENCH: AUDIO play START requested=66560 duration_ms=1386 peak=32767 rms=17002 gain=1.0 state=1 buffer_frames=66560
09-09 23:01:37.242  1069  1122 I MCLBENCH: AUDIO track PLAYING play_state=3 session=17233
09-09 23:01:38.823  1069  1122 I MCLBENCH: AUDIO played 66560 samples head=66560 underruns=1 gain=1.0
09-09 23:01:43.353  1069  1122 I MCLBENCH: AP RX hex=180A372E607F89BBFB4A030108810099
09-09 23:01:43.356  1069  1122 I MCLBENCH: BLE ready advertiser=true scanner=true multi_adv=true
09-09 23:01:43.363  1069  1122 I MCLBENCH: BLE GATT server up, MCL-RX write / MCL-TX notify
09-09 23:01:43.369  1069  1122 I MCLBENCH: BLE advertising token=E545A20B beacon=00000000E545A20B
09-09 23:01:43.369  1069  1122 I MCLBENCH: MACHINE BLE-ACTIVATE advertise initiated=true
09-09 23:01:43.447  1069  1069 I MCLBENCH: BLE advertising started, tx_power=3
09-09 23:01:44.494  1069  1097 I MCLBENCH: BLE central connected: E8:F6:0A:86:7B:D9
09-09 23:01:45.196  1069  1097 I MCLBENCH: BLE ATT descriptor uuid=00002902-0000-1000-8000-00805f9b34fb offset=0 prepared=false response=true bytes=0100
09-09 23:01:45.199  1069  1097 I MCLBENCH: BLE candidate ready as peripheral after notification subscription
09-09 23:01:45.261  1069  1122 I MCLBENCH: MACHINE candidate ready status=0
09-09 23:01:45.348  1069  1097 I MCLBENCH: BLE ATT write uuid=6d636c00-0002-4d43-4c00-6d636c626c65 offset=0 prepared=false response=false bytes=800812372E607F088100990012000289BBFB4A08
09-09 23:01:45.350  1069  1097 I MCLBENCH: BLE ATT write uuid=6d636c00-0002-4d43-4c00-6d636c626c65 offset=0 prepared=false response=false bytes=418100996AA7A30CE1FCE52DDC148130
09-09 23:01:45.350  1069  1097 I MCLBENCH: BLE frame in, 34 bytes
09-09 23:01:45.361  1069  1122 I MCLBENCH: MACHINE event=2 transport=3 profile=1 peer_ref=372E607F session_ref=08810099 status=0 ACTION=machine admit|refuse
HOST policy admit only after POLICY_REQUIRED; adb_rc=0
09-09 23:01:46.460  1069  1069 I MCLBENCH: > machine admit
09-09 23:01:46.506  1069  1122 I MCLBENCH: MACHINE policy admit status=0
09-09 23:01:46.549  1069  1097 I MCLBENCH: BLE ATT write uuid=6d636c00-0002-4d43-4c00-6d636c626c65 offset=0 prepared=false response=false bytes=800812372E607F08810099000A000489BBFB4A08
09-09 23:01:46.549  1069  1097 I MCLBENCH: BLE ATT write uuid=6d636c00-0002-4d43-4c00-6d636c626c65 offset=0 prepared=false response=false bytes=418100995564E628
09-09 23:01:46.549  1069  1097 I MCLBENCH: BLE frame in, 26 bytes
09-09 23:01:46.550  1069  1122 I MCLBENCH: MACHINE event=3 transport=3 profile=1 peer_ref=372E607F session_ref=08810099 status=0
09-09 23:01:48.607  1069  1122 I MCLBENCH: AP RX hex=10023A87C6F90000013C
09-09 23:01:56.750  1069  1122 I MCLBENCH: AP RX hex=10023A87C6F90000013C
09-09 23:02:04.651  1069  1122 I MCLBENCH: AP RX hex=10023A87C6F90000013C
09-09 23:02:13.773  1069  1122 I MCLBENCH: AP RX hex=10023A87C6F90000013C
09-09 23:02:23.672  1069  1122 I MCLBENCH: AP RX hex=10023A87C6F90000013C
09-09 23:02:32.072  1069  1122 I MCLBENCH: AP RX hex=10023A87C6F90000013C
09-09 23:02:41.657  1069  1122 I MCLBENCH: AP RX hex=10023A87C6F90000013C
09-09 23:02:49.309  1069  1122 I MCLBENCH: AP RX hex=10023A87C6F90000013C
09-09 23:02:58.232  1069  1122 I MCLBENCH: AP RX hex=10023A87C6F90000013C
09-09 23:03:33.783  1069  1097 I MCLBENCH: BLE central disconnected
