MCLAUTO CONFIG ok scenario=6 dur=20000 band=0/0 gain=100 cand=3 admit=1
MCLAUTO ARMED restarting into the run
MCLAUTO armed scenario=6, restarting into the run
ESP-ROM:esp32s3-20210327
Build:Mar 27 2021
rst:0xc (RTC_SW_CPU_RST),boot:0x9 (SPI_FAST_FLASH_BOOT)
Saved PC:0x420346b9
SPIWP:0xee
mode:DIO, clock div:1
load:0x3fce2820,len:0x16d0
load:0x403c8700,len:0x4
load:0x403c8704,len:0xec8
load:0x403cb700,len:0x3160
entry 0x403c8950
I (26) boot: ESP-IDF ccd00fb1 2nd stage bootloader
I (26) boot: compile time Aug 26 2026 15:18:58
I (26) boot: Multicore bootloader
I (27) boot: chip revision: v0.2
I (29) boot: efuse block revision: v1.4
I (33) qio_mode: Enabling QIO for flash chip WinBond
I (38) boot.esp32s3: Boot SPI Speed : 80MHz
I (41) boot.esp32s3: SPI Mode       : QIO
I (45) boot.esp32s3: SPI Flash Size : 16MB
I (49) boot: Enabling RNG early entropy source...
I (54) boot: Partition Table:
I (56) boot: ## Label            Usage          Type ST Offset   Length
I (62) boot:  0 nvs              WiFi data        01 02 00009000 00006000
I (69) boot:  1 phy_init         RF data          01 01 0000f000 00001000
I (75) boot:  2 factory          factory app      00 00 00020000 00400000
I (82) boot:  3 stt_model        Unknown data     01 40 00420000 00310000
I (89) boot:  4 tts_model        Unknown data     01 41 00730000 00240000
I (95) boot:  5 orlm_model       Unknown data     01 42 00970000 00600000
I (102) boot: End of partition table
I (105) esp_image: segment 0: paddr=00020020 vaddr=3c0f0020 size=2bfbch (180156) map
I (139) esp_image: segment 1: paddr=0004bfe4 vaddr=3fc9d400 size=04034h ( 16436) load
I (143) esp_image: segment 2: paddr=00050020 vaddr=42000020 size=ec9e8h (969192) map
I (288) esp_image: segment 3: paddr=0013ca10 vaddr=3fca1434 size=01c0ch (  7180) load
I (289) esp_image: segment 4: paddr=0013e624 vaddr=40374000 size=19310h (103184) load
I (311) esp_image: segment 5: paddr=0015793c vaddr=50000234 size=00020h (    32) load
I (321) boot: Loaded app from partition at offset 0x20000
I (322) boot: Disabling RNG early entropy source...
E (340) esp_core_dump_flash: No core dump partition found!
E (340) esp_core_dump_flash: No core dump partition found!
MCLAUTO ADDRESS_SELFTEST PASS type=0 original=c1:23:45:67:89:ab old=ab:89:67:45:23:c1
MCLAUTO ADDRESS_SELFTEST PASS type=1 original=c1:23:45:67:89:ab old=ab:89:67:45:23:c1
MCLAUTO BEACON_SELFTEST PASS exact/truncated/overlong/wrong-token
MCLAUTO READY wire_major=1 link_major=1 arena=171632 window=47360 scratch=76912 min_window=47360 free_heap=85996 psram=8101604/8388608 source_ref=2365917766
MCLAUTO armed run resumed after restart, wifi never started
MCLAUTO listener prepare rc=0 ms=299
MCLAUTO phase QUIESCE free_heap=85996
MCLAUTO run start scenario=6 duration=20000 quiesce=1 free_heap=85996
MCLAUTO phase ACTIVATE free_heap=85996
MCLAUTO BLE up free_heap=14280 largest=7668
MCLAUTO BLE scanning for token=A5C30F17
MCLAUTO BLE found c0:00:00:00:00:01 type=1 adv_len=0
HOST canonical PRESENCE playback requested during worker attempt rc=0
MCLAUTO CONTACT 10 bytes at sample 92309
MCLAUTO   object kind=0 source_ref=2712112499 consumed=10
MCLAUTO BLE pending ticks=233803 queued=0 dropped=0
MCLAUTO BLE before_create heap=14048 largest=7668 dma=6288/6132
MCLAUTO BLE after_create heap=13292 largest=7668 dma=5532/5364
MCLAUTO BLE before_connect heap=13292 largest=7668 dma=5532/5364
MCLAUTO BLE after_connect heap=13292 largest=7668 dma=5532/5364
MCLAUTO BLE cleanup heap=13292 largest=7668 dma=5532/5364
MCLAUTO BLE result connect=0 ready=0 gap=-1 ms=5004
MCLAUTO BLE resource clients=1 cleanup=1 stack_free=2632
MCLAUTO BLE cancel_rc=0 terminate_rc=-1 gap=-1 means unobserved
MCLAUTO BLE settled_retry heap=13292 largest=7668 dma=5532/5364
MCLAUTO BLE found c0:00:00:00:00:01 type=1 adv_len=0
HOST canonical PRESENCE playback requested during worker attempt rc=0
MCLAUTO CONTACT 10 bytes at sample 379780
MCLAUTO   object kind=0 source_ref=2712112499 consumed=10
MCLAUTO BLE pending ticks=217465 queued=0 dropped=0
MCLAUTO BLE before_create heap=13292 largest=7668 dma=5532/5364
MCLAUTO BLE after_create heap=13292 largest=7668 dma=5532/5364
MCLAUTO BLE before_connect heap=13292 largest=7668 dma=5532/5364
MCLAUTO BLE after_connect heap=13292 largest=7668 dma=5532/5364
MCLAUTO BLE cleanup heap=13292 largest=7668 dma=5532/5364
MCLAUTO BLE result connect=0 ready=0 gap=-1 ms=5010
MCLAUTO BLE resource clients=1 cleanup=1 stack_free=2632
MCLAUTO BLE cancel_rc=0 terminate_rc=-1 gap=-1 means unobserved
MCLAUTO BLE settled_retry heap=13292 largest=7668 dma=5532/5364
MCLAUTO RETRY_RESOURCE_PASS attempts=2 clients=1 dropped=0
MCLAUTO run end state=DONE heard=0 recovered=2 emitted=0 unscanned=0
MCLAUTO run end cap_blocks=578 cap_samples=591872 peak=3256 mean=1125
MCLAUTO run end pushed=591872 searched=526989 unscanned=0 queue=0/0
MCLAUTO run end read_ms=11732/24 poll_ms=3738/585 polls=183
MCLAUTO run end objects=2 ble_tx=0 ble_rx=0 ble_frag_rej=0
MCLAUTO run end scan_seen=0 match=0 uuid=0 slices=2 heap=13292/7668
MCLAUTO phase TEARDOWN free_heap=13292
MCLAUTO BLE down free_heap=85748
MCLAUTO wifi up ssid=mcl-auto-node ip=192.168.4.1
MCLAUTO wifi restored; result available
MCLAUTO phase REPORT free_heap=31076
MCLAUTO RESULT state=DONE phase=REPORT zero_prior=false heard=0 recovered=2 emitted=0 objects=2 ble_tx=0 ble_rx=0 scan_match=0 scan_uuid_only=0 log_dropped=0 ble_lost=0 machine=NOT_STARTED
MCLAUTO VALUE own_source_ref=2365917766 provenance=LOCAL
MCLAUTO VALUE diagnostic_token=2781024023 provenance=CONFIGURED
MCLAUTO VALUE diagnostic_address=1 provenance=CONFIGURED
MCLAUTO VALUE peer_source_ref=2712112499 provenance=FROM_AIR
MCLAUTO SCANRAW len=0 hex=
