IMAGE=C:\Users\marsm\Downloads\mcl\mcl-sdk\hardware\dfr1154-autonomous-node\build\out\mcl-auto-node-staging.ino.bin
IMAGE_SHA256=C0D69F3EB615553E4050871CA7FB95C81527835D8E83A7A87386D106E319D428
IMAGE_BYTES=1276128
PORT=COM3
TARGET=0x20000 (application partition only)
esptool v5.2.0
Serial port COM3:
Connecting...
Connected to ESP32-S3 on COM3:
Chip type:          ESP32-S3 (QFN56) (revision v0.2)
Features:           Wi-Fi, BT 5 (LE), Dual Core + LP Core, 240MHz, Embedded PSRAM 8MB (AP_3v3)
Crystal frequency:  40MHz
USB mode:           USB-Serial/JTAG
MAC:                e8:f6:0a:86:7b:d8

Uploading stub flasher...
Running stub flasher...
Stub flasher running.
Changing baud rate to 921600...
Changed.

Configuring flash size...
Flash will be erased from 0x00020000 to 0x00157fff...
Compressed 1276128 bytes to 835753...

Writing at 0x00020000 [                              ]   0.0% 0/835753 bytes... 

Writing at 0x0002b67b [                              ]   2.0% 16384/835753 bytes... 

Writing at 0x000380e1 [>                             ]   3.9% 32768/835753 bytes... 

Writing at 0x00040fe0 [>                             ]   5.9% 49152/835753 bytes... 

Writing at 0x00049561 [=>                            ]   7.8% 65536/835753 bytes... 

Writing at 0x000535a9 [=>                            ]   9.8% 81920/835753 bytes... 

Writing at 0x00059359 [==>                           ]  11.8% 98304/835753 bytes... 

Writing at 0x0005e734 [===>                          ]  13.7% 114688/835753 bytes... 

Writing at 0x000647be [===>                          ]  15.7% 131072/835753 bytes... 

Writing at 0x0006a9c6 [====>                         ]  17.6% 147456/835753 bytes... 

Writing at 0x00070b08 [====>                         ]  19.6% 163840/835753 bytes... 

Writing at 0x0007666b [=====>                        ]  21.6% 180224/835753 bytes... 

Writing at 0x0007c005 [======>                       ]  23.5% 196608/835753 bytes... 

Writing at 0x00081843 [======>                       ]  25.5% 212992/835753 bytes... 

Writing at 0x00086901 [=======>                      ]  27.4% 229376/835753 bytes... 

Writing at 0x0008be00 [=======>                      ]  29.4% 245760/835753 bytes... 

Writing at 0x00091283 [========>                     ]  31.4% 262144/835753 bytes... 

Writing at 0x00096ade [========>                     ]  33.3% 278528/835753 bytes... 

Writing at 0x0009c268 [=========>                    ]  35.3% 294912/835753 bytes... 

Writing at 0x000a18f3 [==========>                   ]  37.2% 311296/835753 bytes... 

Writing at 0x000a6c9e [==========>                   ]  39.2% 327680/835753 bytes... 

Writing at 0x000ac0d0 [===========>                  ]  41.2% 344064/835753 bytes... 

Writing at 0x000b1fac [===========>                  ]  43.1% 360448/835753 bytes... 

Writing at 0x000b7f3c [============>                 ]  45.1% 376832/835753 bytes... 

Writing at 0x000bd7f1 [=============>                ]  47.0% 393216/835753 bytes... 

Writing at 0x000c3107 [=============>                ]  49.0% 409600/835753 bytes... 

Writing at 0x000c8fda [==============>               ]  51.0% 425984/835753 bytes... 

Writing at 0x000ce993 [==============>               ]  52.9% 442368/835753 bytes... 

Writing at 0x000d4393 [===============>              ]  54.9% 458752/835753 bytes... 

Writing at 0x000da07a [================>             ]  56.9% 475136/835753 bytes... 

Writing at 0x000df750 [================>             ]  58.8% 491520/835753 bytes... 

Writing at 0x000e4b91 [=================>            ]  60.8% 507904/835753 bytes... 

Writing at 0x000ea2d9 [=================>            ]  62.7% 524288/835753 bytes... 

Writing at 0x000ef492 [==================>           ]  64.7% 540672/835753 bytes... 

Writing at 0x000f47c1 [==================>           ]  66.7% 557056/835753 bytes... 

Writing at 0x000fa092 [===================>          ]  68.6% 573440/835753 bytes... 

Writing at 0x000ff625 [====================>         ]  70.6% 589824/835753 bytes... 

Writing at 0x00104c05 [====================>         ]  72.5% 606208/835753 bytes... 

Writing at 0x00109fac [=====================>        ]  74.5% 622592/835753 bytes... 

Writing at 0x0010f647 [=====================>        ]  76.5% 638976/835753 bytes... 

Writing at 0x001154e4 [======================>       ]  78.4% 655360/835753 bytes... 

Writing at 0x0011afca [=======================>      ]  80.4% 671744/835753 bytes... 

Writing at 0x00120768 [=======================>      ]  82.3% 688128/835753 bytes... 

Writing at 0x00126f7f [========================>     ]  84.3% 704512/835753 bytes... 

Writing at 0x0012f637 [========================>     ]  86.3% 720896/835753 bytes... 

Writing at 0x001347d7 [=========================>    ]  88.2% 737280/835753 bytes... 

Writing at 0x00139e33 [==========================>   ]  90.2% 753664/835753 bytes... 

Writing at 0x001406e3 [==========================>   ]  92.1% 770048/835753 bytes... 

Writing at 0x00145a5c [===========================>  ]  94.1% 786432/835753 bytes... 

Writing at 0x0014b75a [===========================>  ]  96.1% 802816/835753 bytes... 

Writing at 0x0015142f [============================> ]  98.0% 819200/835753 bytes... 

Writing at 0x001577e6 [============================> ] 100.0% 835584/835753 bytes... 

Writing at 0x001578e0 [==============================] 100.0% 835753/835753 bytes... 
Wrote 1276128 bytes (835753 compressed) at 0x00020000 in 11.5 seconds (884.8 kbit/s).
Verifying written data...
Hash of data verified.

Hard resetting via RTS pin...

Application partition written. Bootloader and partition table untouched.
Restore the factory application with RESTORE_DFR1154_APP.cmd when the campaign ends.
