IMAGE=C:\Users\marsm\Downloads\mcl\mcl-sdk\hardware\dfr1154-autonomous-node\build\out\mcl-auto-node-staging.ino.bin
IMAGE_SHA256=EEA8DA8D63078D29ECD836967D9C422CAA55BA98007CF9287F3D030C5EF881F4
IMAGE_BYTES=1276288
PORT=COM3
TARGET=0x20000 (application partition only)
esptool v5.2.0
Serial port COM3:
Connecting...
Connected to ESP32-S3 on COM3:
Chip type:          ESP32-S3 (QFN56) (revision v0.2)
Features:           Wi-Fi, BT 5 (LE), Dual Core + LP Core, 240MHz, Embedded PSRAM 8MB (AP_3v3)
Crystal frequency:  40MHz
USB mode:           USB-Serial/JTAG
MAC:                e8:f6:0a:86:7b:d8

Uploading stub flasher...
Running stub flasher...
Stub flasher running.
Changing baud rate to 921600...
Changed.

Configuring flash size...
Flash will be erased from 0x00020000 to 0x00157fff...
Compressed 1276288 bytes to 835868...

Writing at 0x00020000 [                              ]   0.0% 0/835868 bytes... 

Writing at 0x0002b66a [                              ]   2.0% 16384/835868 bytes... 

Writing at 0x000380e0 [>                             ]   3.9% 32768/835868 bytes... 

Writing at 0x00040ff0 [>                             ]   5.9% 49152/835868 bytes... 

Writing at 0x00049555 [=>                            ]   7.8% 65536/835868 bytes... 

Writing at 0x0005354d [=>                            ]   9.8% 81920/835868 bytes... 

Writing at 0x0005932d [==>                           ]  11.8% 98304/835868 bytes... 

Writing at 0x0005e6f7 [===>                          ]  13.7% 114688/835868 bytes... 

Writing at 0x00064770 [===>                          ]  15.7% 131072/835868 bytes... 

Writing at 0x0006a98e [====>                         ]  17.6% 147456/835868 bytes... 

Writing at 0x00070ac9 [====>                         ]  19.6% 163840/835868 bytes... 

Writing at 0x00076651 [=====>                        ]  21.6% 180224/835868 bytes... 

Writing at 0x0007c006 [======>                       ]  23.5% 196608/835868 bytes... 

Writing at 0x00081859 [======>                       ]  25.5% 212992/835868 bytes... 

Writing at 0x0008690d [=======>                      ]  27.4% 229376/835868 bytes... 

Writing at 0x0008be0d [=======>                      ]  29.4% 245760/835868 bytes... 

Writing at 0x0009126c [========>                     ]  31.4% 262144/835868 bytes... 

Writing at 0x00096ac4 [========>                     ]  33.3% 278528/835868 bytes... 

Writing at 0x0009c250 [=========>                    ]  35.3% 294912/835868 bytes... 

Writing at 0x000a18e5 [==========>                   ]  37.2% 311296/835868 bytes... 

Writing at 0x000a6c83 [==========>                   ]  39.2% 327680/835868 bytes... 

Writing at 0x000ac0b2 [===========>                  ]  41.2% 344064/835868 bytes... 

Writing at 0x000b1fac [===========>                  ]  43.1% 360448/835868 bytes... 

Writing at 0x000b7f30 [============>                 ]  45.1% 376832/835868 bytes... 

Writing at 0x000bd7d4 [=============>                ]  47.0% 393216/835868 bytes... 

Writing at 0x000c30e9 [=============>                ]  49.0% 409600/835868 bytes... 

Writing at 0x000c8fae [==============>               ]  51.0% 425984/835868 bytes... 

Writing at 0x000ce988 [==============>               ]  52.9% 442368/835868 bytes... 

Writing at 0x000d4388 [===============>              ]  54.9% 458752/835868 bytes... 

Writing at 0x000d9fab [================>             ]  56.8% 475136/835868 bytes... 

Writing at 0x000df729 [================>             ]  58.8% 491520/835868 bytes... 

Writing at 0x000e4b8a [=================>            ]  60.8% 507904/835868 bytes... 

Writing at 0x000ea2dc [=================>            ]  62.7% 524288/835868 bytes... 

Writing at 0x000ef487 [==================>           ]  64.7% 540672/835868 bytes... 

Writing at 0x000f4796 [==================>           ]  66.6% 557056/835868 bytes... 

Writing at 0x000fa08d [===================>          ]  68.6% 573440/835868 bytes... 

Writing at 0x000ff623 [====================>         ]  70.6% 589824/835868 bytes... 

Writing at 0x00104bf0 [====================>         ]  72.5% 606208/835868 bytes... 

Writing at 0x00109fbd [=====================>        ]  74.5% 622592/835868 bytes... 

Writing at 0x0010f619 [=====================>        ]  76.4% 638976/835868 bytes... 

Writing at 0x001154d6 [======================>       ]  78.4% 655360/835868 bytes... 

Writing at 0x0011afbb [=======================>      ]  80.4% 671744/835868 bytes... 

Writing at 0x0012073c [=======================>      ]  82.3% 688128/835868 bytes... 

Writing at 0x00126f5d [========================>     ]  84.3% 704512/835868 bytes... 

Writing at 0x0012f625 [========================>     ]  86.2% 720896/835868 bytes... 

Writing at 0x001347bc [=========================>    ]  88.2% 737280/835868 bytes... 

Writing at 0x00139e10 [==========================>   ]  90.2% 753664/835868 bytes... 

Writing at 0x00140717 [==========================>   ]  92.1% 770048/835868 bytes... 

Writing at 0x00145a93 [===========================>  ]  94.1% 786432/835868 bytes... 

Writing at 0x0014b77c [===========================>  ]  96.0% 802816/835868 bytes... 

Writing at 0x0015144f [============================> ]  98.0% 819200/835868 bytes... 

Writing at 0x0015780f [============================> ] 100.0% 835584/835868 bytes... 

Writing at 0x00157980 [==============================] 100.0% 835868/835868 bytes... 
Wrote 1276288 bytes (835868 compressed) at 0x00020000 in 11.5 seconds (887.0 kbit/s).
Verifying written data...
Hash of data verified.

Hard resetting via RTS pin...

Application partition written. Bootloader and partition table untouched.
Restore the factory application with RESTORE_DFR1154_APP.cmd when the campaign ends.
