{
  "cells": {
    "closure-trace-cell1": {
      "source_refs": {
        "board": "C52FA5E3",
        "android": "A1A78D73",
        "windows": "CDA89C75"
      },
      "session": "E0585224",
      "tx_frames": {
        "board": 2,
        "android": 3,
        "windows": 11
      },
      "rx_frames": {
        "board": 4,
        "android": 10,
        "windows": 1
      },
      "accept_proposals": 2,
      "matching_pair_migrated": true,
      "no_three_edge_accept_cycle": true,
      "windows_heard_by": [
        "board",
        "android"
      ]
    },
    "closure-trace-cell2": {
      "source_refs": {
        "board": "C5ABB8EF",
        "android": "A1A78D73",
        "windows": "BB23A5FF"
      },
      "session": "46269E56",
      "tx_frames": {
        "board": 3,
        "android": 2,
        "windows": 10
      },
      "rx_frames": {
        "board": 1,
        "android": 10,
        "windows": 0
      },
      "accept_proposals": 1,
      "matching_pair_migrated": true,
      "no_three_edge_accept_cycle": true,
      "windows_heard_by": [
        "android"
      ]
    },
    "closure-trace-cell3": {
      "source_refs": {
        "board": "372E607F",
        "android": "A1A78D73",
        "windows": "3A87C6F9"
      },
      "session": "08810099",
      "tx_frames": {
        "board": 2,
        "android": 1,
        "windows": 10
      },
      "rx_frames": {
        "board": 1,
        "android": 11,
        "windows": 0
      },
      "accept_proposals": 1,
      "matching_pair_migrated": true,
      "no_three_edge_accept_cycle": true,
      "windows_heard_by": [
        "android"
      ]
    }
  },
  "release_approved": false,
  "note": "Audio collision timing and third-party traffic timing require the accompanying audit; this verifier does not infer them."
}
