HOST start_utc=2026-09-09T17:13:15Z monotonic=178912.8136139
Broadcasting: Intent { act=org.mcl.bench.CMD flg=0x400000 pkg=org.mcl.bench (has extras) }
Broadcast completed: result=0
Broadcasting: Intent { act=org.mcl.bench.CMD flg=0x400000 pkg=org.mcl.bench (has extras) }
Broadcast completed: result=0
BOARD MCLAUTO CONFIG ok scenario=2 dur=120000 band=0/0 gain=100 cand=3 admit=1
ANDROID 09-09 22:43:16.729 29617 29656 I MCLBENCH: MACHINE started source_ref is local; poll_ms=10
BOARD MCLAUTO ARMED restarting into the run
BOARD MCLAUTO armed scenario=2, restarting into the run
BOARD MCLAUTO ADDRESS_SELFTEST PASS type=0 original=c1:23:45:67:89:ab old=ab:89:67:45:23:c1
BOARD MCLAUTO ADDRESS_SELFTEST PASS type=1 original=c1:23:45:67:89:ab old=ab:89:67:45:23:c1
BOARD MCLAUTO BEACON_SELFTEST PASS exact/truncated/overlong/wrong-token
BOARD MCLAUTO READY wire_major=1 link_major=1 arena=171632 window=47360 scratch=76912 min_window=47360 free_heap=85848 psram=8101604/8388608 source_ref=295857136
BOARD MCLAUTO armed run resumed after restart, wifi never started
BOARD MCLAUTO listener prepare rc=0 ms=299
BOARD MCLAUTO phase QUIESCE free_heap=85848
BOARD MCLAUTO phase RENDEZVOUS free_heap=85848
BOARD MCLAUTO machine started deployment=MCL-REFERENCE-DEPLOYMENT-1 candidate_transport=3
BOARD MCLAUTO run start scenario=2 duration=120000 quiesce=1 free_heap=85848
BOARD MCLAUTO CONTACT 10 bytes
BOARD MCLAUTO PEER_DETECTED peer_ref=B1ACFA1B
BOARD MCLAUTO emitted 17 bytes, 66560 samples
BOARD MCLAUTO listener prepare rc=0 ms=300
BOARD MCLAUTO CONTACT 16 bytes
BOARD MCLAUTO phase ACTIVATE free_heap=85848
BOARD MCLAUTO offerer: advertising own token 5A483D1F
ANDROID 09-09 22:43:26.599 29617 29656 I MCLBENCH: MACHINE BLE-ACTIVATE scan initiated=true
BOARD MCLAUTO BLE up free_heap=14140 largest=7668
BOARD MCLAUTO BLE advertising token=5A483D1F beacon=000000005A483D1F
BOARD MCLAUTO BLE peripheral ready after notification subscription
ANDROID 09-09 22:43:28.264 29617 29656 I MCLBENCH: MACHINE candidate ready status=0
ANDROID 09-09 22:43:28.271 29617 29634 I MCLBENCH: BLE frame in, 34 bytes
ANDROID 09-09 22:43:28.272 29617 29656 I MCLBENCH: MACHINE event=2 transport=3 profile=1 peer_ref=11A26BF0 session_ref=E8D0B060 status=0 ACTION=machine admit|refuse
BOARD MCLAUTO phase POLICY free_heap=10276
BOARD MCLAUTO policy: peer_ref=B1ACFA1B transport=3 -> admit
BOARD MCLAUTO phase MIGRATED free_heap=10276
BOARD MCLAUTO CONTACT_ESTABLISHED transport=3 profile=1 ses=E8D0B060
ANDROID 09-09 22:43:29.269 29617 29656 I MCLBENCH: MACHINE policy admit status=0
ANDROID 09-09 22:43:29.390 29617 29639 I MCLBENCH: BLE frame in, 26 bytes
ANDROID 09-09 22:43:29.437 29617 29656 I MCLBENCH: MACHINE event=3 transport=3 profile=1 peer_ref=11A26BF0 session_ref=E8D0B060 status=0
BOARD MCLAUTO run end state=DONE heard=0 recovered=2 emitted=1 unscanned=5161088
BOARD MCLAUTO run end cap_blocks=5539 cap_samples=5671936 peak=3471 mean=1102
BOARD MCLAUTO run end pushed=5440512 searched=196451 unscanned=5161088 queue=0/0
BOARD MCLAUTO run end read_ms=118117/25 poll_ms=0/0 polls=0
BOARD MCLAUTO run end objects=0 ble_tx=2 ble_rx=2 ble_frag_rej=0
BOARD MCLAUTO run end scan_seen=0 match=0 uuid=0 slices=0 heap=10276/7668
BOARD MCLAUTO phase TEARDOWN free_heap=10276
BOARD MCLAUTO BLE down free_heap=83828
BOARD MCLAUTO wifi up ssid=mcl-auto-node ip=192.168.4.1
BOARD MCLAUTO wifi restored; result available
BOARD MCLAUTO phase REPORT free_heap=29152
ANDROID 09-09 22:45:17.657 29617 29634 I MCLBENCH: BLE central link down, status=19
MCLAUTO RESULT state=DONE phase=REPORT zero_prior=true heard=0 recovered=2 emitted=1 objects=0 ble_tx=2 ble_rx=2 scan_match=0 scan_uuid_only=0 log_dropped=0 ble_lost=0 machine=MIGRATED
MCLAUTO VALUE own_source_ref=295857136 provenance=LOCAL
MCLAUTO VALUE peer_source_ref=2980903451 provenance=FROM_AIR
MCLAUTO VALUE own_endpoint_token=1514683679 provenance=LOCAL
MCLAUTO VALUE session_ref=3905990752 provenance=FROM_AIR
MCLAUTO SCANRAW len=0 hex=


