191349.353 WINDOWS source_ref=7E9A4628 provenance=LOCAL deployment=MCL-REFERENCE-DEPLOYMENT-1
191349.353 WINDOWS dll_sha256=9e94ef1a60316e816edbd60c35dfd009b6b71e062fd24c9a79232333e568bf7b
191349.411 WINDOWS AUDIO input_latency=0.08533333333333333 device=Microphone Array (Realtek(R) Audio)
191349.412 WINDOWS LAB first contention draw=0; subsequent RNG=OS
191349.412 WINDOWS MACHINE start status=0 input=18 output=14
191349.412 WINDOWS AP TX bytes=10 hex=10027e9a46280000013c samples=57600
191356.837 WINDOWS AP TX bytes=10 hex=10027e9a46280000013c samples=57600
191360.949 WINDOWS AP HEARD_UNRECOVERED captured_at=191360.935
191361.343 WINDOWS AP RX bytes=17 hex=18022a5431b9b6b82139030182dbe5053c contacts=1
191362.852 WINDOWS AP TX bytes=16 hex=180a7e9a4628b6b82139030107fc0a6b samples=65280
191364.399 WINDOWS CANDIDATE open transport=3 profile=1 peer_token=82DBE505 local_token=00000000
191364.989 WINDOWS BLE activation failed BleakError: Thread is configured for Windows GUI but callbacks are not working.
191364.989 WINDOWS CANDIDATE close transport=3
191364.989 WINDOWS CANDIDATE refused status=0
191364.994 WINDOWS MACHINE event=6 transport=0 profile=0 peer_ref=00000000 session_ref=00000000 status=3 poll=0
191366.243 WINDOWS AP TX bytes=10 hex=10027e9a46280000013c samples=57600
191373.778 WINDOWS AP TX bytes=10 hex=10027e9a46280000013c samples=57600
191378.624 WINDOWS AP HEARD_UNRECOVERED captured_at=191378.606
191383.408 WINDOWS AP TX bytes=10 hex=10027e9a46280000013c samples=57600
191386.340 WINDOWS AP HEARD_UNRECOVERED captured_at=191386.324
191393.319 WINDOWS AP TX bytes=10 hex=10027e9a46280000013c samples=57600
191398.157 WINDOWS AP RX bytes=10 hex=10022a5431b90000013c contacts=1
191401.207 WINDOWS AP carrier_busy=1
191401.739 WINDOWS AP HEARD_UNRECOVERED captured_at=191401.725
191402.962 WINDOWS AP carrier_busy=0
191402.963 WINDOWS AP TX bytes=10 hex=10027e9a46280000013c samples=57600
191407.551 WINDOWS AP RX bytes=10 hex=10022a5431b90000013c contacts=1
191409.470 WINDOWS AP HEARD_UNRECOVERED captured_at=191409.455
191411.602 WINDOWS AP TX bytes=10 hex=10027e9a46280000013c samples=57600
191417.227 WINDOWS AP HEARD_UNRECOVERED captured_at=191417.216
191419.185 WINDOWS AP RX bytes=10 hex=10022a5431b90000013c contacts=1
191419.185 WINDOWS MACHINE event=1 transport=1 profile=0 peer_ref=2A5431B9 session_ref=00000000 status=0 poll=0
191420.445 WINDOWS AP TX bytes=17 hex=18027e9a4628f3e63c3e03011f29c2233c samples=66560
191427.467 WINDOWS AP HEARD_UNRECOVERED captured_at=191427.457
191428.029 WINDOWS AP TX bytes=17 hex=18027e9a4628f3e63c3e03011f29c2233c samples=66560
191431.784 WINDOWS AP HEARD_UNRECOVERED captured_at=191431.767
191435.606 WINDOWS AP TX bytes=17 hex=18027e9a4628f3e63c3e03011f29c2233c samples=66560
191441.849 WINDOWS AP HEARD_UNRECOVERED captured_at=191441.837
191443.174 WINDOWS AP TX bytes=17 hex=18027e9a4628573212dd02016d4a8c4d3c samples=66560
191450.755 WINDOWS AP TX bytes=17 hex=18027e9a4628573212dd02016d4a8c4d3c samples=66560
191458.336 WINDOWS AP TX bytes=17 hex=18027e9a4628573212dd02016d4a8c4d3c samples=66560
191462.544 WINDOWS AP HEARD_UNRECOVERED captured_at=191462.527
191465.986 WINDOWS MACHINE event=5 transport=0 profile=0 peer_ref=2A5431B9 session_ref=00000000 status=0 poll=0
191468.435 WINDOWS AUDIO capture_samples=5709824 path=C:\Users\marsm\Downloads\mcl\tmp\audit-20260909-android\closure-trace-cell2-recheck-windows.wav
191468.435 WINDOWS RESULT state=EXHAUSTED established=0 audio_drops=0 fragment_rejections=0 max_audio_queue_ms=1648.5
