--------- beginning of main
09-09 22:58:58.340  1069  1069 I MCLBENCH: > machine start responder
09-09 22:58:58.375  1069  1122 I MCLBENCH: AUDIO capture open, source=VOICE_RECOGNITION rate=48000
09-09 22:58:58.375  1069  1122 I MCLBENCH: MACHINE started source_ref is local; poll_ms=10
09-09 22:59:00.880  1069  1122 I MCLBENCH: AP TX_ATTEMPT hex=1002A1A78D730000013C
09-09 22:59:00.926  1069  1122 I MCLBENCH: AUDIO play START requested=57600 duration_ms=1200 peak=32767 rms=15828 gain=1.0 state=1 buffer_frames=57600
09-09 22:59:01.004  1069  1122 I MCLBENCH: AUDIO track PLAYING play_state=3 session=17209
09-09 22:59:02.374  1069  1122 I MCLBENCH: AUDIO played 57600 samples head=57600 underruns=1 gain=1.0
09-09 22:59:10.891  1069  1122 I MCLBENCH: AP RX hex=1002C5ABB8EF0000013C
09-09 22:59:10.891  1069  1122 I MCLBENCH: MACHINE event=1 transport=1 profile=0 peer_ref=C5ABB8EF session_ref=00000000 status=0
09-09 22:59:11.647  1069  1122 I MCLBENCH: AP TX_ATTEMPT hex=1802A1A78D73D6B878520301D6C53C1D3C
09-09 22:59:11.689  1069  1122 I MCLBENCH: AUDIO play START requested=66560 duration_ms=1386 peak=32767 rms=17002 gain=1.0 state=1 buffer_frames=66560
09-09 22:59:11.777  1069  1122 I MCLBENCH: AUDIO track PLAYING play_state=3 session=17217
09-09 22:59:13.364  1069  1122 I MCLBENCH: AUDIO played 66560 samples head=66560 underruns=1 gain=1.0
09-09 22:59:16.313  1069  1122 I MCLBENCH: AP RX hex=180AC5ABB8EFD6B87852030146269E56
09-09 22:59:16.315  1069  1122 I MCLBENCH: BLE ready advertiser=true scanner=true multi_adv=true
09-09 22:59:16.327  1069  1122 I MCLBENCH: BLE GATT server up, MCL-RX write / MCL-TX notify
09-09 22:59:16.340  1069  1122 I MCLBENCH: BLE advertising token=D6C53C1D beacon=00000000D6C53C1D
09-09 22:59:16.340  1069  1122 I MCLBENCH: MACHINE BLE-ACTIVATE advertise initiated=true
09-09 22:59:16.385  1069  1069 I MCLBENCH: BLE advertising started, tx_power=3
09-09 22:59:17.538  1069  1097 I MCLBENCH: BLE central connected: E8:F6:0A:86:7B:D9
09-09 22:59:18.287  1069  1097 I MCLBENCH: BLE ATT descriptor uuid=00002902-0000-1000-8000-00805f9b34fb offset=0 prepared=false response=true bytes=0100
09-09 22:59:18.290  1069  1097 I MCLBENCH: BLE candidate ready as peripheral after notification subscription
09-09 22:59:18.335  1069  1122 I MCLBENCH: MACHINE candidate ready status=0
09-09 22:59:18.388  1069  1097 I MCLBENCH: BLE ATT write uuid=6d636c00-0002-4d43-4c00-6d636c626c65 offset=0 prepared=false response=false bytes=800812C5ABB8EF46269E5600120002D6B8785246
09-09 22:59:18.389  1069  1097 I MCLBENCH: BLE ATT write uuid=6d636c00-0002-4d43-4c00-6d636c626c65 offset=0 prepared=false response=false bytes=41269E566136A70124B6D6FC655286F1
09-09 22:59:18.389  1069  1097 I MCLBENCH: BLE frame in, 34 bytes
09-09 22:59:18.400  1069  1122 I MCLBENCH: MACHINE event=2 transport=3 profile=1 peer_ref=C5ABB8EF session_ref=46269E56 status=0 ACTION=machine admit|refuse
HOST policy admit only after POLICY_REQUIRED; adb_rc=0
09-09 22:59:18.656  1069  1069 I MCLBENCH: > machine admit
09-09 22:59:18.704  1069  1122 I MCLBENCH: MACHINE policy admit status=0
09-09 22:59:18.789  1069  1097 I MCLBENCH: BLE ATT write uuid=6d636c00-0002-4d43-4c00-6d636c626c65 offset=0 prepared=false response=false bytes=800812C5ABB8EF46269E56000A0004D6B8785246
09-09 22:59:18.790  1069  1097 I MCLBENCH: BLE ATT write uuid=6d636c00-0002-4d43-4c00-6d636c626c65 offset=0 prepared=false response=false bytes=41269E566E06934F
09-09 22:59:18.790  1069  1097 I MCLBENCH: BLE frame in, 26 bytes
09-09 22:59:18.790  1069  1122 I MCLBENCH: MACHINE event=3 transport=3 profile=1 peer_ref=C5ABB8EF session_ref=46269E56 status=0
09-09 22:59:22.509  1069  1122 I MCLBENCH: AP RX hex=1002BB23A5FF0000013C
09-09 22:59:31.887  1069  1122 I MCLBENCH: AP RX hex=1002BB23A5FF0000013C
09-09 22:59:42.047  1069  1122 I MCLBENCH: AP RX hex=1002BB23A5FF0000013C
09-09 22:59:52.447  1069  1122 I MCLBENCH: AP RX hex=1002BB23A5FF0000013C
09-09 23:00:00.812  1069  1122 I MCLBENCH: AP RX hex=1002BB23A5FF0000013C
09-09 23:00:08.749  1069  1122 I MCLBENCH: AP RX hex=1002BB23A5FF0000013C
09-09 23:00:16.652  1069  1122 I MCLBENCH: AP RX hex=1002BB23A5FF0000013C
09-09 23:00:27.309  1069  1122 I MCLBENCH: AP RX hex=1002BB23A5FF0000013C
09-09 23:00:59.266  1069  1868 I MCLBENCH: BLE central disconnected
