esptool v5.2.0
Serial port COM3:
Connecting...
Connected to ESP32-S3 on COM3:
Chip type:          ESP32-S3 (QFN56) (revision v0.2)
Features:           Wi-Fi, BT 5 (LE), Dual Core + LP Core, 240MHz, Embedded PSRAM 8MB (AP_3v3)
Crystal frequency:  40MHz
USB mode:           USB-Serial/JTAG
MAC:                e8:f6:0a:86:7b:d8

Uploading stub flasher...
Running stub flasher...
Stub flasher running.
Changing baud rate to 921600...
Changed.

Configuring flash size...

Reading from 0x00021000 [                              ]   0.3% 4096/1276288 bytes... 

Reading from 0x00022000 [                              ]   0.6% 8192/1276288 bytes... 

Reading from 0x00023000 [                              ]   1.0% 12288/1276288 bytes... 

Reading from 0x00024000 [                              ]   1.3% 16384/1276288 bytes... 

Reading from 0x00025000 [                              ]   1.6% 20480/1276288 bytes... 

Reading from 0x00026000 [                              ]   1.9% 24576/1276288 bytes... 

Reading from 0x00027000 [                              ]   2.2% 28672/1276288 bytes... 

Reading from 0x00028000 [                              ]   2.6% 32768/1276288 bytes... 

Reading from 0x00029000 [                              ]   2.9% 36864/1276288 bytes... 

Reading from 0x0002a000 [                              ]   3.2% 40960/1276288 bytes... 

Reading from 0x0002b000 [>                             ]   3.5% 45056/1276288 bytes... 

Reading from 0x0002c000 [>                             ]   3.9% 49152/1276288 bytes... 

Reading from 0x0002d000 [>                             ]   4.2% 53248/1276288 bytes... 

Reading from 0x0002e000 [>                             ]   4.5% 57344/1276288 bytes... 

Reading from 0x0002f000 [>                             ]   4.8% 61440/1276288 bytes... 

Reading from 0x00030000 [>                             ]   5.1% 65536/1276288 bytes... 

Reading from 0x00031000 [>                             ]   5.5% 69632/1276288 bytes... 

Reading from 0x00032000 [>                             ]   5.8% 73728/1276288 bytes... 

Reading from 0x00033000 [>                             ]   6.1% 77824/1276288 bytes... 

Reading from 0x00034000 [>                             ]   6.4% 81920/1276288 bytes... 

Reading from 0x00035000 [=>                            ]   6.7% 86016/1276288 bytes... 

Reading from 0x00036000 [=>                            ]   7.1% 90112/1276288 bytes... 

Reading from 0x00037000 [=>                            ]   7.4% 94208/1276288 bytes... 

Reading from 0x00038000 [=>                            ]   7.7% 98304/1276288 bytes... 

Reading from 0x00039000 [=>                            ]   8.0% 102400/1276288 bytes... 

Reading from 0x0003a000 [=>                            ]   8.3% 106496/1276288 bytes... 

Reading from 0x0003b000 [=>                            ]   8.7% 110592/1276288 bytes... 

Reading from 0x0003c000 [=>                            ]   9.0% 114688/1276288 bytes... 

Reading from 0x0003d000 [=>                            ]   9.3% 118784/1276288 bytes... 

Reading from 0x0003e000 [=>                            ]   9.6% 122880/1276288 bytes... 

Reading from 0x0003f000 [=>                            ]   9.9% 126976/1276288 bytes... 

Reading from 0x00040000 [==>                           ]  10.3% 131072/1276288 bytes... 

Reading from 0x00041000 [==>                           ]  10.6% 135168/1276288 bytes... 

Reading from 0x00042000 [==>                           ]  10.9% 139264/1276288 bytes... 

Reading from 0x00043000 [==>                           ]  11.2% 143360/1276288 bytes... 

Reading from 0x00044000 [==>                           ]  11.6% 147456/1276288 bytes... 

Reading from 0x00045000 [==>                           ]  11.9% 151552/1276288 bytes... 

Reading from 0x00046000 [==>                           ]  12.2% 155648/1276288 bytes... 

Reading from 0x00047000 [==>                           ]  12.5% 159744/1276288 bytes... 

Reading from 0x00048000 [==>                           ]  12.8% 163840/1276288 bytes... 

Reading from 0x00049000 [==>                           ]  13.2% 167936/1276288 bytes... 

Reading from 0x0004a000 [===>                          ]  13.5% 172032/1276288 bytes... 

Reading from 0x0004b000 [===>                          ]  13.8% 176128/1276288 bytes... 

Reading from 0x0004c000 [===>                          ]  14.1% 180224/1276288 bytes... 

Reading from 0x0004d000 [===>                          ]  14.4% 184320/1276288 bytes... 

Reading from 0x0004e000 [===>                          ]  14.8% 188416/1276288 bytes... 

Reading from 0x0004f000 [===>                          ]  15.1% 192512/1276288 bytes... 

Reading from 0x00050000 [===>                          ]  15.4% 196608/1276288 bytes... 

Reading from 0x00051000 [===>                          ]  15.7% 200704/1276288 bytes... 

Reading from 0x00052000 [===>                          ]  16.0% 204800/1276288 bytes... 

Reading from 0x00053000 [===>                          ]  16.4% 208896/1276288 bytes... 

Reading from 0x00054000 [====>                         ]  16.7% 212992/1276288 bytes... 

Reading from 0x00055000 [====>                         ]  17.0% 217088/1276288 bytes... 

Reading from 0x00056000 [====>                         ]  17.3% 221184/1276288 bytes... 

Reading from 0x00057000 [====>                         ]  17.7% 225280/1276288 bytes... 

Reading from 0x00058000 [====>                         ]  18.0% 229376/1276288 bytes... 

Reading from 0x00059000 [====>                         ]  18.3% 233472/1276288 bytes... 

Reading from 0x0005a000 [====>                         ]  18.6% 237568/1276288 bytes... 

Reading from 0x0005b000 [====>                         ]  18.9% 241664/1276288 bytes... 

Reading from 0x0005c000 [====>                         ]  19.3% 245760/1276288 bytes... 

Reading from 0x0005d000 [====>                         ]  19.6% 249856/1276288 bytes... 

Reading from 0x0005e000 [====>                         ]  19.9% 253952/1276288 bytes... 

Reading from 0x0005f000 [=====>                        ]  20.2% 258048/1276288 bytes... 

Reading from 0x00060000 [=====>                        ]  20.5% 262144/1276288 bytes... 

Reading from 0x00061000 [=====>                        ]  20.9% 266240/1276288 bytes... 

Reading from 0x00062000 [=====>                        ]  21.2% 270336/1276288 bytes... 

Reading from 0x00063000 [=====>                        ]  21.5% 274432/1276288 bytes... 

Reading from 0x00064000 [=====>                        ]  21.8% 278528/1276288 bytes... 

Reading from 0x00065000 [=====>                        ]  22.1% 282624/1276288 bytes... 

Reading from 0x00066000 [=====>                        ]  22.5% 286720/1276288 bytes... 

Reading from 0x00067000 [=====>                        ]  22.8% 290816/1276288 bytes... 

Reading from 0x00068000 [=====>                        ]  23.1% 294912/1276288 bytes... 

Reading from 0x00069000 [======>                       ]  23.4% 299008/1276288 bytes... 

Reading from 0x0006a000 [======>                       ]  23.7% 303104/1276288 bytes... 

Reading from 0x0006b000 [======>                       ]  24.1% 307200/1276288 bytes... 

Reading from 0x0006c000 [======>                       ]  24.4% 311296/1276288 bytes... 

Reading from 0x0006d000 [======>                       ]  24.7% 315392/1276288 bytes... 

Reading from 0x0006e000 [======>                       ]  25.0% 319488/1276288 bytes... 

Reading from 0x0006f000 [======>                       ]  25.4% 323584/1276288 bytes... 

Reading from 0x00070000 [======>                       ]  25.7% 327680/1276288 bytes... 

Reading from 0x00071000 [======>                       ]  26.0% 331776/1276288 bytes... 

Reading from 0x00072000 [======>                       ]  26.3% 335872/1276288 bytes... 

Reading from 0x00073000 [======>                       ]  26.6% 339968/1276288 bytes... 

Reading from 0x00074000 [=======>                      ]  27.0% 344064/1276288 bytes... 

Reading from 0x00075000 [=======>                      ]  27.3% 348160/1276288 bytes... 

Reading from 0x00076000 [=======>                      ]  27.6% 352256/1276288 bytes... 

Reading from 0x00077000 [=======>                      ]  27.9% 356352/1276288 bytes... 

Reading from 0x00078000 [=======>                      ]  28.2% 360448/1276288 bytes... 

Reading from 0x00079000 [=======>                      ]  28.6% 364544/1276288 bytes... 

Reading from 0x0007a000 [=======>                      ]  28.9% 368640/1276288 bytes... 

Reading from 0x0007b000 [=======>                      ]  29.2% 372736/1276288 bytes... 

Reading from 0x0007c000 [=======>                      ]  29.5% 376832/1276288 bytes... 

Reading from 0x0007d000 [=======>                      ]  29.8% 380928/1276288 bytes... 

Reading from 0x0007e000 [========>                     ]  30.2% 385024/1276288 bytes... 

Reading from 0x0007f000 [========>                     ]  30.5% 389120/1276288 bytes... 

Reading from 0x00080000 [========>                     ]  30.8% 393216/1276288 bytes... 

Reading from 0x00081000 [========>                     ]  31.1% 397312/1276288 bytes... 

Reading from 0x00082000 [========>                     ]  31.5% 401408/1276288 bytes... 

Reading from 0x00083000 [========>                     ]  31.8% 405504/1276288 bytes... 

Reading from 0x00084000 [========>                     ]  32.1% 409600/1276288 bytes... 

Reading from 0x00085000 [========>                     ]  32.4% 413696/1276288 bytes... 

Reading from 0x00086000 [========>                     ]  32.7% 417792/1276288 bytes... 

Reading from 0x00087000 [========>                     ]  33.1% 421888/1276288 bytes... 

Reading from 0x00088000 [=========>                    ]  33.4% 425984/1276288 bytes... 

Reading from 0x00089000 [=========>                    ]  33.7% 430080/1276288 bytes... 

Reading from 0x0008a000 [=========>                    ]  34.0% 434176/1276288 bytes... 

Reading from 0x0008b000 [=========>                    ]  34.3% 438272/1276288 bytes... 

Reading from 0x0008c000 [=========>                    ]  34.7% 442368/1276288 bytes... 

Reading from 0x0008d000 [=========>                    ]  35.0% 446464/1276288 bytes... 

Reading from 0x0008e000 [=========>                    ]  35.3% 450560/1276288 bytes... 

Reading from 0x0008f000 [=========>                    ]  35.6% 454656/1276288 bytes... 

Reading from 0x00090000 [=========>                    ]  35.9% 458752/1276288 bytes... 

Reading from 0x00091000 [=========>                    ]  36.3% 462848/1276288 bytes... 

Reading from 0x00092000 [=========>                    ]  36.6% 466944/1276288 bytes... 

Reading from 0x00093000 [==========>                   ]  36.9% 471040/1276288 bytes... 

Reading from 0x00094000 [==========>                   ]  37.2% 475136/1276288 bytes... 

Reading from 0x00095000 [==========>                   ]  37.5% 479232/1276288 bytes... 

Reading from 0x00096000 [==========>                   ]  37.9% 483328/1276288 bytes... 

Reading from 0x00097000 [==========>                   ]  38.2% 487424/1276288 bytes... 

Reading from 0x00098000 [==========>                   ]  38.5% 491520/1276288 bytes... 

Reading from 0x00099000 [==========>                   ]  38.8% 495616/1276288 bytes... 

Reading from 0x0009a000 [==========>                   ]  39.2% 499712/1276288 bytes... 

Reading from 0x0009b000 [==========>                   ]  39.5% 503808/1276288 bytes... 

Reading from 0x0009c000 [==========>                   ]  39.8% 507904/1276288 bytes... 

Reading from 0x0009d000 [===========>                  ]  40.1% 512000/1276288 bytes... 

Reading from 0x0009e000 [===========>                  ]  40.4% 516096/1276288 bytes... 

Reading from 0x0009f000 [===========>                  ]  40.8% 520192/1276288 bytes... 

Reading from 0x000a0000 [===========>                  ]  41.1% 524288/1276288 bytes... 

Reading from 0x000a1000 [===========>                  ]  41.4% 528384/1276288 bytes... 

Reading from 0x000a2000 [===========>                  ]  41.7% 532480/1276288 bytes... 

Reading from 0x000a3000 [===========>                  ]  42.0% 536576/1276288 bytes... 

Reading from 0x000a4000 [===========>                  ]  42.4% 540672/1276288 bytes... 

Reading from 0x000a5000 [===========>                  ]  42.7% 544768/1276288 bytes... 

Reading from 0x000a6000 [===========>                  ]  43.0% 548864/1276288 bytes... 

Reading from 0x000a7000 [===========>                  ]  43.3% 552960/1276288 bytes... 

Reading from 0x000a8000 [============>                 ]  43.6% 557056/1276288 bytes... 

Reading from 0x000a9000 [============>                 ]  44.0% 561152/1276288 bytes... 

Reading from 0x000aa000 [============>                 ]  44.3% 565248/1276288 bytes... 

Reading from 0x000ab000 [============>                 ]  44.6% 569344/1276288 bytes... 

Reading from 0x000ac000 [============>                 ]  44.9% 573440/1276288 bytes... 

Reading from 0x000ad000 [============>                 ]  45.3% 577536/1276288 bytes... 

Reading from 0x000ae000 [============>                 ]  45.6% 581632/1276288 bytes... 

Reading from 0x000af000 [============>                 ]  45.9% 585728/1276288 bytes... 

Reading from 0x000b0000 [============>                 ]  46.2% 589824/1276288 bytes... 

Reading from 0x000b1000 [============>                 ]  46.5% 593920/1276288 bytes... 

Reading from 0x000b2000 [=============>                ]  46.9% 598016/1276288 bytes... 

Reading from 0x000b3000 [=============>                ]  47.2% 602112/1276288 bytes... 

Reading from 0x000b4000 [=============>                ]  47.5% 606208/1276288 bytes... 

Reading from 0x000b5000 [=============>                ]  47.8% 610304/1276288 bytes... 

Reading from 0x000b6000 [=============>                ]  48.1% 614400/1276288 bytes... 

Reading from 0x000b7000 [=============>                ]  48.5% 618496/1276288 bytes... 

Reading from 0x000b8000 [=============>                ]  48.8% 622592/1276288 bytes... 

Reading from 0x000b9000 [=============>                ]  49.1% 626688/1276288 bytes... 

Reading from 0x000ba000 [=============>                ]  49.4% 630784/1276288 bytes... 

Reading from 0x000bb000 [=============>                ]  49.7% 634880/1276288 bytes... 

Reading from 0x000bc000 [==============>               ]  50.1% 638976/1276288 bytes... 

Reading from 0x000bd000 [==============>               ]  50.4% 643072/1276288 bytes... 

Reading from 0x000be000 [==============>               ]  50.7% 647168/1276288 bytes... 

Reading from 0x000bf000 [==============>               ]  51.0% 651264/1276288 bytes... 

Reading from 0x000c0000 [==============>               ]  51.3% 655360/1276288 bytes... 

Reading from 0x000c1000 [==============>               ]  51.7% 659456/1276288 bytes... 

Reading from 0x000c2000 [==============>               ]  52.0% 663552/1276288 bytes... 

Reading from 0x000c3000 [==============>               ]  52.3% 667648/1276288 bytes... 

Reading from 0x000c4000 [==============>               ]  52.6% 671744/1276288 bytes... 

Reading from 0x000c5000 [==============>               ]  53.0% 675840/1276288 bytes... 

Reading from 0x000c6000 [==============>               ]  53.3% 679936/1276288 bytes... 

Reading from 0x000c7000 [===============>              ]  53.6% 684032/1276288 bytes... 

Reading from 0x000c8000 [===============>              ]  53.9% 688128/1276288 bytes... 

Reading from 0x000c9000 [===============>              ]  54.2% 692224/1276288 bytes... 

Reading from 0x000ca000 [===============>              ]  54.6% 696320/1276288 bytes... 

Reading from 0x000cb000 [===============>              ]  54.9% 700416/1276288 bytes... 

Reading from 0x000cc000 [===============>              ]  55.2% 704512/1276288 bytes... 

Reading from 0x000cd000 [===============>              ]  55.5% 708608/1276288 bytes... 

Reading from 0x000ce000 [===============>              ]  55.8% 712704/1276288 bytes... 

Reading from 0x000cf000 [===============>              ]  56.2% 716800/1276288 bytes... 

Reading from 0x000d0000 [===============>              ]  56.5% 720896/1276288 bytes... 

Reading from 0x000d1000 [================>             ]  56.8% 724992/1276288 bytes... 

Reading from 0x000d2000 [================>             ]  57.1% 729088/1276288 bytes... 

Reading from 0x000d3000 [================>             ]  57.4% 733184/1276288 bytes... 

Reading from 0x000d4000 [================>             ]  57.8% 737280/1276288 bytes... 

Reading from 0x000d5000 [================>             ]  58.1% 741376/1276288 bytes... 

Reading from 0x000d6000 [================>             ]  58.4% 745472/1276288 bytes... 

Reading from 0x000d7000 [================>             ]  58.7% 749568/1276288 bytes... 

Reading from 0x000d8000 [================>             ]  59.1% 753664/1276288 bytes... 

Reading from 0x000d9000 [================>             ]  59.4% 757760/1276288 bytes... 

Reading from 0x000da000 [================>             ]  59.7% 761856/1276288 bytes... 

Reading from 0x000db000 [=================>            ]  60.0% 765952/1276288 bytes... 

Reading from 0x000dc000 [=================>            ]  60.3% 770048/1276288 bytes... 

Reading from 0x000dd000 [=================>            ]  60.7% 774144/1276288 bytes... 

Reading from 0x000de000 [=================>            ]  61.0% 778240/1276288 bytes... 

Reading from 0x000df000 [=================>            ]  61.3% 782336/1276288 bytes... 

Reading from 0x000e0000 [=================>            ]  61.6% 786432/1276288 bytes... 

Reading from 0x000e1000 [=================>            ]  61.9% 790528/1276288 bytes... 

Reading from 0x000e2000 [=================>            ]  62.3% 794624/1276288 bytes... 

Reading from 0x000e3000 [=================>            ]  62.6% 798720/1276288 bytes... 

Reading from 0x000e4000 [=================>            ]  62.9% 802816/1276288 bytes... 

Reading from 0x000e5000 [=================>            ]  63.2% 806912/1276288 bytes... 

Reading from 0x000e6000 [==================>           ]  63.5% 811008/1276288 bytes... 

Reading from 0x000e7000 [==================>           ]  63.9% 815104/1276288 bytes... 

Reading from 0x000e8000 [==================>           ]  64.2% 819200/1276288 bytes... 

Reading from 0x000e9000 [==================>           ]  64.5% 823296/1276288 bytes... 

Reading from 0x000ea000 [==================>           ]  64.8% 827392/1276288 bytes... 

Reading from 0x000eb000 [==================>           ]  65.1% 831488/1276288 bytes... 

Reading from 0x000ec000 [==================>           ]  65.5% 835584/1276288 bytes... 

Reading from 0x000ed000 [==================>           ]  65.8% 839680/1276288 bytes... 

Reading from 0x000ee000 [==================>           ]  66.1% 843776/1276288 bytes... 

Reading from 0x000ef000 [==================>           ]  66.4% 847872/1276288 bytes... 

Reading from 0x000f0000 [===================>          ]  66.8% 851968/1276288 bytes... 

Reading from 0x000f1000 [===================>          ]  67.1% 856064/1276288 bytes... 

Reading from 0x000f2000 [===================>          ]  67.4% 860160/1276288 bytes... 

Reading from 0x000f3000 [===================>          ]  67.7% 864256/1276288 bytes... 

Reading from 0x000f4000 [===================>          ]  68.0% 868352/1276288 bytes... 

Reading from 0x000f5000 [===================>          ]  68.4% 872448/1276288 bytes... 

Reading from 0x000f6000 [===================>          ]  68.7% 876544/1276288 bytes... 

Reading from 0x000f7000 [===================>          ]  69.0% 880640/1276288 bytes... 

Reading from 0x000f8000 [===================>          ]  69.3% 884736/1276288 bytes... 

Reading from 0x000f9000 [===================>          ]  69.6% 888832/1276288 bytes... 

Reading from 0x000fa000 [===================>          ]  70.0% 892928/1276288 bytes... 

Reading from 0x000fb000 [====================>         ]  70.3% 897024/1276288 bytes... 

Reading from 0x000fc000 [====================>         ]  70.6% 901120/1276288 bytes... 

Reading from 0x000fd000 [====================>         ]  70.9% 905216/1276288 bytes... 

Reading from 0x000fe000 [====================>         ]  71.2% 909312/1276288 bytes... 

Reading from 0x000ff000 [====================>         ]  71.6% 913408/1276288 bytes... 

Reading from 0x00100000 [====================>         ]  71.9% 917504/1276288 bytes... 

Reading from 0x00101000 [====================>         ]  72.2% 921600/1276288 bytes... 

Reading from 0x00102000 [====================>         ]  72.5% 925696/1276288 bytes... 

Reading from 0x00103000 [====================>         ]  72.9% 929792/1276288 bytes... 

Reading from 0x00104000 [====================>         ]  73.2% 933888/1276288 bytes... 

Reading from 0x00105000 [=====================>        ]  73.5% 937984/1276288 bytes... 

Reading from 0x00106000 [=====================>        ]  73.8% 942080/1276288 bytes... 

Reading from 0x00107000 [=====================>        ]  74.1% 946176/1276288 bytes... 

Reading from 0x00108000 [=====================>        ]  74.5% 950272/1276288 bytes... 

Reading from 0x00109000 [=====================>        ]  74.8% 954368/1276288 bytes... 

Reading from 0x0010a000 [=====================>        ]  75.1% 958464/1276288 bytes... 

Reading from 0x0010b000 [=====================>        ]  75.4% 962560/1276288 bytes... 

Reading from 0x0010c000 [=====================>        ]  75.7% 966656/1276288 bytes... 

Reading from 0x0010d000 [=====================>        ]  76.1% 970752/1276288 bytes... 

Reading from 0x0010e000 [=====================>        ]  76.4% 974848/1276288 bytes... 

Reading from 0x0010f000 [======================>       ]  76.7% 978944/1276288 bytes... 

Reading from 0x00110000 [======================>       ]  77.0% 983040/1276288 bytes... 

Reading from 0x00111000 [======================>       ]  77.3% 987136/1276288 bytes... 

Reading from 0x00112000 [======================>       ]  77.7% 991232/1276288 bytes... 

Reading from 0x00113000 [======================>       ]  78.0% 995328/1276288 bytes... 

Reading from 0x00114000 [======================>       ]  78.3% 999424/1276288 bytes... 

Reading from 0x00115000 [======================>       ]  78.6% 1003520/1276288 bytes... 

Reading from 0x00116000 [======================>       ]  78.9% 1007616/1276288 bytes... 

Reading from 0x00117000 [======================>       ]  79.3% 1011712/1276288 bytes... 

Reading from 0x00118000 [======================>       ]  79.6% 1015808/1276288 bytes... 

Reading from 0x00119000 [======================>       ]  79.9% 1019904/1276288 bytes... 

Reading from 0x0011a000 [=======================>      ]  80.2% 1024000/1276288 bytes... 

Reading from 0x0011b000 [=======================>      ]  80.6% 1028096/1276288 bytes... 

Reading from 0x0011c000 [=======================>      ]  80.9% 1032192/1276288 bytes... 

Reading from 0x0011d000 [=======================>      ]  81.2% 1036288/1276288 bytes... 

Reading from 0x0011e000 [=======================>      ]  81.5% 1040384/1276288 bytes... 

Reading from 0x0011f000 [=======================>      ]  81.8% 1044480/1276288 bytes... 

Reading from 0x00120000 [=======================>      ]  82.2% 1048576/1276288 bytes... 

Reading from 0x00121000 [=======================>      ]  82.5% 1052672/1276288 bytes... 

Reading from 0x00122000 [=======================>      ]  82.8% 1056768/1276288 bytes... 

Reading from 0x00123000 [=======================>      ]  83.1% 1060864/1276288 bytes... 

Reading from 0x00124000 [========================>     ]  83.4% 1064960/1276288 bytes... 

Reading from 0x00125000 [========================>     ]  83.8% 1069056/1276288 bytes... 

Reading from 0x00126000 [========================>     ]  84.1% 1073152/1276288 bytes... 

Reading from 0x00127000 [========================>     ]  84.4% 1077248/1276288 bytes... 

Reading from 0x00128000 [========================>     ]  84.7% 1081344/1276288 bytes... 

Reading from 0x00129000 [========================>     ]  85.0% 1085440/1276288 bytes... 

Reading from 0x0012a000 [========================>     ]  85.4% 1089536/1276288 bytes... 

Reading from 0x0012b000 [========================>     ]  85.7% 1093632/1276288 bytes... 

Reading from 0x0012c000 [========================>     ]  86.0% 1097728/1276288 bytes... 

Reading from 0x0012d000 [========================>     ]  86.3% 1101824/1276288 bytes... 

Reading from 0x0012e000 [========================>     ]  86.7% 1105920/1276288 bytes... 

Reading from 0x0012f000 [=========================>    ]  87.0% 1110016/1276288 bytes... 

Reading from 0x00130000 [=========================>    ]  87.3% 1114112/1276288 bytes... 

Reading from 0x00131000 [=========================>    ]  87.6% 1118208/1276288 bytes... 

Reading from 0x00132000 [=========================>    ]  87.9% 1122304/1276288 bytes... 

Reading from 0x00133000 [=========================>    ]  88.3% 1126400/1276288 bytes... 

Reading from 0x00134000 [=========================>    ]  88.6% 1130496/1276288 bytes... 

Reading from 0x00135000 [=========================>    ]  88.9% 1134592/1276288 bytes... 

Reading from 0x00136000 [=========================>    ]  89.2% 1138688/1276288 bytes... 

Reading from 0x00137000 [=========================>    ]  89.5% 1142784/1276288 bytes... 

Reading from 0x00138000 [=========================>    ]  89.9% 1146880/1276288 bytes... 

Reading from 0x00139000 [==========================>   ]  90.2% 1150976/1276288 bytes... 

Reading from 0x0013a000 [==========================>   ]  90.5% 1155072/1276288 bytes... 

Reading from 0x0013b000 [==========================>   ]  90.8% 1159168/1276288 bytes... 

Reading from 0x0013c000 [==========================>   ]  91.1% 1163264/1276288 bytes... 

Reading from 0x0013d000 [==========================>   ]  91.5% 1167360/1276288 bytes... 

Reading from 0x0013e000 [==========================>   ]  91.8% 1171456/1276288 bytes... 

Reading from 0x0013f000 [==========================>   ]  92.1% 1175552/1276288 bytes... 

Reading from 0x00140000 [==========================>   ]  92.4% 1179648/1276288 bytes... 

Reading from 0x00141000 [==========================>   ]  92.7% 1183744/1276288 bytes... 

Reading from 0x00142000 [==========================>   ]  93.1% 1187840/1276288 bytes... 

Reading from 0x00143000 [===========================>  ]  93.4% 1191936/1276288 bytes... 

Reading from 0x00144000 [===========================>  ]  93.7% 1196032/1276288 bytes... 

Reading from 0x00145000 [===========================>  ]  94.0% 1200128/1276288 bytes... 

Reading from 0x00146000 [===========================>  ]  94.4% 1204224/1276288 bytes... 

Reading from 0x00147000 [===========================>  ]  94.7% 1208320/1276288 bytes... 

Reading from 0x00148000 [===========================>  ]  95.0% 1212416/1276288 bytes... 

Reading from 0x00149000 [===========================>  ]  95.3% 1216512/1276288 bytes... 

Reading from 0x0014a000 [===========================>  ]  95.6% 1220608/1276288 bytes... 

Reading from 0x0014b000 [===========================>  ]  96.0% 1224704/1276288 bytes... 

Reading from 0x0014c000 [===========================>  ]  96.3% 1228800/1276288 bytes... 

Reading from 0x0014d000 [===========================>  ]  96.6% 1232896/1276288 bytes... 

Reading from 0x0014e000 [============================> ]  96.9% 1236992/1276288 bytes... 

Reading from 0x0014f000 [============================> ]  97.2% 1241088/1276288 bytes... 

Reading from 0x00150000 [============================> ]  97.6% 1245184/1276288 bytes... 

Reading from 0x00151000 [============================> ]  97.9% 1249280/1276288 bytes... 

Reading from 0x00152000 [============================> ]  98.2% 1253376/1276288 bytes... 

Reading from 0x00153000 [============================> ]  98.5% 1257472/1276288 bytes... 

Reading from 0x00154000 [============================> ]  98.8% 1261568/1276288 bytes... 

Reading from 0x00155000 [============================> ]  99.2% 1265664/1276288 bytes... 

Reading from 0x00156000 [============================> ]  99.5% 1269760/1276288 bytes... 

Reading from 0x00157000 [============================> ]  99.8% 1273856/1276288 bytes... 

Reading from 0x00157980 [==============================] 100.0% 1276288/1276288 bytes... 
Read 1276288 bytes from 0x00020000 in 16.1 seconds (636.0 kbit/s) to 'tmp/audit-20260909-android/closure-readback.bin'.

Hard resetting via RTS pin...
