--------- beginning of main
09-09 22:43:16.689 29617 29617 I MCLBENCH: > machine start responder
09-09 22:43:16.729 29617 29656 I MCLBENCH: AUDIO capture open, source=VOICE_RECOGNITION rate=48000
09-09 22:43:16.729 29617 29656 I MCLBENCH: MACHINE started source_ref is local; poll_ms=10
09-09 22:43:18.299 29617 29656 I MCLBENCH: AUDIO play START requested=57600 duration_ms=1200 peak=32767 rms=15828 gain=1.0 state=1 buffer_frames=57600
09-09 22:43:18.387 29617 29656 I MCLBENCH: AUDIO track PLAYING play_state=3 session=17049
09-09 22:43:19.774 29617 29656 I MCLBENCH: AUDIO played 57600 samples head=57600 underruns=1 gain=1.0
09-09 22:43:24.968 29617 29656 I MCLBENCH: AUDIO play START requested=65280 duration_ms=1360 peak=32767 rms=16858 gain=1.0 state=1 buffer_frames=65280
09-09 22:43:25.044 29617 29656 I MCLBENCH: AUDIO track PLAYING play_state=3 session=17057
09-09 22:43:26.578 29617 29656 I MCLBENCH: AUDIO played 65280 samples head=65280 underruns=1 gain=1.0
09-09 22:43:26.580 29617 29656 I MCLBENCH: BLE ready advertiser=true scanner=true multi_adv=true
09-09 22:43:26.580 29617 29656 I MCLBENCH: BLE scan stopped, matches=0 uuid_only=0
09-09 22:43:26.599 29617 29656 I MCLBENCH: BLE scanning for token=5A483D1F beacon=000000005A483D1F
09-09 22:43:26.599 29617 29656 I MCLBENCH: MACHINE BLE-ACTIVATE scan initiated=true
09-09 22:43:27.026 29617 29617 I MCLBENCH: BLE scan MATCH addr=E8:F6:0A:86:7B:D9 rssi=-41 raw=1921656C626C636D004C434D0100006C636D000000005A483D1F000000000000000000000000000000000000000000000000000000000000000000000000
09-09 22:43:27.030 29617 29617 I MCLBENCH: BLE scan stopped, matches=1 uuid_only=0
09-09 22:43:27.035 29617 29617 I MCLBENCH: BLE connecting to E8:F6:0A:86:7B:D9
09-09 22:43:27.515 29617 29639 I MCLBENCH: BLE connected as central, discovering
09-09 22:43:28.260 29617 29634 I MCLBENCH: BLE candidate subscription status=0 ready=true
09-09 22:43:28.264 29617 29656 I MCLBENCH: MACHINE candidate ready status=0
09-09 22:43:28.271 29617 29634 I MCLBENCH: BLE frame in, 34 bytes
09-09 22:43:28.272 29617 29656 I MCLBENCH: MACHINE event=2 transport=3 profile=1 peer_ref=11A26BF0 session_ref=E8D0B060 status=0 ACTION=machine admit|refuse
HOST policy admit only after POLICY_REQUIRED; adb_rc=0
09-09 22:43:29.219 29617 29617 I MCLBENCH: > machine admit
09-09 22:43:29.269 29617 29656 I MCLBENCH: MACHINE policy admit status=0
09-09 22:43:29.390 29617 29639 I MCLBENCH: BLE frame in, 26 bytes
09-09 22:43:29.437 29617 29656 I MCLBENCH: MACHINE event=3 transport=3 profile=1 peer_ref=11A26BF0 session_ref=E8D0B060 status=0
09-09 22:45:17.657 29617 29634 I MCLBENCH: BLE central link down, status=19
