179303.978 WINDOWS source_ref=1AA858A6 provenance=LOCAL deployment=MCL-REFERENCE-DEPLOYMENT-1
179303.978 WINDOWS dll_sha256=9e94ef1a60316e816edbd60c35dfd009b6b71e062fd24c9a79232333e568bf7b
179304.134 WINDOWS AUDIO input_latency=0.08533333333333333 device=Microphone Array (Realtek(R) Audio)
179304.134 WINDOWS MACHINE start status=0 input=18 output=14
179304.890 WINDOWS AP TX bytes=10 hex=10021aa858a60000013c samples=57600
179314.046 WINDOWS AP TX bytes=10 hex=10021aa858a60000013c samples=57600
179324.945 WINDOWS AP TX bytes=10 hex=10021aa858a60000013c samples=57600
179334.854 WINDOWS AP TX bytes=10 hex=10021aa858a60000013c samples=57600
179344.239 WINDOWS AP TX bytes=10 hex=10021aa858a60000013c samples=57600
179352.389 WINDOWS AP TX bytes=10 hex=10021aa858a60000013c samples=57600
179361.030 WINDOWS AP TX bytes=10 hex=10021aa858a60000013c samples=57600
179365.306 WINDOWS AP RX bytes=17 hex=1802964ff9377bffd151030128ee36773c contacts=1
179368.564 WINDOWS AP TX bytes=16 hex=180a1aa858a67bffd15103010fbf5a51 samples=65280
179370.115 WINDOWS CANDIDATE open transport=3 profile=1 peer_token=28EE3677 local_token=00000000
179370.625 WINDOWS BLE activation failed BleakError: Thread is configured for Windows GUI but callbacks are not working.
179370.626 WINDOWS CANDIDATE close transport=3
179370.626 WINDOWS CANDIDATE refused status=0
179370.634 WINDOWS MACHINE event=6 transport=0 profile=0 peer_ref=00000000 session_ref=00000000 status=3 poll=0
179372.383 WINDOWS AP TX bytes=10 hex=10021aa858a60000013c samples=57600
179383.419 WINDOWS AP TX bytes=10 hex=10021aa858a60000013c samples=57600
179391.808 WINDOWS AP TX bytes=10 hex=10021aa858a60000013c samples=57600
179401.991 WINDOWS AP RX bytes=10 hex=1002964ff9370000013c contacts=1
179401.991 WINDOWS MACHINE event=1 transport=1 profile=0 peer_ref=964FF937 session_ref=00000000 status=0 poll=0
179402.491 WINDOWS AP TX bytes=17 hex=18021aa858a62e0039f7030103feae613c samples=66560
179408.994 WINDOWS AP RX bytes=16 hex=180a964ff9372e0039f703014eb45279 contacts=1
179410.080 WINDOWS AP TX bytes=17 hex=18021aa858a62e0039f7030103feae613c samples=66560
179413.815 WINDOWS AP RX bytes=16 hex=180a964ff9372e0039f703014eb45279 contacts=1
179417.657 WINDOWS AP TX bytes=17 hex=18021aa858a62e0039f7030103feae613c samples=66560
179420.892 WINDOWS AP RX bytes=16 hex=180a964ff9372e0039f703014eb45279 contacts=1
179424.153 WINDOWS AUDIO capture_samples=5758976 path=C:\Users\marsm\Downloads\mcl\tmp\audit-20260909-android\closure-fixed-cell1-windows.wav
179424.153 WINDOWS RESULT state=OFFERING established=0 audio_drops=0 fragment_rejections=0 max_audio_queue_ms=1565.9
