IMAGE=C:\Users\marsm\Downloads\mcl\mcl-sdk\hardware\dfr1154-autonomous-node\build\out\mcl-auto-node-staging.ino.bin
IMAGE_SHA256=111533F3F704689DD99C4CCACDB98EC3EAEB727EA1308221D77637246E39234B
IMAGE_BYTES=1274352
PORT=COM3
TARGET=0x20000 (application partition only)
esptool v5.2.0
Serial port COM3:
Connecting...
Connected to ESP32-S3 on COM3:
Chip type:          ESP32-S3 (QFN56) (revision v0.2)
Features:           Wi-Fi, BT 5 (LE), Dual Core + LP Core, 240MHz, Embedded PSRAM 8MB (AP_3v3)
Crystal frequency:  40MHz
USB mode:           USB-Serial/JTAG
MAC:                e8:f6:0a:86:7b:d8

Uploading stub flasher...
Running stub flasher...
Stub flasher running.
Changing baud rate to 921600...
Changed.

Configuring flash size...
Flash will be erased from 0x00020000 to 0x00157fff...
Compressed 1274352 bytes to 834651...

Writing at 0x00020000 [                              ]   0.0% 0/834651 bytes... 

Writing at 0x0002b74b [                              ]   2.0% 16384/834651 bytes... 

Writing at 0x00038064 [>                             ]   3.9% 32768/834651 bytes... 

Writing at 0x00040ffd [>                             ]   5.9% 49152/834651 bytes... 

Writing at 0x000495f8 [=>                            ]   7.9% 65536/834651 bytes... 

Writing at 0x000535e0 [=>                            ]   9.8% 81920/834651 bytes... 

Writing at 0x00059368 [==>                           ]  11.8% 98304/834651 bytes... 

Writing at 0x0005e7e4 [===>                          ]  13.7% 114688/834651 bytes... 

Writing at 0x00064941 [===>                          ]  15.7% 131072/834651 bytes... 

Writing at 0x0006acad [====>                         ]  17.7% 147456/834651 bytes... 

Writing at 0x00070bbb [====>                         ]  19.6% 163840/834651 bytes... 

Writing at 0x000767c1 [=====>                        ]  21.6% 180224/834651 bytes... 

Writing at 0x0007c008 [======>                       ]  23.6% 196608/834651 bytes... 

Writing at 0x00081850 [======>                       ]  25.5% 212992/834651 bytes... 

Writing at 0x00086959 [=======>                      ]  27.5% 229376/834651 bytes... 

Writing at 0x0008be26 [=======>                      ]  29.4% 245760/834651 bytes... 

Writing at 0x00091331 [========>                     ]  31.4% 262144/834651 bytes... 

Writing at 0x00096b0a [=========>                    ]  33.4% 278528/834651 bytes... 

Writing at 0x0009c2ad [=========>                    ]  35.3% 294912/834651 bytes... 

Writing at 0x000a1955 [==========>                   ]  37.3% 311296/834651 bytes... 

Writing at 0x000a6cb9 [==========>                   ]  39.3% 327680/834651 bytes... 

Writing at 0x000ac2c9 [===========>                  ]  41.2% 344064/834651 bytes... 

Writing at 0x000b2119 [===========>                  ]  43.2% 360448/834651 bytes... 

Writing at 0x000b807a [============>                 ]  45.1% 376832/834651 bytes... 

Writing at 0x000bd8fe [=============>                ]  47.1% 393216/834651 bytes... 

Writing at 0x000c31ab [=============>                ]  49.1% 409600/834651 bytes... 

Writing at 0x000c8ff4 [==============>               ]  51.0% 425984/834651 bytes... 

Writing at 0x000ce990 [==============>               ]  53.0% 442368/834651 bytes... 

Writing at 0x000d4471 [===============>              ]  55.0% 458752/834651 bytes... 

Writing at 0x000da244 [================>             ]  56.9% 475136/834651 bytes... 

Writing at 0x000df7ac [================>             ]  58.9% 491520/834651 bytes... 

Writing at 0x000e4c30 [=================>            ]  60.9% 507904/834651 bytes... 

Writing at 0x000ea28a [=================>            ]  62.8% 524288/834651 bytes... 

Writing at 0x000ef4a5 [==================>           ]  64.8% 540672/834651 bytes... 

Writing at 0x000f4851 [===================>          ]  66.7% 557056/834651 bytes... 

Writing at 0x000fa057 [===================>          ]  68.7% 573440/834651 bytes... 

Writing at 0x000ff636 [====================>         ]  70.7% 589824/834651 bytes... 

Writing at 0x00104bc2 [====================>         ]  72.6% 606208/834651 bytes... 

Writing at 0x00109ffd [=====================>        ]  74.6% 622592/834651 bytes... 

Writing at 0x0010f678 [=====================>        ]  76.6% 638976/834651 bytes... 

Writing at 0x0011551e [======================>       ]  78.5% 655360/834651 bytes... 

Writing at 0x0011af75 [=======================>      ]  80.5% 671744/834651 bytes... 

Writing at 0x00120741 [=======================>      ]  82.4% 688128/834651 bytes... 

Writing at 0x001270b7 [========================>     ]  84.4% 704512/834651 bytes... 

Writing at 0x0012f5f7 [========================>     ]  86.4% 720896/834651 bytes... 

Writing at 0x0013473f [=========================>    ]  88.3% 737280/834651 bytes... 

Writing at 0x00139eb9 [==========================>   ]  90.3% 753664/834651 bytes... 

Writing at 0x001405fa [==========================>   ]  92.3% 770048/834651 bytes... 

Writing at 0x0014591b [===========================>  ]  94.2% 786432/834651 bytes... 

Writing at 0x0014b713 [===========================>  ]  96.2% 802816/834651 bytes... 

Writing at 0x00151365 [============================> ]  98.1% 819200/834651 bytes... 

Writing at 0x001571f0 [==============================] 100.0% 834651/834651 bytes... 
Wrote 1274352 bytes (834651 compressed) at 0x00020000 in 11.6 seconds (876.7 kbit/s).
Verifying written data...
Hash of data verified.

Hard resetting via RTS pin...

Application partition written. Bootloader and partition table untouched.
Restore the factory application with RESTORE_DFR1154_APP.cmd when the campaign ends.
