IMAGE=C:\Users\marsm\Downloads\mcl\mcl-sdk\hardware\dfr1154-autonomous-node\build\out\mcl-auto-node-staging.ino.bin
IMAGE_SHA256=F6F64E234628054D7140EFCE17DB088FE15FE3E9CF3ED7F180F7F820F02ADCCF
IMAGE_BYTES=1274352
PORT=COM3
TARGET=0x20000 (application partition only)
esptool v5.2.0
Serial port COM3:
Connecting...
Connected to ESP32-S3 on COM3:
Chip type:          ESP32-S3 (QFN56) (revision v0.2)
Features:           Wi-Fi, BT 5 (LE), Dual Core + LP Core, 240MHz, Embedded PSRAM 8MB (AP_3v3)
Crystal frequency:  40MHz
USB mode:           USB-Serial/JTAG
MAC:                e8:f6:0a:86:7b:d8

Uploading stub flasher...
Running stub flasher...
Stub flasher running.
Changing baud rate to 921600...
Changed.

Configuring flash size...
Flash will be erased from 0x00020000 to 0x00157fff...
Compressed 1274352 bytes to 834643...

Writing at 0x00020000 [                              ]   0.0% 0/834643 bytes... 

Writing at 0x0002b758 [                              ]   2.0% 16384/834643 bytes... 

Writing at 0x00038072 [>                             ]   3.9% 32768/834643 bytes... 

Writing at 0x00041005 [>                             ]   5.9% 49152/834643 bytes... 

Writing at 0x00049610 [=>                            ]   7.9% 65536/834643 bytes... 

Writing at 0x000535ea [=>                            ]   9.8% 81920/834643 bytes... 

Writing at 0x00059377 [==>                           ]  11.8% 98304/834643 bytes... 

Writing at 0x0005e7ee [===>                          ]  13.7% 114688/834643 bytes... 

Writing at 0x0006494b [===>                          ]  15.7% 131072/834643 bytes... 

Writing at 0x0006acb2 [====>                         ]  17.7% 147456/834643 bytes... 

Writing at 0x00070bc7 [====>                         ]  19.6% 163840/834643 bytes... 

Writing at 0x000767c9 [=====>                        ]  21.6% 180224/834643 bytes... 

Writing at 0x0007c010 [======>                       ]  23.6% 196608/834643 bytes... 

Writing at 0x00081859 [======>                       ]  25.5% 212992/834643 bytes... 

Writing at 0x00086969 [=======>                      ]  27.5% 229376/834643 bytes... 

Writing at 0x0008be3b [=======>                      ]  29.4% 245760/834643 bytes... 

Writing at 0x0009133d [========>                     ]  31.4% 262144/834643 bytes... 

Writing at 0x00096b11 [=========>                    ]  33.4% 278528/834643 bytes... 

Writing at 0x0009c2b5 [=========>                    ]  35.3% 294912/834643 bytes... 

Writing at 0x000a195e [==========>                   ]  37.3% 311296/834643 bytes... 

Writing at 0x000a6cc0 [==========>                   ]  39.3% 327680/834643 bytes... 

Writing at 0x000ac2d1 [===========>                  ]  41.2% 344064/834643 bytes... 

Writing at 0x000b2122 [===========>                  ]  43.2% 360448/834643 bytes... 

Writing at 0x000b808b [============>                 ]  45.1% 376832/834643 bytes... 

Writing at 0x000bd907 [=============>                ]  47.1% 393216/834643 bytes... 

Writing at 0x000c31b9 [=============>                ]  49.1% 409600/834643 bytes... 

Writing at 0x000c8ffd [==============>               ]  51.0% 425984/834643 bytes... 

Writing at 0x000ce99f [==============>               ]  53.0% 442368/834643 bytes... 

Writing at 0x000d447a [===============>              ]  55.0% 458752/834643 bytes... 

Writing at 0x000da24b [================>             ]  56.9% 475136/834643 bytes... 

Writing at 0x000df7ba [================>             ]  58.9% 491520/834643 bytes... 

Writing at 0x000e4c3a [=================>            ]  60.9% 507904/834643 bytes... 

Writing at 0x000ea292 [=================>            ]  62.8% 524288/834643 bytes... 

Writing at 0x000ef4ae [==================>           ]  64.8% 540672/834643 bytes... 

Writing at 0x000f4859 [===================>          ]  66.7% 557056/834643 bytes... 

Writing at 0x000fa05f [===================>          ]  68.7% 573440/834643 bytes... 

Writing at 0x000ff63e [====================>         ]  70.7% 589824/834643 bytes... 

Writing at 0x00104bcb [====================>         ]  72.6% 606208/834643 bytes... 

Writing at 0x0010a00a [=====================>        ]  74.6% 622592/834643 bytes... 

Writing at 0x0010f688 [=====================>        ]  76.6% 638976/834643 bytes... 

Writing at 0x0011552c [======================>       ]  78.5% 655360/834643 bytes... 

Writing at 0x0011af6f [=======================>      ]  80.5% 671744/834643 bytes... 

Writing at 0x0012074d [=======================>      ]  82.4% 688128/834643 bytes... 

Writing at 0x001270c1 [========================>     ]  84.4% 704512/834643 bytes... 

Writing at 0x0012f601 [========================>     ]  86.4% 720896/834643 bytes... 

Writing at 0x00134749 [=========================>    ]  88.3% 737280/834643 bytes... 

Writing at 0x00139ec9 [==========================>   ]  90.3% 753664/834643 bytes... 

Writing at 0x00140602 [==========================>   ]  92.3% 770048/834643 bytes... 

Writing at 0x00145934 [===========================>  ]  94.2% 786432/834643 bytes... 

Writing at 0x0014b71c [===========================>  ]  96.2% 802816/834643 bytes... 

Writing at 0x00151372 [============================> ]  98.1% 819200/834643 bytes... 

Writing at 0x001571f0 [==============================] 100.0% 834643/834643 bytes... 
Wrote 1274352 bytes (834643 compressed) at 0x00020000 in 11.6 seconds (878.1 kbit/s).
Verifying written data...
Hash of data verified.

Hard resetting via RTS pin...

Application partition written. Bootloader and partition table untouched.
Restore the factory application with RESTORE_DFR1154_APP.cmd when the campaign ends.
